Component: ARM Compiler 5.06 update 6 (build 750) Tool: armlink [4d35ed]

==============================================================================

Section Cross References

    startup_stm32f103xb.o(RESET) refers to startup_stm32f103xb.o(STACK) for __initial_sp
    startup_stm32f103xb.o(RESET) refers to startup_stm32f103xb.o(.text) for Reset_Handler
    startup_stm32f103xb.o(RESET) refers to stm32f1xx_it.o(i.NMI_Handler) for NMI_Handler
    startup_stm32f103xb.o(RESET) refers to stm32f1xx_it.o(i.HardFault_Handler) for HardFault_Handler
    startup_stm32f103xb.o(RESET) refers to stm32f1xx_it.o(i.MemManage_Handler) for MemManage_Handler
    startup_stm32f103xb.o(RESET) refers to stm32f1xx_it.o(i.BusFault_Handler) for BusFault_Handler
    startup_stm32f103xb.o(RESET) refers to stm32f1xx_it.o(i.UsageFault_Handler) for UsageFault_Handler
    startup_stm32f103xb.o(RESET) refers to stm32f1xx_it.o(i.SVC_Handler) for SVC_Handler
    startup_stm32f103xb.o(RESET) refers to stm32f1xx_it.o(i.DebugMon_Handler) for DebugMon_Handler
    startup_stm32f103xb.o(RESET) refers to stm32f1xx_it.o(i.PendSV_Handler) for PendSV_Handler
    startup_stm32f103xb.o(RESET) refers to stm32f1xx_it.o(i.SysTick_Handler) for SysTick_Handler
    startup_stm32f103xb.o(RESET) refers to stm32f1xx_it.o(i.DMA1_Channel3_IRQHandler) for DMA1_Channel3_IRQHandler
    startup_stm32f103xb.o(RESET) refers to stm32f1xx_it.o(i.TIM1_UP_IRQHandler) for TIM1_UP_IRQHandler
    startup_stm32f103xb.o(RESET) refers to stm32f1xx_it.o(i.USART3_IRQHandler) for USART3_IRQHandler
    startup_stm32f103xb.o(RESET) refers to stm32f1xx_it.o(i.EXTI15_10_IRQHandler) for EXTI15_10_IRQHandler
    startup_stm32f103xb.o(.text) refers to system_stm32f1xx.o(i.SystemInit) for SystemInit
    startup_stm32f103xb.o(.text) refers to entry.o(.ARM.Collect$$$$00000000) for __main
    main.o(i.SystemClock_Config) refers to memseta.o(.text) for __aeabi_memclr4
    main.o(i.SystemClock_Config) refers to stm32f1xx_hal_rcc.o(i.HAL_RCC_OscConfig) for HAL_RCC_OscConfig
    main.o(i.SystemClock_Config) refers to stm32f1xx_hal_rcc.o(i.HAL_RCC_ClockConfig) for HAL_RCC_ClockConfig
    main.o(i.SystemClock_Config) refers to stm32f1xx_hal_rcc_ex.o(i.HAL_RCCEx_PeriphCLKConfig) for HAL_RCCEx_PeriphCLKConfig
    main.o(i.main) refers to stm32f1xx_hal.o(i.HAL_Init) for HAL_Init
    main.o(i.main) refers to main.o(i.SystemClock_Config) for SystemClock_Config
    main.o(i.main) refers to gpio.o(i.MX_GPIO_Init) for MX_GPIO_Init
    main.o(i.main) refers to dma.o(i.MX_DMA_Init) for MX_DMA_Init
    main.o(i.main) refers to usart.o(i.MX_USART1_UART_Init) for MX_USART1_UART_Init
    main.o(i.main) refers to adc.o(i.MX_ADC1_Init) for MX_ADC1_Init
    main.o(i.main) refers to adc.o(i.MX_ADC2_Init) for MX_ADC2_Init
    main.o(i.main) refers to usart.o(i.MX_USART3_UART_Init) for MX_USART3_UART_Init
    main.o(i.main) refers to tim.o(i.MX_TIM1_Init) for MX_TIM1_Init
    main.o(i.main) refers to dht11.o(i.lay_control) for lay_control
    main.o(i.main) refers to lcd_1602.o(i.LCD_INIT) for LCD_INIT
    main.o(i.main) refers to esp8266.o(i.start_esp8266) for start_esp8266
    main.o(i.main) refers to dht11.o(i.DHT11) for DHT11
    main.o(i.main) refers to stm32f1xx_hal_adc.o(i.HAL_ADC_Start) for HAL_ADC_Start
    main.o(i.main) refers to stm32f1xx_hal_adc.o(i.HAL_ADC_PollForConversion) for HAL_ADC_PollForConversion
    main.o(i.main) refers to stm32f1xx_hal_adc.o(i.HAL_ADC_GetValue) for HAL_ADC_GetValue
    main.o(i.main) refers to dfltui.o(.text) for __aeabi_ui2d
    main.o(i.main) refers to dmul.o(.text) for __aeabi_dmul
    main.o(i.main) refers to dscalb.o(.text) for __ARM_scalbn
    main.o(i.main) refers to d2f.o(.text) for __aeabi_d2f
    main.o(i.main) refers to f2d.o(.text) for __aeabi_f2d
    main.o(i.main) refers to printfa.o(i.__0sprintf) for __2sprintf
    main.o(i.main) refers to lcd_1602.o(i.lcd1602_show_string) for lcd1602_show_string
    main.o(i.main) refers to cfcmple.o(.text) for __aeabi_cfcmple
    main.o(i.main) refers to motor.o(i.motor_controld) for motor_controld
    main.o(i.main) refers to stm32f1xx_hal.o(i.HAL_Delay) for HAL_Delay
    main.o(i.main) refers to motor.o(i.motor_angle_cal) for motor_angle_cal
    main.o(i.main) refers to cfrcmple.o(.text) for __aeabi_cfrcmple
    main.o(i.main) refers to stm32f1xx_hal_gpio.o(i.HAL_GPIO_WritePin) for HAL_GPIO_WritePin
    main.o(i.main) refers to lcd_1602.o(i.LCD_CLR) for LCD_CLR
    main.o(i.main) refers to lcd_1602.o(i.ui_setting) for ui_setting
    main.o(i.main) refers to motor.o(.data) for direction
    main.o(i.main) refers to adc.o(.bss) for hadc1
    main.o(i.main) refers to dht11.o(.data) for light_data
    main.o(i.main) refers to dht11.o(.data) for soil_moisture_miner
    main.o(i.main) refers to dht11.o(.data) for soil_moisture_lager
    main.o(i.main) refers to gpio.o(.data) for botton
    main.o(i.main) refers to tim.o(.data) for time_right
    gpio.o(i.HAL_GPIO_EXTI_Callback) refers to gpio.o(.data) for .data
[...]
    Removing stm32f1xx_hal_uart.o(i.HAL_MultiProcessor_Init), (144 bytes).
    Removing stm32f1xx_hal_uart.o(i.HAL_UARTEx_GetRxEventType), (4 bytes).
    Removing stm32f1xx_hal_uart.o(i.HAL_UARTEx_ReceiveToIdle), (240 bytes).
    Removing stm32f1xx_hal_uart.o(i.HAL_UARTEx_ReceiveToIdle_DMA), (74 bytes).
    Removing stm32f1xx_hal_uart.o(i.HAL_UARTEx_ReceiveToIdle_IT), (78 bytes).
    Removing stm32f1xx_hal_uart.o(i.HAL_UART_Abort), (210 bytes).
    Removing stm32f1xx_hal_uart.o(i.HAL_UART_AbortCpltCallback), (2 bytes).
    Removing stm32f1xx_hal_uart.o(i.HAL_UART_AbortReceive), (148 bytes).
    Removing stm32f1xx_hal_uart.o(i.HAL_UART_AbortReceiveCpltCallback), (2 bytes).
    Removing stm32f1xx_hal_uart.o(i.HAL_UART_AbortReceive_IT), (152 bytes).
    Removing stm32f1xx_hal_uart.o(i.HAL_UART_AbortTransmit), (98 bytes).
    Removing stm32f1xx_hal_uart.o(i.HAL_UART_AbortTransmitCpltCallback), (2 bytes).
    Removing stm32f1xx_hal_uart.o(i.HAL_UART_AbortTransmit_IT), (104 bytes).
    Removing stm32f1xx_hal_uart.o(i.HAL_UART_Abort_IT), (244 bytes).
    Removing stm32f1xx_hal_uart.o(i.HAL_UART_DMAPause), (120 bytes).
    Removing stm32f1xx_hal_uart.o(i.HAL_UART_DMAResume), (114 bytes).
    Removing stm32f1xx_hal_uart.o(i.HAL_UART_DeInit), (54 bytes).
    Removing stm32f1xx_hal_uart.o(i.HAL_UART_GetError), (4 bytes).
    Removing stm32f1xx_hal_uart.o(i.HAL_UART_GetState), (10 bytes).
    Removing stm32f1xx_hal_uart.o(i.HAL_UART_MspDeInit), (2 bytes).
    Removing stm32f1xx_hal_uart.o(i.HAL_UART_MspInit), (2 bytes).
    Removing stm32f1xx_hal_uart.o(i.HAL_UART_Receive), (176 bytes).
    Removing stm32f1xx_hal_uart.o(i.HAL_UART_Receive_IT), (28 bytes).
    Removing stm32f1xx_hal_uart.o(i.HAL_UART_Transmit_DMA), (120 bytes).
    Removing stm32f1xx_hal_uart.o(i.HAL_UART_Transmit_IT), (50 bytes).
    Removing stm32f1xx_hal_uart.o(i.HAL_UART_TxHalfCpltCallback), (2 bytes).
    Removing stm32f1xx_hal_uart.o(i.UART_DMARxAbortCallback), (44 bytes).
    Removing stm32f1xx_hal_uart.o(i.UART_DMARxOnlyAbortCallback), (22 bytes).
    Removing stm32f1xx_hal_uart.o(i.UART_DMATransmitCplt), (66 bytes).
    Removing stm32f1xx_hal_uart.o(i.UART_DMATxAbortCallback), (44 bytes).
    Removing stm32f1xx_hal_uart.o(i.UART_DMATxHalfCplt), (10 bytes).
    Removing stm32f1xx_hal_uart.o(i.UART_DMATxOnlyAbortCallback), (20 bytes).
    Removing stm32f1xx_hal_uart.o(i.UART_Start_Receive_IT), (54 bytes).
    Removing system_stm32f1xx.o(.rev16_text), (4 bytes).
    Removing system_stm32f1xx.o(.revsh_text), (4 bytes).
    Removing system_stm32f1xx.o(.rrx_text), (6 bytes).
    Removing system_stm32f1xx.o(i.SystemCoreClockUpdate), (104 bytes).
    Removing lcd_1602.o(.rev16_text), (4 bytes).
    Removing lcd_1602.o(.revsh_text), (4 bytes).
    Removing lcd_1602.o(.rrx_text), (6 bytes).
    Removing lcd_1602.o(i.GPIO_ReadOutputData), (6 bytes).
    Removing lcd_1602.o(i.GPIO_Write), (4 bytes).
    Removing lcd_1602.o(.data), (4 bytes).
    Removing dht11.o(.rev16_text), (4 bytes).
    Removing dht11.o(.revsh_text), (4 bytes).
    Removing dht11.o(.rrx_text), (6 bytes).
    Removing motor.o(.rev16_text), (4 bytes).
    Removing motor.o(.revsh_text), (4 bytes).
    Removing motor.o(.rrx_text), (6 bytes).
    Removing motor.o(i.close_motor), (16 bytes).
    Removing esp8266.o(.rev16_text), (4 bytes).
    Removing esp8266.o(.revsh_text), (4 bytes).
    Removing esp8266.o(.rrx_text), (6 bytes).
    Removing esp8266.o(i.handle_esp8266), (160 bytes).
    Removing esp8266.o(i.handle_wifi_data), (372 bytes).
    Removing esp8266.o(i.send_wifi), (116 bytes).
    Removing esp8266.o(.data), (1 bytes).

425 unused section(s) (total 28343 bytes) removed from the image.

==============================================================================

Image Symbol Table

    Local Symbols

    Symbol Name                              Value     Ov Type        Size  Object(Section)

    ../Core/Src/adc.c                        0x00000000   Number         0  adc.o ABSOLUTE
    ../Core/Src/dma.c                        0x00000000   Number         0  dma.o ABSOLUTE
    ../Core/Src/gpio.c                       0x00000000   Number         0  gpio.o ABSOLUTE
    ../Core/Src/main.c                       0x00000000   Number         0  main.o ABSOLUTE
    ../Core/Src/stm32f1xx_hal_msp.c          0x00000000   Number         0  stm32f1xx_hal_msp.o ABSOLUTE
    ../Core/Src/stm32f1xx_it.c               0x00000000   Number         0  stm32f1xx_it.o ABSOLUTE
    ../Core/Src/system_stm32f1xx.c           0x00000000   Number         0  system_stm32f1xx.o ABSOLUTE
    ../Core/Src/tim.c                        0x00000000   Number         0  tim.o ABSOLUTE
    ../Core/Src/usart.c                      0x00000000   Number         0  usart.o ABSOLUTE
    ../Drivers/STM32F1xx_HAL_Driver/Src/stm32f1xx_hal.c 0x00000000   Number         0  stm32f1xx_hal.o ABSOLUTE
    ../Drivers/STM32F1xx_HAL_Driver/Src/stm32f1xx_hal_adc.c 0x00000000   Number         0  stm32f1xx_hal_adc.o ABSOLUTE
    ../Drivers/STM32F1xx_HAL_Driver/Src/stm32f1xx_hal_adc_ex.c 0x00000000   Number         0  stm32f1xx_hal_adc_ex.o ABSOLUTE
    ../Drivers/STM32F1xx_HAL_Driver/Src/stm32f1xx_hal_cortex.c 0x00000000   Number         0  stm32f1xx_hal_cortex.o ABSOLUTE
    ../Drivers/STM32F1xx_HAL_Driver/Src/stm32f1xx_hal_dma.c 0x00000000   Number         0  stm32f1xx_hal_dma.o ABSOLUTE
    ../Drivers/STM32F1xx_HAL_Driver/Src/stm32f1xx_hal_exti.c 0x00000000   Number         0  stm32f1xx_hal_exti.o ABSOLUTE
    ../Drivers/STM32F1xx_HAL_Driver/Src/stm32f1xx_hal_flash.c 0x00000000   Number         0  stm32f1xx_hal_flash.o ABSOLUTE
    ../Drivers/STM32F1xx_HAL_Driver/Src/stm32f1xx_hal_flash_ex.c 0x00000000   Number         0  stm32f1xx_hal_flash_ex.o ABSOLUTE
    ../Drivers/STM32F1xx_HAL_Driver/Src/stm32f1xx_hal_gpio.c 0x00000000   Number         0  stm32f1xx_hal_gpio.o ABSOLUTE
    ../Drivers/STM32F1xx_HAL_Driver/Src/stm32f1xx_hal_gpio_ex.c 0x00000000   Number         0  stm32f1xx_hal_gpio_ex.o ABSOLUTE
    ../Drivers/STM32F1xx_HAL_Driver/Src/stm32f1xx_hal_pwr.c 0x00000000   Number         0  stm32f1xx_hal_pwr.o ABSOLUTE
    ../Drivers/STM32F1xx_HAL_Driver/Src/stm32f1xx_hal_rcc.c 0x00000000   Number         0  stm32f1xx_hal_rcc.o ABSOLUTE
    ../Drivers/STM32F1xx_HAL_Driver/Src/stm32f1xx_hal_rcc_ex.c 0x00000000   Number         0  stm32f1xx_hal_rcc_ex.o ABSOLUTE
    ../Drivers/STM32F1xx_HAL_Driver/Src/stm32f1xx_hal_tim.c 0x00000000   Number         0  stm32f1xx_hal_tim.o ABSOLUTE
    ../Drivers/STM32F1xx_HAL_Driver/Src/stm32f1xx_hal_tim_ex.c 0x00000000   Number         0  stm32f1xx_hal_tim_ex.o ABSOLUTE
    ../Drivers/STM32F1xx_HAL_Driver/Src/stm32f1xx_hal_uart.c 0x00000000   Number         0  stm32f1xx_hal_uart.o ABSOLUTE
    ../clib/microlib/division.c              0x00000000   Number         0  uldiv.o ABSOLUTE
    ../clib/microlib/division.c              0x00000000   Number         0  uidiv.o ABSOLUTE
    ../clib/microlib/init/entry.s            0x00000000   Number         0  entry7a.o ABSOLUTE
    ../clib/microlib/init/entry.s            0x00000000   Number         0  entry9b.o ABSOLUTE
    ../clib/microlib/init/entry.s            0x00000000   Number         0  entry9a.o ABSOLUTE
    ../clib/microlib/init/entry.s            0x00000000   Number         0  entry8b.o ABSOLUTE
    ../clib/microlib/init/entry.s            0x00000000   Number         0  entry2.o ABSOLUTE
    ../clib/microlib/init/entry.s            0x00000000   Number         0  entry5.o ABSOLUTE
    ../clib/microlib/init/entry.s            0x00000000   Number         0  entry10a.o ABSOLUTE
    ../clib/microlib/init/entry.s            0x00000000   Number         0  entry7b.o ABSOLUTE
    ../clib/microlib/init/entry.s            0x00000000   Number         0  entry.o ABSOLUTE
    ../clib/microlib/init/entry.s            0x00000000   Number         0  entry11b.o ABSOLUTE
    ../clib/microlib/init/entry.s            0x00000000   Number         0  entry8a.o ABSOLUTE
    ../clib/microlib/init/entry.s            0x00000000   Number         0  entry11a.o ABSOLUTE
    ../clib/microlib/init/entry.s            0x00000000   Number         0  entry10b.o ABSOLUTE
    ../clib/microlib/longlong.c              0x00000000   Number         0  llsshr.o ABSOLUTE
    ../clib/microlib/longlong.c              0x00000000   Number         0  llushr.o ABSOLUTE
    ../clib/microlib/longlong.c              0x00000000   Number         0  llshl.o ABSOLUTE
    ../clib/microlib/printf/printf.c         0x00000000   Number         0  printf5.o ABSOLUTE
    ../clib/microlib/printf/printf.c         0x00000000   Number         0  printfb.o ABSOLUTE
    ../clib/microlib/printf/printf.c         0x00000000   Number         0  printf0.o ABSOLUTE
    ../clib/microlib/printf/printf.c         0x00000000   Number         0  printfa.o ABSOLUTE
    ../clib/microlib/printf/printf.c         0x00000000   Number         0  printf1.o ABSOLUTE
    ../clib/microlib/printf/printf.c         0x00000000   Number         0  printf2.o ABSOLUTE
    ../clib/microlib/printf/printf.c         0x00000000   Number         0  printf4.o ABSOLUTE
    ../clib/microlib/printf/printf.c         0x00000000   Number         0  printf6.o ABSOLUTE
    ../clib/microlib/printf/printf.c         0x00000000   Number         0  printf7.o ABSOLUTE
    ../clib/microlib/printf/printf.c         0x00000000   Number         0  printf8.o ABSOLUTE
    ../clib/microlib/printf/printf.c         0x00000000   Number         0  printf3.o ABSOLUTE
    ../clib/microlib/printf/stubs.s          0x00000000   Number         0  stubs.o ABSOLUTE
    ../clib/microlib/stdio/streams.c         0x00000000   Number         0  stdout.o ABSOLUTE
    ../clib/microlib/string/memcmp.c         0x00000000   Number         0  memcmp.o ABSOLUTE
    ../clib/microlib/string/memset.c         0x00000000   Number         0  memseta.o ABSOLUTE
    ../clib/microlib/stubs.s                 0x00000000   Number         0  iusefp.o ABSOLUTE
    ../fplib/microlib/d2f.c                  0x00000000   Number         0  d2f.o ABSOLUTE
    ../fplib/microlib/f2d.c                  0x00000000   Number         0  f2d.o ABSOLUTE
    ../fplib/microlib/fpadd.c                0x00000000   Number         0  dadd.o ABSOLUTE
    ../fplib/microlib/fpdiv.c                0x00000000   Number         0  ddiv.o ABSOLUTE
    ../fplib/microlib/fpepilogue.c           0x00000000   Number         0  fepilogue.o ABSOLUTE
    ../fplib/microlib/fpepilogue.c           0x00000000   Number         0  depilogue.o ABSOLUTE
    ../fplib/microlib/fpfix.c                0x00000000   Number         0  dfixi.o ABSOLUTE
    ../fplib/microlib/fpfix.c                0x00000000   Number         0  dfixul.o ABSOLUTE
    ../fplib/microlib/fpflt.c                0x00000000   Number         0  dfltui.o ABSOLUTE
    ../fplib/microlib/fpflt.c                0x00000000   Number         0  dflti.o ABSOLUTE
    ../fplib/microlib/fpmul.c                0x00000000   Number         0  dmul.o ABSOLUTE
    ../fplib/microlib/fpscalb.c              0x00000000   Number         0  dscalb.o ABSOLUTE
    ..\BSP\DHT11.c                           0x00000000   Number         0  dht11.o ABSOLUTE
    ..\BSP\esp8266.c                         0x00000000   Number         0  esp8266.o ABSOLUTE
    ..\BSP\lcd_1602.c                        0x00000000   Number         0  lcd_1602.o ABSOLUTE
    ..\BSP\motor.c                           0x00000000   Number         0  motor.o ABSOLUTE
    ..\Core\Src\adc.c                        0x00000000   Number         0  adc.o ABSOLUTE
    ..\Core\Src\dma.c                        0x00000000   Number         0  dma.o ABSOLUTE
    ..\Core\Src\gpio.c                       0x00000000   Number         0  gpio.o ABSOLUTE
    ..\Core\Src\main.c                       0x00000000   Number         0  main.o ABSOLUTE
    ..\Core\Src\stm32f1xx_hal_msp.c          0x00000000   Number         0  stm32f1xx_hal_msp.o ABSOLUTE
    ..\Core\Src\stm32f1xx_it.c               0x00000000   Number         0  stm32f1xx_it.o ABSOLUTE
    ..\Core\Src\system_stm32f1xx.c           0x00000000   Number         0  system_stm32f1xx.o ABSOLUTE
    ..\Core\Src\tim.c                        0x00000000   Number         0  tim.o ABSOLUTE
    ..\Core\Src\usart.c                      0x00000000   Number         0  usart.o ABSOLUTE
    ..\Drivers\STM32F1xx_HAL_Driver\Src\stm32f1xx_hal.c 0x00000000   Number         0  stm32f1xx_hal.o ABSOLUTE
    ..\Drivers\STM32F1xx_HAL_Driver\Src\stm32f1xx_hal_adc.c 0x00000000   Number         0  stm32f1xx_hal_adc.o ABSOLUTE
    ..\Drivers\STM32F1xx_HAL_Driver\Src\stm32f1xx_hal_adc_ex.c 0x00000000   Number         0  stm32f1xx_hal_adc_ex.o ABSOLUTE
    ..\Drivers\STM32F1xx_HAL_Driver\Src\stm32f1xx_hal_cortex.c 0x00000000   Number         0  stm32f1xx_hal_cortex.o ABSOLUTE
    ..\Drivers\STM32F1xx_HAL_Driver\Src\stm32f1xx_hal_dma.c 0x00000000   Number         0  stm32f1xx_hal_dma.o ABSOLUTE
    ..\Drivers\STM32F1xx_HAL_Driver\Src\stm32f1xx_hal_exti.c 0x00000000   Number         0  stm32f1xx_hal_exti.o ABSOLUTE
    ..\Drivers\STM32F1xx_HAL_Driver\Src\stm32f1xx_hal_flash.c 0x00000000   Number         0  stm32f1xx_hal_flash.o ABSOLUTE
    ..\Drivers\STM32F1xx_HAL_Driver\Src\stm32f1xx_hal_flash_ex.c 0x00000000   Number         0  stm32f1xx_hal_flash_ex.o ABSOLUTE
    ..\Drivers\STM32F1xx_HAL_Driver\Src\stm32f1xx_hal_gpio.c 0x00000000   Number         0  stm32f1xx_hal_gpio.o ABSOLUTE
    ..\Drivers\STM32F1xx_HAL_Driver\Src\stm32f1xx_hal_gpio_ex.c 0x00000000   Number         0  stm32f1xx_hal_gpio_ex.o ABSOLUTE
    ..\Drivers\STM32F1xx_HAL_Driver\Src\stm32f1xx_hal_pwr.c 0x00000000   Number         0  stm32f1xx_hal_pwr.o ABSOLUTE
    ..\Drivers\STM32F1xx_HAL_Driver\Src\stm32f1xx_hal_rcc.c 0x00000000   Number         0  stm32f1xx_hal_rcc.o ABSOLUTE
    ..\Drivers\STM32F1xx_HAL_Driver\Src\stm32f1xx_hal_rcc_ex.c 0x00000000   Number         0  stm32f1xx_hal_rcc_ex.o ABSOLUTE
    ..\Drivers\STM32F1xx_HAL_Driver\Src\stm32f1xx_hal_tim.c 0x00000000   Number         0  stm32f1xx_hal_tim.o ABSOLUTE
    ..\Drivers\STM32F1xx_HAL_Driver\Src\stm32f1xx_hal_tim_ex.c 0x00000000   Number         0  stm32f1xx_hal_tim_ex.o ABSOLUTE
    ..\Drivers\STM32F1xx_HAL_Driver\Src\stm32f1xx_hal_uart.c 0x00000000   Number         0  stm32f1xx_hal_uart.o ABSOLUTE
    ..\\BSP\\DHT11.c                         0x00000000   Number         0  dht11.o ABSOLUTE
    ..\\BSP\\esp8266.c                       0x00000000   Number         0  esp8266.o ABSOLUTE
    ..\\BSP\\lcd_1602.c                      0x00000000   Number         0  lcd_1602.o ABSOLUTE
    ..\\BSP\\motor.c                         0x00000000   Number         0  motor.o ABSOLUTE
    cdrcmple.s                               0x00000000   Number         0  cdrcmple.o ABSOLUTE
    cfcmple.s                                0x00000000   Number         0  cfcmple.o ABSOLUTE
    cfrcmple.s                               0x00000000   Number         0  cfrcmple.o ABSOLUTE
    dc.s                                     0x00000000   Number         0  dc.o ABSOLUTE
    handlers.s                               0x00000000   Number         0  handlers.o ABSOLUTE
    init.s                                   0x00000000   Number         0  init.o ABSOLUTE
    startup_stm32f103xb.s                    0x00000000   Number         0  startup_stm32f103xb.o ABSOLUTE
    RESET                                    0x08000000   Section      236  startup_stm32f103xb.o(RESET)
    .ARM.Collect$$$$00000000                 0x080000ec   Section        0  entry.o(.ARM.Collect$$$$00000000)
    .ARM.Collect$$$$00000001                 0x080000ec   Section        4  entry2.o(.ARM.Collect$$$$00000001)
    .ARM.Collect$$$$00000004                 0x080000f0   Section        4  entry5.o(.ARM.Collect$$$$00000004)
    .ARM.Collect$$$$00000008                 0x080000f4   Section        0  entry7b.o(.ARM.Collect$$$$00000008)
    .ARM.Collect$$$$0000000A                 0x080000f4   Section        0  entry8b.o(.ARM.Collect$$$$0000000A)
    .ARM.Collect$$$$0000000B                 0x080000f4   Section        8  entry9a.o(.ARM.Collect$$$$0000000B)
    .ARM.Collect$$$$0000000D                 0x080000fc   Section        0  entry10a.o(.ARM.Collect$$$$0000000D)
    .ARM.Collect$$$$0000000F                 0x080000fc   Section        0  entry11a.o(.ARM.Collect$$$$0000000F)
    .ARM.Collect$$$$00002712                 0x080000fc   Section        4  entry2.o(.ARM.Collect$$$$00002712)
    __lit__00000000                          0x080000fc   Data           4  entry2.o(.ARM.Collect$$$$00002712)
    .text                                    0x08000100   Section       36  startup_stm32f103xb.o(.text)
    .text                                    0x08000124   Section        0  llushr.o(.text)
    .text                                    0x08000144   Section        0  memseta.o(.text)
    .text                                    0x08000168   Section        0  dadd.o(.text)
    .text                                    0x080002b6   Section        0  dmul.o(.text)
    .text                                    0x0800039a   Section        0  ddiv.o(.text)
    .text                                    0x08000478   Section        0  dscalb.o(.text)
    .text                                    0x080004a6   Section        0  dflti.o(.text)
    .text                                    0x080004c8   Section        0  dfltui.o(.text)
    .text                                    0x080004e2   Section        0  dfixi.o(.text)
    .text                                    0x08000520   Section        0  f2d.o(.text)
    .text                                    0x08000546   Section        0  d2f.o(.text)
    .text                                    0x08000580   Section       20  cfcmple.o(.text)
    .text                                    0x08000594   Section       20  cfrcmple.o(.text)
    .text                                    0x080005a8   Section        0  uidiv.o(.text)
    .text                                    0x080005d4   Section        0  uldiv.o(.text)
    .text                                    0x08000636   Section        0  llshl.o(.text)
    .text                                    0x08000654   Section        0  llsshr.o(.text)
    .text                                    0x08000678   Section        0  fepilogue.o(.text)
    .text                                    0x08000678   Section        0  iusefp.o(.text)
    .text                                    0x080006e6   Section        0  depilogue.o(.text)
    .text                                    0x080007a0   Section        0  dfixul.o(.text)
    .text                                    0x080007d0   Section       48  cdrcmple.o(.text)
    .text                                    0x08000800   Section       36  init.o(.text)
    i.ADC_ConversionStop_Disable             0x08000824   Section        0  stm32f1xx_hal_adc.o(i.ADC_ConversionStop_Disable)
    i.ADC_Enable                             0x0800087c   Section        0  stm32f1xx_hal_adc.o(i.ADC_Enable)
    i.BusFault_Handler                       0x080008f8   Section        0  stm32f1xx_it.o(i.BusFault_Handler)
    i.Coarse_delay_us                        0x080008fc   Section        0  dht11.o(i.Coarse_delay_us)
    i.DHT11                                  0x08000918   Section        0  dht11.o(i.DHT11)
    i.DHT11_Check                            0x0800092c   Section        0  dht11.o(i.DHT11_Check)
    i.DHT11_GPIO_MODE_SET                    0x0800094c   Section        0  dht11.o(i.DHT11_GPIO_MODE_SET)
    DHT11_GPIO_MODE_SET                      0x0800094d   Thumb Code    42  dht11.o(i.DHT11_GPIO_MODE_SET)
    i.DHT11_READ_BIT                         0x0800097c   Section        0  dht11.o(i.DHT11_READ_BIT)
    i.DHT11_READ_BYTE                        0x080009b8   Section        0  dht11.o(i.DHT11_READ_BYTE)
    i.DHT11_READ_DATA                        0x080009d8   Section        0  dht11.o(i.DHT11_READ_DATA)
    i.DHT11_START                            0x08000ad4   Section        0  dht11.o(i.DHT11_START)
    i.DMA1_Channel3_IRQHandler               0x08000afc   Section        0  stm32f1xx_it.o(i.DMA1_Channel3_IRQHandler)
    i.DMA_SetConfig                          0x08000b08   Section        0  stm32f1xx_hal_dma.o(i.DMA_SetConfig)
    DMA_SetConfig                            0x08000b09   Thumb Code    42  stm32f1xx_hal_dma.o(i.DMA_SetConfig)
    i.DebugMon_Handler                       0x08000b32   Section        0  stm32f1xx_it.o(i.DebugMon_Handler)
    i.EXTI15_10_IRQHandler                   0x08000b34   Section        0  stm32f1xx_it.o(i.EXTI15_10_IRQHandler)
    i.Error_Handler                          0x08000b52   Section        0  main.o(i.Error_Handler)
    i.HAL_ADC_ConfigChannel                  0x08000b58   Section        0  stm32f1xx_hal_adc.o(i.HAL_ADC_ConfigChannel)
    i.HAL_ADC_GetValue                       0x08000c54   Section        0  stm32f1xx_hal_adc.o(i.HAL_ADC_GetValue)
    i.HAL_ADC_Init                           0x08000c5c   Section        0  stm32f1xx_hal_adc.o(i.HAL_ADC_Init)
    i.HAL_ADC_MspInit                        0x08000d78   Section        0  adc.o(i.HAL_ADC_MspInit)
    i.HAL_ADC_PollForConversion              0x08000e00   Section        0  stm32f1xx_hal_adc.o(i.HAL_ADC_PollForConversion)
    i.HAL_ADC_Start                          0x08000f3c   Section        0  stm32f1xx_hal_adc.o(i.HAL_ADC_Start)
    i.HAL_DMA_Abort                          0x08000ffc   Section        0  stm32f1xx_hal_dma.o(i.HAL_DMA_Abort)
    i.HAL_DMA_Abort_IT                       0x08001044   Section        0  stm32f1xx_hal_dma.o(i.HAL_DMA_Abort_IT)
    i.HAL_DMA_IRQHandler                     0x080010dc   Section        0  stm32f1xx_hal_dma.o(i.HAL_DMA_IRQHandler)
    i.HAL_DMA_Init                           0x08001230   Section        0  stm32f1xx_hal_dma.o(i.HAL_DMA_Init)
    i.HAL_DMA_Start_IT                       0x0800128c   Section        0  stm32f1xx_hal_dma.o(i.HAL_DMA_Start_IT)
    i.HAL_Delay                              0x080012fc   Section        0  stm32f1xx_hal.o(i.HAL_Delay)
    i.HAL_GPIO_EXTI_Callback                 0x08001320   Section        0  gpio.o(i.HAL_GPIO_EXTI_Callback)
    i.HAL_GPIO_EXTI_IRQHandler               0x08001348   Section        0  stm32f1xx_hal_gpio.o(i.HAL_GPIO_EXTI_IRQHandler)
    i.HAL_GPIO_Init                          0x08001360   Section        0  stm32f1xx_hal_gpio.o(i.HAL_GPIO_Init)
    i.HAL_GPIO_ReadPin                       0x08001540   Section        0  stm32f1xx_hal_gpio.o(i.HAL_GPIO_ReadPin)
    i.HAL_GPIO_WritePin                      0x0800154a   Section        0  stm32f1xx_hal_gpio.o(i.HAL_GPIO_WritePin)
    i.HAL_GetTick                            0x08001554   Section        0  stm32f1xx_hal.o(i.HAL_GetTick)
    i.HAL_IncTick                            0x08001560   Section        0  stm32f1xx_hal.o(i.HAL_IncTick)
    i.HAL_Init                               0x08001570   Section        0  stm32f1xx_hal.o(i.HAL_Init)
    i.HAL_InitTick                           0x08001594   Section        0  stm32f1xx_hal.o(i.HAL_InitTick)
    i.HAL_MspInit                            0x080015d4   Section        0  stm32f1xx_hal_msp.o(i.HAL_MspInit)
    i.HAL_NVIC_EnableIRQ                     0x08001610   Section        0  stm32f1xx_hal_cortex.o(i.HAL_NVIC_EnableIRQ)
    i.HAL_NVIC_SetPriority                   0x0800162c   Section        0  stm32f1xx_hal_cortex.o(i.HAL_NVIC_SetPriority)
    i.HAL_NVIC_SetPriorityGrouping           0x0800166c   Section        0  stm32f1xx_hal_cortex.o(i.HAL_NVIC_SetPriorityGrouping)
    i.HAL_RCCEx_GetPeriphCLKFreq             0x08001690   Section        0  stm32f1xx_hal_rcc_ex.o(i.HAL_RCCEx_GetPeriphCLKFreq)
    i.HAL_RCCEx_PeriphCLKConfig              0x08001734   Section        0  stm32f1xx_hal_rcc_ex.o(i.HAL_RCCEx_PeriphCLKConfig)
    i.HAL_RCC_ClockConfig                    0x08001820   Section        0  stm32f1xx_hal_rcc.o(i.HAL_RCC_ClockConfig)
    i.HAL_RCC_GetHCLKFreq                    0x0800194c   Section        0  stm32f1xx_hal_rcc.o(i.HAL_RCC_GetHCLKFreq)
    i.HAL_RCC_GetPCLK1Freq                   0x08001958   Section        0  stm32f1xx_hal_rcc.o(i.HAL_RCC_GetPCLK1Freq)
    i.HAL_RCC_GetPCLK2Freq                   0x08001978   Section        0  stm32f1xx_hal_rcc.o(i.HAL_RCC_GetPCLK2Freq)
    i.HAL_RCC_GetSysClockFreq                0x08001998   Section        0  stm32f1xx_hal_rcc.o(i.HAL_RCC_GetSysClockFreq)
    i.HAL_RCC_OscConfig                      0x080019e4   Section        0  stm32f1xx_hal_rcc.o(i.HAL_RCC_OscConfig)
    i.HAL_SYSTICK_Config                     0x08001d04   Section        0  stm32f1xx_hal_cortex.o(i.HAL_SYSTICK_Config)
    i.HAL_TIMEx_BreakCallback                0x08001d2c   Section        0  stm32f1xx_hal_tim_ex.o(i.HAL_TIMEx_BreakCallback)
    i.HAL_TIMEx_CommutCallback               0x08001d2e   Section        0  stm32f1xx_hal_tim_ex.o(i.HAL_TIMEx_CommutCallback)
    i.HAL_TIMEx_MasterConfigSynchronization  0x08001d30   Section        0  stm32f1xx_hal_tim_ex.o(i.HAL_TIMEx_MasterConfigSynchronization)
    i.HAL_TIM_Base_Init                      0x08001d98   Section        0  stm32f1xx_hal_tim.o(i.HAL_TIM_Base_Init)
    i.HAL_TIM_Base_MspInit                   0x08001df4   Section        0  tim.o(i.HAL_TIM_Base_MspInit)
    i.HAL_TIM_Base_Start_IT                  0x08001e30   Section        0  stm32f1xx_hal_tim.o(i.HAL_TIM_Base_Start_IT)
    i.HAL_TIM_ConfigClockSource              0x08001e88   Section        0  stm32f1xx_hal_tim.o(i.HAL_TIM_ConfigClockSource)
    i.HAL_TIM_IC_CaptureCallback             0x08001f64   Section        0  stm32f1xx_hal_tim.o(i.HAL_TIM_IC_CaptureCallback)
    i.HAL_TIM_IRQHandler                     0x08001f66   Section        0  stm32f1xx_hal_tim.o(i.HAL_TIM_IRQHandler)
    i.HAL_TIM_OC_DelayElapsedCallback        0x08002096   Section        0  stm32f1xx_hal_tim.o(i.HAL_TIM_OC_DelayElapsedCallback)
    i.HAL_TIM_PWM_PulseFinishedCallback      0x08002098   Section        0  stm32f1xx_hal_tim.o(i.HAL_TIM_PWM_PulseFinishedCallback)
    i.HAL_TIM_PeriodElapsedCallback          0x0800209c   Section        0  tim.o(i.HAL_TIM_PeriodElapsedCallback)
    i.HAL_TIM_TriggerCallback                0x080020cc   Section        0  stm32f1xx_hal_tim.o(i.HAL_TIM_TriggerCallback)
    i.HAL_UARTEx_RxEventCallback             0x080020ce   Section        0  stm32f1xx_hal_uart.o(i.HAL_UARTEx_RxEventCallback)
    i.HAL_UART_DMAStop                       0x080020d0   Section        0  stm32f1xx_hal_uart.o(i.HAL_UART_DMAStop)
    i.HAL_UART_ErrorCallback                 0x08002140   Section        0  stm32f1xx_hal_uart.o(i.HAL_UART_ErrorCallback)
    i.HAL_UART_IRQHandler                    0x08002144   Section        0  stm32f1xx_hal_uart.o(i.HAL_UART_IRQHandler)
    i.HAL_UART_Init                          0x080023b0   Section        0  stm32f1xx_hal_uart.o(i.HAL_UART_Init)
    i.HAL_UART_MspInit                       0x08002414   Section        0  usart.o(i.HAL_UART_MspInit)
    i.HAL_UART_Receive_DMA                   0x08002514   Section        0  stm32f1xx_hal_uart.o(i.HAL_UART_Receive_DMA)
    i.HAL_UART_RxCpltCallback                0x08002530   Section        0  stm32f1xx_hal_uart.o(i.HAL_UART_RxCpltCallback)
    i.HAL_UART_RxHalfCpltCallback            0x08002532   Section        0  stm32f1xx_hal_uart.o(i.HAL_UART_RxHalfCpltCallback)
    i.HAL_UART_Transmit                      0x08002534   Section        0  stm32f1xx_hal_uart.o(i.HAL_UART_Transmit)
    i.HAL_UART_TxCpltCallback                0x080025d4   Section        0  stm32f1xx_hal_uart.o(i.HAL_UART_TxCpltCallback)
    i.HardFault_Handler                      0x080025d6   Section        0  stm32f1xx_it.o(i.HardFault_Handler)
    i.LCD_CLR                                0x080025d8   Section        0  lcd_1602.o(i.LCD_CLR)
    i.LCD_INIT                               0x080025de   Section        0  lcd_1602.o(i.LCD_INIT)
    i.LCD_WRITE_CMD                          0x080025fc   Section        0  lcd_1602.o(i.LCD_WRITE_CMD)
    i.LCD_WRITE_DATA                         0x08002668   Section        0  lcd_1602.o(i.LCD_WRITE_DATA)
    i.MX_ADC1_Init                           0x080026d0   Section        0  adc.o(i.MX_ADC1_Init)
    i.MX_ADC2_Init                           0x08002720   Section        0  adc.o(i.MX_ADC2_Init)
    i.MX_DMA_Init                            0x08002770   Section        0  dma.o(i.MX_DMA_Init)
    i.MX_GPIO_Init                           0x0800279c   Section        0  gpio.o(i.MX_GPIO_Init)
    i.MX_TIM1_Init                           0x080028f0   Section        0  tim.o(i.MX_TIM1_Init)
    i.MX_USART1_UART_Init                    0x0800295c   Section        0  usart.o(i.MX_USART1_UART_Init)
    i.MX_USART3_UART_Init                    0x08002994   Section        0  usart.o(i.MX_USART3_UART_Init)
    i.MemManage_Handler                      0x080029e4   Section        0  stm32f1xx_it.o(i.MemManage_Handler)
    i.NMI_Handler                            0x080029e6   Section        0  stm32f1xx_it.o(i.NMI_Handler)
    i.PendSV_Handler                         0x080029e8   Section        0  stm32f1xx_it.o(i.PendSV_Handler)
    i.SVC_Handler                            0x080029ea   Section        0  stm32f1xx_it.o(i.SVC_Handler)
    i.SysTick_Handler                        0x080029ec   Section        0  stm32f1xx_it.o(i.SysTick_Handler)
    i.SystemClock_Config                     0x080029f0   Section        0  main.o(i.SystemClock_Config)
    i.SystemInit                             0x08002a68   Section        0  system_stm32f1xx.o(i.SystemInit)
    i.TIM1_UP_IRQHandler                     0x08002a6c   Section        0  stm32f1xx_it.o(i.TIM1_UP_IRQHandler)
    i.TIM_Base_SetConfig                     0x08002a78   Section        0  stm32f1xx_hal_tim.o(i.TIM_Base_SetConfig)
    i.TIM_ETR_SetConfig                      0x08002af0   Section        0  stm32f1xx_hal_tim.o(i.TIM_ETR_SetConfig)
    i.TIM_ITRx_SetConfig                     0x08002b04   Section        0  stm32f1xx_hal_tim.o(i.TIM_ITRx_SetConfig)
    TIM_ITRx_SetConfig                       0x08002b05   Thumb Code    16  stm32f1xx_hal_tim.o(i.TIM_ITRx_SetConfig)
    i.TIM_TI1_ConfigInputStage               0x08002b14   Section        0  stm32f1xx_hal_tim.o(i.TIM_TI1_ConfigInputStage)
    TIM_TI1_ConfigInputStage                 0x08002b15   Thumb Code    34  stm32f1xx_hal_tim.o(i.TIM_TI1_ConfigInputStage)
    i.TIM_TI2_ConfigInputStage               0x08002b36   Section        0  stm32f1xx_hal_tim.o(i.TIM_TI2_ConfigInputStage)
    TIM_TI2_ConfigInputStage                 0x08002b37   Thumb Code    36  stm32f1xx_hal_tim.o(i.TIM_TI2_ConfigInputStage)
    i.UART_DMAAbortOnError                   0x08002b5a   Section        0  stm32f1xx_hal_uart.o(i.UART_DMAAbortOnError)
    UART_DMAAbortOnError                     0x08002b5b   Thumb Code    16  stm32f1xx_hal_uart.o(i.UART_DMAAbortOnError)
    i.UART_DMAError                          0x08002b6a   Section        0  stm32f1xx_hal_uart.o(i.UART_DMAError)
    UART_DMAError                            0x08002b6b   Thumb Code    74  stm32f1xx_hal_uart.o(i.UART_DMAError)
    i.UART_DMAReceiveCplt                    0x08002bb4   Section        0  stm32f1xx_hal_uart.o(i.UART_DMAReceiveCplt)
    UART_DMAReceiveCplt                      0x08002bb5   Thumb Code   134  stm32f1xx_hal_uart.o(i.UART_DMAReceiveCplt)
    i.UART_DMARxHalfCplt                     0x08002c3a   Section        0  stm32f1xx_hal_uart.o(i.UART_DMARxHalfCplt)
    UART_DMARxHalfCplt                       0x08002c3b   Thumb Code    30  stm32f1xx_hal_uart.o(i.UART_DMARxHalfCplt)
    i.UART_EndRxTransfer                     0x08002c58   Section        0  stm32f1xx_hal_uart.o(i.UART_EndRxTransfer)
    UART_EndRxTransfer                       0x08002c59   Thumb Code    78  stm32f1xx_hal_uart.o(i.UART_EndRxTransfer)
    i.UART_EndTxTransfer                     0x08002ca6   Section        0  stm32f1xx_hal_uart.o(i.UART_EndTxTransfer)
    UART_EndTxTransfer                       0x08002ca7   Thumb Code    28  stm32f1xx_hal_uart.o(i.UART_EndTxTransfer)
    i.UART_Receive_IT                        0x08002cc2   Section        0  stm32f1xx_hal_uart.o(i.UART_Receive_IT)
    UART_Receive_IT                          0x08002cc3   Thumb Code   194  stm32f1xx_hal_uart.o(i.UART_Receive_IT)
    i.UART_SetConfig                         0x08002d84   Section        0  stm32f1xx_hal_uart.o(i.UART_SetConfig)
    UART_SetConfig                           0x08002d85   Thumb Code   178  stm32f1xx_hal_uart.o(i.UART_SetConfig)
    i.UART_Start_Receive_DMA                 0x08002e3c   Section        0  stm32f1xx_hal_uart.o(i.UART_Start_Receive_DMA)
    i.UART_WaitOnFlagUntilTimeout            0x08002ecc   Section        0  stm32f1xx_hal_uart.o(i.UART_WaitOnFlagUntilTimeout)
    UART_WaitOnFlagUntilTimeout              0x08002ecd   Thumb Code   114  stm32f1xx_hal_uart.o(i.UART_WaitOnFlagUntilTimeout)
    i.USART3_IRQHandler                      0x08002f40   Section        0  stm32f1xx_it.o(i.USART3_IRQHandler)
    i.UsageFault_Handler                     0x08002f88   Section        0  stm32f1xx_it.o(i.UsageFault_Handler)
    i.__0sprintf                             0x08002f8c   Section        0  printfa.o(i.__0sprintf)
    i.__NVIC_SetPriority                     0x08002fb4   Section        0  stm32f1xx_hal_cortex.o(i.__NVIC_SetPriority)
    __NVIC_SetPriority                       0x08002fb5   Thumb Code    32  stm32f1xx_hal_cortex.o(i.__NVIC_SetPriority)
    i.__scatterload_copy                     0x08002fd4   Section       14  handlers.o(i.__scatterload_copy)
    i.__scatterload_null                     0x08002fe2   Section        2  handlers.o(i.__scatterload_null)
    i.__scatterload_zeroinit                 0x08002fe4   Section       14  handlers.o(i.__scatterload_zeroinit)
    i._fp_digits                             0x08002ff4   Section        0  printfa.o(i._fp_digits)
    _fp_digits                               0x08002ff5   Thumb Code   366  printfa.o(i._fp_digits)
    i._printf_core                           0x08003178   Section        0  printfa.o(i._printf_core)
    _printf_core                             0x08003179   Thumb Code  1744  printfa.o(i._printf_core)
    i._printf_post_padding                   0x08003854   Section        0  printfa.o(i._printf_post_padding)
    _printf_post_padding                     0x08003855   Thumb Code    36  printfa.o(i._printf_post_padding)
    i._printf_pre_padding                    0x08003878   Section        0  printfa.o(i._printf_pre_padding)
    _printf_pre_padding                      0x08003879   Thumb Code    46  printfa.o(i._printf_pre_padding)
    i._sputc                                 0x080038a6   Section        0  printfa.o(i._sputc)
    _sputc                                   0x080038a7   Thumb Code    10  printfa.o(i._sputc)
    i.lay_control                            0x080038b0   Section        0  dht11.o(i.lay_control)
    i.lcd1602_show_string                    0x080038c0   Section        0  lcd_1602.o(i.lcd1602_show_string)
    i.main                                   0x0800392c   Section        0  main.o(i.main)
    i.motor_angle_cal                        0x08003b18   Section        0  motor.o(i.motor_angle_cal)
    i.motor_controld                         0x08003b40   Section        0  motor.o(i.motor_controld)
    i.start_esp8266                          0x08003c0c   Section        0  esp8266.o(i.start_esp8266)
    i.ui_setting                             0x08003d0c   Section        0  lcd_1602.o(i.ui_setting)
    .constdata                               0x08003f8c   Section       18  stm32f1xx_hal_rcc.o(.constdata)
    aPredivFactorTable                       0x08003f8c   Data           2  stm32f1xx_hal_rcc.o(.constdata)
    aPLLMULFactorTable                       0x08003f8e   Data          16  stm32f1xx_hal_rcc.o(.constdata)
    .constdata                               0x08003f9e   Section       18  stm32f1xx_hal_rcc_ex.o(.constdata)
    aPredivFactorTable                       0x08003f9e   Data           2  stm32f1xx_hal_rcc_ex.o(.constdata)
    aPLLMULFactorTable                       0x08003fa0   Data          16  stm32f1xx_hal_rcc_ex.o(.constdata)
    .constdata                               0x08003fb0   Section       16  system_stm32f1xx.o(.constdata)
    .constdata                               0x08003fc0   Section        8  system_stm32f1xx.o(.constdata)
    .data                                    0x20000000   Section        1  gpio.o(.data)
    .data                                    0x20000004   Section        8  tim.o(.data)
    i                                        0x20000008   Data           4  tim.o(.data)
    .data                                    0x2000000c   Section        1  usart.o(.data)
    .data                                    0x2000000d   Section        1  usart.o(.data)
    .data                                    0x20000010   Section       12  stm32f1xx_hal.o(.data)
    .data                                    0x2000001c   Section        4  system_stm32f1xx.o(.data)
    .data                                    0x20000020   Section        1  dht11.o(.data)
    .data                                    0x20000024   Section        4  dht11.o(.data)
    .data                                    0x20000028   Section        4  dht11.o(.data)
    .data                                    0x2000002c   Section        4  dht11.o(.data)
    .data                                    0x20000030   Section        4  motor.o(.data)
    .data                                    0x20000034   Section        2  motor.o(.data)
    .bss                                     0x20000038   Section       96  adc.o(.bss)
    .bss                                     0x20000098   Section       72  tim.o(.bss)
    .bss                                     0x200000e0   Section    10212  usart.o(.bss)
    STACK                                    0x200028c8   Section     1024  startup_stm32f103xb.o(STACK)

    Global Symbols

    Symbol Name                              Value     Ov Type        Size  Object(Section)

    BuildAttributes$$THM_ISAv4$P$D$K$B$S$PE$A:L22UL41UL21$X:L11$S22US41US21$IEEE1$IW$USESV6$~STKCKD$USESV7$~SHL$OTIME$ROPI$EBA8$MICROLIB$REQ8$PRES8$EABIv2 0x00000000   Number         0  anon$$obj.o ABSOLUTE
    __ARM_use_no_argv                        0x00000000   Number         0  main.o ABSOLUTE
    _printf_a                                0x00000000   Number         0  stubs.o ABSOLUTE
    _printf_c                                0x00000000   Number         0  stubs.o ABSOLUTE
    _printf_charcount                        0x00000000   Number         0  stubs.o ABSOLUTE
    _printf_d                                0x00000000   Number         0  stubs.o ABSOLUTE
    _printf_e                                0x00000000   Number         0  stubs.o ABSOLUTE
    _printf_f                                0x00000000   Number         0  stubs.o ABSOLUTE
    _printf_flags                            0x00000000   Number         0  stubs.o ABSOLUTE
    _printf_fp_dec                           0x00000000   Number         0  stubs.o ABSOLUTE
    _printf_fp_hex                           0x00000000   Number         0  stubs.o ABSOLUTE
    _printf_g                                0x00000000   Number         0  stubs.o ABSOLUTE
    _printf_i                                0x00000000   Number         0  stubs.o ABSOLUTE
    _printf_int_dec                          0x00000000   Number         0  stubs.o ABSOLUTE
    _printf_l                                0x00000000   Number         0  stubs.o ABSOLUTE
    _printf_lc                               0x00000000   Number         0  stubs.o ABSOLUTE
    _printf_ll                               0x00000000   Number         0  stubs.o ABSOLUTE
    _printf_lld                              0x00000000   Number         0  stubs.o ABSOLUTE
    _printf_lli                              0x00000000   Number         0  stubs.o ABSOLUTE
    _printf_llo                              0x00000000   Number         0  stubs.o ABSOLUTE
    _printf_llu                              0x00000000   Number         0  stubs.o ABSOLUTE
    _printf_llx                              0x00000000   Number         0  stubs.o ABSOLUTE
    _printf_longlong_dec                     0x00000000   Number         0  stubs.o ABSOLUTE
    _printf_longlong_hex                     0x00000000   Number         0  stubs.o ABSOLUTE
    _printf_longlong_oct                     0x00000000   Number         0  stubs.o ABSOLUTE
    _printf_ls                               0x00000000   Number         0  stubs.o ABSOLUTE
    _printf_mbtowc                           0x00000000   Number         0  stubs.o ABSOLUTE
    _printf_n                                0x00000000   Number         0  stubs.o ABSOLUTE
    _printf_o                                0x00000000   Number         0  stubs.o ABSOLUTE
    _printf_p                                0x00000000   Number         0  stubs.o ABSOLUTE
    _printf_percent                          0x00000000   Number         0  stubs.o ABSOLUTE
    _printf_pre_padding                      0x00000000   Number         0  stubs.o ABSOLUTE
    _printf_return_value                     0x00000000   Number         0  stubs.o ABSOLUTE
    _printf_s                                0x00000000   Number         0  stubs.o ABSOLUTE
    _printf_sizespec                         0x00000000   Number         0  stubs.o ABSOLUTE
    _printf_str                              0x00000000   Number         0  stubs.o ABSOLUTE
    _printf_truncate_signed                  0x00000000   Number         0  stubs.o ABSOLUTE
    _printf_truncate_unsigned                0x00000000   Number         0  stubs.o ABSOLUTE
    _printf_u                                0x00000000   Number         0  stubs.o ABSOLUTE
    _printf_wc                               0x00000000   Number         0  stubs.o ABSOLUTE
    _printf_wctomb                           0x00000000   Number         0  stubs.o ABSOLUTE
    _printf_widthprec                        0x00000000   Number         0  stubs.o ABSOLUTE
    _printf_x                                0x00000000   Number         0  stubs.o ABSOLUTE
    __cpp_initialize__aeabi_                  - Undefined Weak Reference
    __cxa_finalize                            - Undefined Weak Reference
    __decompress                              - Undefined Weak Reference
    _clock_init                               - Undefined Weak Reference
    _microlib_exit                            - Undefined Weak Reference
    __Vectors_Size                           0x000000ec   Number         0  startup_stm32f103xb.o ABSOLUTE
    __Vectors                                0x08000000   Data           4  startup_stm32f103xb.o(RESET)
    __Vectors_End                            0x080000ec   Data           0  startup_stm32f103xb.o(RESET)
    __main                                   0x080000ed   Thumb Code     0  entry.o(.ARM.Collect$$$$00000000)
    _main_stk                                0x080000ed   Thumb Code     0  entry2.o(.ARM.Collect$$$$00000001)
    _main_scatterload                        0x080000f1   Thumb Code     0  entry5.o(.ARM.Collect$$$$00000004)
    __main_after_scatterload                 0x080000f5   Thumb Code     0  entry5.o(.ARM.Collect$$$$00000004)
    _main_clock                              0x080000f5   Thumb Code     0  entry7b.o(.ARM.Collect$$$$00000008)
    _main_cpp_init                           0x080000f5   Thumb Code     0  entry8b.o(.ARM.Collect$$$$0000000A)
    _main_init                               0x080000f5   Thumb Code     0  entry9a.o(.ARM.Collect$$$$0000000B)
    __rt_final_cpp                           0x080000fd   Thumb Code     0  entry10a.o(.ARM.Collect$$$$0000000D)
    __rt_final_exit                          0x080000fd   Thumb Code     0  entry11a.o(.ARM.Collect$$$$0000000F)
    Reset_Handler                            0x08000101   Thumb Code     8  startup_stm32f103xb.o(.text)
    ADC1_2_IRQHandler                        0x0800011b   Thumb Code     0  startup_stm32f103xb.o(.text)
    CAN1_RX1_IRQHandler                      0x0800011b   Thumb Code     0  startup_stm32f103xb.o(.text)
    CAN1_SCE_IRQHandler                      0x0800011b   Thumb Code     0  startup_stm32f103xb.o(.text)
    DMA1_Channel1_IRQHandler                 0x0800011b   Thumb Code     0  startup_stm32f103xb.o(.text)
    DMA1_Channel2_IRQHandler                 0x0800011b   Thumb Code     0  startup_stm32f103xb.o(.text)
    DMA1_Channel4_IRQHandler                 0x0800011b   Thumb Code     0  startup_stm32f103xb.o(.text)
    DMA1_Channel5_IRQHandler                 0x0800011b   Thumb Code     0  startup_stm32f103xb.o(.text)
    DMA1_Channel6_IRQHandler                 0x0800011b   Thumb Code     0  startup_stm32f103xb.o(.text)
    DMA1_Channel7_IRQHandler                 0x0800011b   Thumb Code     0  startup_stm32f103xb.o(.text)
    EXTI0_IRQHandler                         0x0800011b   Thumb Code     0  startup_stm32f103xb.o(.text)
    EXTI1_IRQHandler                         0x0800011b   Thumb Code     0  startup_stm32f103xb.o(.text)
    EXTI2_IRQHandler                         0x0800011b   Thumb Code     0  startup_stm32f103xb.o(.text)
    EXTI3_IRQHandler                         0x0800011b   Thumb Code     0  startup_stm32f103xb.o(.text)
    EXTI4_IRQHandler                         0x0800011b   Thumb Code     0  startup_stm32f103xb.o(.text)
    EXTI9_5_IRQHandler                       0x0800011b   Thumb Code     0  startup_stm32f103xb.o(.text)
    FLASH_IRQHandler                         0x0800011b   Thumb Code     0  startup_stm32f103xb.o(.text)
    I2C1_ER_IRQHandler                       0x0800011b   Thumb Code     0  startup_stm32f103xb.o(.text)
    I2C1_EV_IRQHandler                       0x0800011b   Thumb Code     0  startup_stm32f103xb.o(.text)
    I2C2_ER_IRQHandler                       0x0800011b   Thumb Code     0  startup_stm32f103xb.o(.text)
    I2C2_EV_IRQHandler                       0x0800011b   Thumb Code     0  startup_stm32f103xb.o(.text)
    PVD_IRQHandler                           0x0800011b   Thumb Code     0  startup_stm32f103xb.o(.text)
    RCC_IRQHandler                           0x0800011b   Thumb Code     0  startup_stm32f103xb.o(.text)
    RTC_Alarm_IRQHandler                     0x0800011b   Thumb Code     0  startup_stm32f103xb.o(.text)
    RTC_IRQHandler                           0x0800011b   Thumb Code     0  startup_stm32f103xb.o(.text)
    SPI1_IRQHandler                          0x0800011b   Thumb Code     0  startup_stm32f103xb.o(.text)
    SPI2_IRQHandler                          0x0800011b   Thumb Code     0  startup_stm32f103xb.o(.text)
    TAMPER_IRQHandler                        0x0800011b   Thumb Code     0  startup_stm32f103xb.o(.text)
    TIM1_BRK_IRQHandler                      0x0800011b   Thumb Code     0  startup_stm32f103xb.o(.text)
    TIM1_CC_IRQHandler                       0x0800011b   Thumb Code     0  startup_stm32f103xb.o(.text)
    TIM1_TRG_COM_IRQHandler                  0x0800011b   Thumb Code     0  startup_stm32f103xb.o(.text)
    TIM2_IRQHandler                          0x0800011b   Thumb Code     0  startup_stm32f103xb.o(.text)
    TIM3_IRQHandler                          0x0800011b   Thumb Code     0  startup_stm32f103xb.o(.text)
    TIM4_IRQHandler                          0x0800011b   Thumb Code     0  startup_stm32f103xb.o(.text)
    USART1_IRQHandler                        0x0800011b   Thumb Code     0  startup_stm32f103xb.o(.text)
    USART2_IRQHandler                        0x0800011b   Thumb Code     0  startup_stm32f103xb.o(.text)
    USBWakeUp_IRQHandler                     0x0800011b   Thumb Code     0  startup_stm32f103xb.o(.text)
    USB_HP_CAN1_TX_IRQHandler                0x0800011b   Thumb Code     0  startup_stm32f103xb.o(.text)
    USB_LP_CAN1_RX0_IRQHandler               0x0800011b   Thumb Code     0  startup_stm32f103xb.o(.text)
    WWDG_IRQHandler                          0x0800011b   Thumb Code     0  startup_stm32f103xb.o(.text)
    __aeabi_llsr                             0x08000125   Thumb Code    32  llushr.o(.text)
    _ll_ushift_r                             0x08000125   Thumb Code     0  llushr.o(.text)
    __aeabi_memset                           0x08000145   Thumb Code    14  memseta.o(.text)
    __aeabi_memset4                          0x08000145   Thumb Code     0  memseta.o(.text)
    __aeabi_memset8                          0x08000145   Thumb Code     0  memseta.o(.text)
    __aeabi_memclr                           0x08000153   Thumb Code     4  memseta.o(.text)
    __aeabi_memclr4                          0x08000153   Thumb Code     0  memseta.o(.text)
    __aeabi_memclr8                          0x08000153   Thumb Code     0  memseta.o(.text)
    _memset$wrapper                          0x08000157   Thumb Code    18  memseta.o(.text)
    __aeabi_dadd                             0x08000169   Thumb Code   322  dadd.o(.text)
    __aeabi_dsub                             0x080002ab   Thumb Code     6  dadd.o(.text)
    __aeabi_drsub                            0x080002b1   Thumb Code     6  dadd.o(.text)
    __aeabi_dmul                             0x080002b7   Thumb Code   228  dmul.o(.text)
    __aeabi_ddiv                             0x0800039b   Thumb Code   222  ddiv.o(.text)
    __ARM_scalbn                             0x08000479   Thumb Code    46  dscalb.o(.text)
    scalbn                                   0x08000479   Thumb Code     0  dscalb.o(.text)
    __aeabi_i2d                              0x080004a7   Thumb Code    34  dflti.o(.text)
    __aeabi_ui2d                             0x080004c9   Thumb Code    26  dfltui.o(.text)
    __aeabi_d2iz                             0x080004e3   Thumb Code    62  dfixi.o(.text)
    __aeabi_f2d                              0x08000521   Thumb Code    38  f2d.o(.text)
    __aeabi_d2f                              0x08000547   Thumb Code    56  d2f.o(.text)
    __aeabi_cfcmpeq                          0x08000581   Thumb Code     0  cfcmple.o(.text)
    __aeabi_cfcmple                          0x08000581   Thumb Code    20  cfcmple.o(.text)
    __aeabi_cfrcmple                         0x08000595   Thumb Code    20  cfrcmple.o(.text)
    __aeabi_uidiv                            0x080005a9   Thumb Code     0  uidiv.o(.text)
    __aeabi_uidivmod                         0x080005a9   Thumb Code    44  uidiv.o(.text)
    __aeabi_uldivmod                         0x080005d5   Thumb Code    98  uldiv.o(.text)
    __aeabi_llsl                             0x08000637   Thumb Code    30  llshl.o(.text)
    _ll_shift_l                              0x08000637   Thumb Code     0  llshl.o(.text)
    __aeabi_lasr                             0x08000655   Thumb Code    36  llsshr.o(.text)
    _ll_sshift_r                             0x08000655   Thumb Code     0  llsshr.o(.text)
    __I$use$fp                               0x08000679   Thumb Code     0  iusefp.o(.text)
    _float_round                             0x08000679   Thumb Code    18  fepilogue.o(.text)
    _float_epilogue                          0x0800068b   Thumb Code    92  fepilogue.o(.text)
    _double_round                            0x080006e7   Thumb Code    30  depilogue.o(.text)
    _double_epilogue                         0x08000705   Thumb Code   156  depilogue.o(.text)
    __aeabi_d2ulz                            0x080007a1   Thumb Code    48  dfixul.o(.text)
    __aeabi_cdrcmple                         0x080007d1   Thumb Code    48  cdrcmple.o(.text)
    __scatterload                            0x08000801   Thumb Code    28  init.o(.text)
    __scatterload_rt2                        0x08000801   Thumb Code     0  init.o(.text)
    ADC_ConversionStop_Disable               0x08000825   Thumb Code    86  stm32f1xx_hal_adc.o(i.ADC_ConversionStop_Disable)
    ADC_Enable                               0x0800087d   Thumb Code   114  stm32f1xx_hal_adc.o(i.ADC_Enable)
    BusFault_Handler                         0x080008f9   Thumb Code     2  stm32f1xx_it.o(i.BusFault_Handler)
    Coarse_delay_us                          0x080008fd   Thumb Code    22  dht11.o(i.Coarse_delay_us)
    DHT11                                    0x08000919   Thumb Code    18  dht11.o(i.DHT11)
    DHT11_Check                              0x0800092d   Thumb Code    28  dht11.o(i.DHT11_Check)
    DHT11_READ_BIT                           0x0800097d   Thumb Code    54  dht11.o(i.DHT11_READ_BIT)
    DHT11_READ_BYTE                          0x080009b9   Thumb Code    32  dht11.o(i.DHT11_READ_BYTE)
    DHT11_READ_DATA                          0x080009d9   Thumb Code   218  dht11.o(i.DHT11_READ_DATA)
    DHT11_START                              0x08000ad5   Thumb Code    36  dht11.o(i.DHT11_START)
    DMA1_Channel3_IRQHandler                 0x08000afd   Thumb Code     6  stm32f1xx_it.o(i.DMA1_Channel3_IRQHandler)
    DebugMon_Handler                         0x08000b33   Thumb Code     2  stm32f1xx_it.o(i.DebugMon_Handler)
    EXTI15_10_IRQHandler                     0x08000b35   Thumb Code    30  stm32f1xx_it.o(i.EXTI15_10_IRQHandler)
    Error_Handler                            0x08000b53   Thumb Code     4  main.o(i.Error_Handler)
    HAL_ADC_ConfigChannel                    0x08000b59   Thumb Code   240  stm32f1xx_hal_adc.o(i.HAL_ADC_ConfigChannel)
    HAL_ADC_GetValue                         0x08000c55   Thumb Code     6  stm32f1xx_hal_adc.o(i.HAL_ADC_GetValue)
    HAL_ADC_Init                             0x08000c5d   Thumb Code   272  stm32f1xx_hal_adc.o(i.HAL_ADC_Init)
    HAL_ADC_MspInit                          0x08000d79   Thumb Code   118  adc.o(i.HAL_ADC_MspInit)
    HAL_ADC_PollForConversion                0x08000e01   Thumb Code   304  stm32f1xx_hal_adc.o(i.HAL_ADC_PollForConversion)
    HAL_ADC_Start                            0x08000f3d   Thumb Code   184  stm32f1xx_hal_adc.o(i.HAL_ADC_Start)
    HAL_DMA_Abort                            0x08000ffd   Thumb Code    70  stm32f1xx_hal_dma.o(i.HAL_DMA_Abort)
    HAL_DMA_Abort_IT                         0x08001045   Thumb Code   148  stm32f1xx_hal_dma.o(i.HAL_DMA_Abort_IT)
    HAL_DMA_IRQHandler                       0x080010dd   Thumb Code   316  stm32f1xx_hal_dma.o(i.HAL_DMA_IRQHandler)
    HAL_DMA_Init                             0x08001231   Thumb Code    84  stm32f1xx_hal_dma.o(i.HAL_DMA_Init)
    HAL_DMA_Start_IT                         0x0800128d   Thumb Code   112  stm32f1xx_hal_dma.o(i.HAL_DMA_Start_IT)
    HAL_Delay                                0x080012fd   Thumb Code    32  stm32f1xx_hal.o(i.HAL_Delay)
    HAL_GPIO_EXTI_Callback                   0x08001321   Thumb Code    34  gpio.o(i.HAL_GPIO_EXTI_Callback)
    HAL_GPIO_EXTI_IRQHandler                 0x08001349   Thumb Code    18  stm32f1xx_hal_gpio.o(i.HAL_GPIO_EXTI_IRQHandler)
    HAL_GPIO_Init                            0x08001361   Thumb Code   446  stm32f1xx_hal_gpio.o(i.HAL_GPIO_Init)
    HAL_GPIO_ReadPin                         0x08001541   Thumb Code    10  stm32f1xx_hal_gpio.o(i.HAL_GPIO_ReadPin)
    HAL_GPIO_WritePin                        0x0800154b   Thumb Code    10  stm32f1xx_hal_gpio.o(i.HAL_GPIO_WritePin)
    HAL_GetTick                              0x08001555   Thumb Code     6  stm32f1xx_hal.o(i.HAL_GetTick)
    HAL_IncTick                              0x08001561   Thumb Code    12  stm32f1xx_hal.o(i.HAL_IncTick)
    HAL_Init                                 0x08001571   Thumb Code    32  stm32f1xx_hal.o(i.HAL_Init)
    HAL_InitTick                             0x08001595   Thumb Code    54  stm32f1xx_hal.o(i.HAL_InitTick)
    HAL_MspInit                              0x080015d5   Thumb Code    52  stm32f1xx_hal_msp.o(i.HAL_MspInit)
    HAL_NVIC_EnableIRQ                       0x08001611   Thumb Code    26  stm32f1xx_hal_cortex.o(i.HAL_NVIC_EnableIRQ)
    HAL_NVIC_SetPriority                     0x0800162d   Thumb Code    60  stm32f1xx_hal_cortex.o(i.HAL_NVIC_SetPriority)
    HAL_NVIC_SetPriorityGrouping             0x0800166d   Thumb Code    26  stm32f1xx_hal_cortex.o(i.HAL_NVIC_SetPriorityGrouping)
    HAL_RCCEx_GetPeriphCLKFreq               0x08001691   Thumb Code   148  stm32f1xx_hal_rcc_ex.o(i.HAL_RCCEx_GetPeriphCLKFreq)
    HAL_RCCEx_PeriphCLKConfig                0x08001735   Thumb Code   224  stm32f1xx_hal_rcc_ex.o(i.HAL_RCCEx_PeriphCLKConfig)
    HAL_RCC_ClockConfig                      0x08001821   Thumb Code   280  stm32f1xx_hal_rcc.o(i.HAL_RCC_ClockConfig)
    HAL_RCC_GetHCLKFreq                      0x0800194d   Thumb Code     6  stm32f1xx_hal_rcc.o(i.HAL_RCC_GetHCLKFreq)
    HAL_RCC_GetPCLK1Freq                     0x08001959   Thumb Code    20  stm32f1xx_hal_rcc.o(i.HAL_RCC_GetPCLK1Freq)
    HAL_RCC_GetPCLK2Freq                     0x08001979   Thumb Code    20  stm32f1xx_hal_rcc.o(i.HAL_RCC_GetPCLK2Freq)
    HAL_RCC_GetSysClockFreq                  0x08001999   Thumb Code    58  stm32f1xx_hal_rcc.o(i.HAL_RCC_GetSysClockFreq)
    HAL_RCC_OscConfig                        0x080019e5   Thumb Code   778  stm32f1xx_hal_rcc.o(i.HAL_RCC_OscConfig)
    HAL_SYSTICK_Config                       0x08001d05   Thumb Code    40  stm32f1xx_hal_cortex.o(i.HAL_SYSTICK_Config)
    HAL_TIMEx_BreakCallback                  0x08001d2d   Thumb Code     2  stm32f1xx_hal_tim_ex.o(i.HAL_TIMEx_BreakCallback)
    HAL_TIMEx_CommutCallback                 0x08001d2f   Thumb Code     2  stm32f1xx_hal_tim_ex.o(i.HAL_TIMEx_CommutCallback)
    HAL_TIMEx_MasterConfigSynchronization    0x08001d31   Thumb Code    92  stm32f1xx_hal_tim_ex.o(i.HAL_TIMEx_MasterConfigSynchronization)
    HAL_TIM_Base_Init                        0x08001d99   Thumb Code    90  stm32f1xx_hal_tim.o(i.HAL_TIM_Base_Init)
    HAL_TIM_Base_MspInit                     0x08001df5   Thumb Code    50  tim.o(i.HAL_TIM_Base_MspInit)
    HAL_TIM_Base_Start_IT                    0x08001e31   Thumb Code    76  stm32f1xx_hal_tim.o(i.HAL_TIM_Base_Start_IT)
    HAL_TIM_ConfigClockSource                0x08001e89   Thumb Code   220  stm32f1xx_hal_tim.o(i.HAL_TIM_ConfigClockSource)
    HAL_TIM_IC_CaptureCallback               0x08001f65   Thumb Code     2  stm32f1xx_hal_tim.o(i.HAL_TIM_IC_CaptureCallback)
    HAL_TIM_IRQHandler                       0x08001f67   Thumb Code   304  stm32f1xx_hal_tim.o(i.HAL_TIM_IRQHandler)
    HAL_TIM_OC_DelayElapsedCallback          0x08002097   Thumb Code     2  stm32f1xx_hal_tim.o(i.HAL_TIM_OC_DelayElapsedCallback)
    HAL_TIM_PWM_PulseFinishedCallback        0x08002099   Thumb Code     2  stm32f1xx_hal_tim.o(i.HAL_TIM_PWM_PulseFinishedCallback)
    HAL_TIM_PeriodElapsedCallback            0x0800209d   Thumb Code    38  tim.o(i.HAL_TIM_PeriodElapsedCallback)
    HAL_TIM_TriggerCallback                  0x080020cd   Thumb Code     2  stm32f1xx_hal_tim.o(i.HAL_TIM_TriggerCallback)
    HAL_UARTEx_RxEventCallback               0x080020cf   Thumb Code     2  stm32f1xx_hal_uart.o(i.HAL_UARTEx_RxEventCallback)
    HAL_UART_DMAStop                         0x080020d1   Thumb Code   112  stm32f1xx_hal_uart.o(i.HAL_UART_DMAStop)
    HAL_UART_ErrorCallback                   0x08002141   Thumb Code     2  stm32f1xx_hal_uart.o(i.HAL_UART_ErrorCallback)
    HAL_UART_IRQHandler                      0x08002145   Thumb Code   616  stm32f1xx_hal_uart.o(i.HAL_UART_IRQHandler)
    HAL_UART_Init                            0x080023b1   Thumb Code   100  stm32f1xx_hal_uart.o(i.HAL_UART_Init)
    HAL_UART_MspInit                         0x08002415   Thumb Code   226  usart.o(i.HAL_UART_MspInit)
    HAL_UART_Receive_DMA                     0x08002515   Thumb Code    28  stm32f1xx_hal_uart.o(i.HAL_UART_Receive_DMA)
    HAL_UART_RxCpltCallback                  0x08002531   Thumb Code     2  stm32f1xx_hal_uart.o(i.HAL_UART_RxCpltCallback)
    HAL_UART_RxHalfCpltCallback              0x08002533   Thumb Code     2  stm32f1xx_hal_uart.o(i.HAL_UART_RxHalfCpltCallback)
    HAL_UART_Transmit                        0x08002535   Thumb Code   160  stm32f1xx_hal_uart.o(i.HAL_UART_Transmit)
    HAL_UART_TxCpltCallback                  0x080025d5   Thumb Code     2  stm32f1xx_hal_uart.o(i.HAL_UART_TxCpltCallback)
    HardFault_Handler                        0x080025d7   Thumb Code     2  stm32f1xx_it.o(i.HardFault_Handler)
    LCD_CLR                                  0x080025d9   Thumb Code     6  lcd_1602.o(i.LCD_CLR)
    LCD_INIT                                 0x080025df   Thumb Code    30  lcd_1602.o(i.LCD_INIT)
    LCD_WRITE_CMD                            0x080025fd   Thumb Code    98  lcd_1602.o(i.LCD_WRITE_CMD)
    LCD_WRITE_DATA                           0x08002669   Thumb Code    96  lcd_1602.o(i.LCD_WRITE_DATA)
    MX_ADC1_Init                             0x080026d1   Thumb Code    70  adc.o(i.MX_ADC1_Init)
    MX_ADC2_Init                             0x08002721   Thumb Code    70  adc.o(i.MX_ADC2_Init)
    MX_DMA_Init                              0x08002771   Thumb Code    40  dma.o(i.MX_DMA_Init)
    MX_GPIO_Init                             0x0800279d   Thumb Code   318  gpio.o(i.MX_GPIO_Init)
    MX_TIM1_Init                             0x080028f1   Thumb Code   100  tim.o(i.MX_TIM1_Init)
    MX_USART1_UART_Init                      0x0800295d   Thumb Code    48  usart.o(i.MX_USART1_UART_Init)
    MX_USART3_UART_Init                      0x08002995   Thumb Code    68  usart.o(i.MX_USART3_UART_Init)
    MemManage_Handler                        0x080029e5   Thumb Code     2  stm32f1xx_it.o(i.MemManage_Handler)
    NMI_Handler                              0x080029e7   Thumb Code     2  stm32f1xx_it.o(i.NMI_Handler)
    PendSV_Handler                           0x080029e9   Thumb Code     2  stm32f1xx_it.o(i.PendSV_Handler)
    SVC_Handler                              0x080029eb   Thumb Code     2  stm32f1xx_it.o(i.SVC_Handler)
    SysTick_Handler                          0x080029ed   Thumb Code     4  stm32f1xx_it.o(i.SysTick_Handler)
    SystemClock_Config                       0x080029f1   Thumb Code   120  main.o(i.SystemClock_Config)
    SystemInit                               0x08002a69   Thumb Code     2  system_stm32f1xx.o(i.SystemInit)
    TIM1_UP_IRQHandler                       0x08002a6d   Thumb Code     6  stm32f1xx_it.o(i.TIM1_UP_IRQHandler)
    TIM_Base_SetConfig                       0x08002a79   Thumb Code   108  stm32f1xx_hal_tim.o(i.TIM_Base_SetConfig)
    TIM_ETR_SetConfig                        0x08002af1   Thumb Code    20  stm32f1xx_hal_tim.o(i.TIM_ETR_SetConfig)
    UART_Start_Receive_DMA                   0x08002e3d   Thumb Code   130  stm32f1xx_hal_uart.o(i.UART_Start_Receive_DMA)
    USART3_IRQHandler                        0x08002f41   Thumb Code    56  stm32f1xx_it.o(i.USART3_IRQHandler)
    UsageFault_Handler                       0x08002f89   Thumb Code     2  stm32f1xx_it.o(i.UsageFault_Handler)
    __0sprintf                               0x08002f8d   Thumb Code    34  printfa.o(i.__0sprintf)
    __1sprintf                               0x08002f8d   Thumb Code     0  printfa.o(i.__0sprintf)
    __2sprintf                               0x08002f8d   Thumb Code     0  printfa.o(i.__0sprintf)
    __c89sprintf                             0x08002f8d   Thumb Code     0  printfa.o(i.__0sprintf)
    sprintf                                  0x08002f8d   Thumb Code     0  printfa.o(i.__0sprintf)
    __scatterload_copy                       0x08002fd5   Thumb Code    14  handlers.o(i.__scatterload_copy)
    __scatterload_null                       0x08002fe3   Thumb Code     2  handlers.o(i.__scatterload_null)
    __scatterload_zeroinit                   0x08002fe5   Thumb Code    14  handlers.o(i.__scatterload_zeroinit)
    lay_control                              0x080038b1   Thumb Code    10  dht11.o(i.lay_control)
    lcd1602_show_string                      0x080038c1   Thumb Code   108  lcd_1602.o(i.lcd1602_show_string)
    main                                     0x0800392d   Thumb Code   442  main.o(i.main)
    motor_angle_cal                          0x08003b19   Thumb Code    32  motor.o(i.motor_angle_cal)
    motor_controld                           0x08003b41   Thumb Code   198  motor.o(i.motor_controld)
    start_esp8266                            0x08003c0d   Thumb Code   176  esp8266.o(i.start_esp8266)
    ui_setting                               0x08003d0d   Thumb Code   544  lcd_1602.o(i.ui_setting)
    AHBPrescTable                            0x08003fb0   Data          16  system_stm32f1xx.o(.constdata)
    APBPrescTable                            0x08003fc0   Data           8  system_stm32f1xx.o(.constdata)
    Region$$Table$$Base                      0x08003fc8   Number         0  anon$$obj.o(Region$$Table)
    Region$$Table$$Limit                     0x08003fe8   Number         0  anon$$obj.o(Region$$Table)
    botton                                   0x20000000   Data           1  gpio.o(.data)
    time_right                               0x20000004   Data           1  tim.o(.data)
    timer_set                                0x20000005   Data           1  tim.o(.data)
    rx3_count                                0x2000000c   Data           1  usart.o(.data)
    rx3_end_flag                             0x2000000d   Data           1  usart.o(.data)
    uwTickFreq                               0x20000010   Data           1  stm32f1xx_hal.o(.data)
    uwTickPrio                               0x20000014   Data           4  stm32f1xx_hal.o(.data)
    uwTick                                   0x20000018   Data           4  stm32f1xx_hal.o(.data)
    SystemCoreClock                          0x2000001c   Data           4  system_stm32f1xx.o(.data)
    ambient_temperature                      0x20000020   Data           1  dht11.o(.data)
    light_data                               0x20000024   Data           4  dht11.o(.data)
    soil_moisture_miner                      0x20000028   Data           4  dht11.o(.data)
    soil_moisture_lager                      0x2000002c   Data           4  dht11.o(.data)
    direction                                0x20000030   Data           4  motor.o(.data)
    Motor_Pulse                              0x20000034   Data           2  motor.o(.data)
    hadc1                                    0x20000038   Data          48  adc.o(.bss)
    hadc2                                    0x20000068   Data          48  adc.o(.bss)
    htim1                                    0x20000098   Data          72  tim.o(.bss)
    uart3_rx                                 0x200000e0   Data       10000  usart.o(.bss)
    huart1                                   0x200027f0   Data          72  usart.o(.bss)
    huart3                                   0x20002838   Data          72  usart.o(.bss)
    hdma_usart3_rx                           0x20002880   Data          68  usart.o(.bss)
    __initial_sp                             0x20002cc8   Data           0  startup_stm32f103xb.o(STACK)



==============================================================================

Memory Map of the image

  Image Entry point : 0x080000ed

  Load Region LR_IROM1 (Base: 0x08000000, Size: 0x00004020, Max: 0x00010000, ABSOLUTE)

    Execution Region ER_IROM1 (Exec base: 0x08000000, Load base: 0x08000000, Size: 0x00003fe8, Max: 0x00010000, ABSOLUTE)

    Exec Addr    Load Addr    Size         Type   Attr      Idx    E Section Name        Object

    0x08000000   0x08000000   0x000000ec   Data   RO            3    RESET               startup_stm32f103xb.o
    0x080000ec   0x080000ec   0x00000000   Code   RO         3521  * .ARM.Collect$$$$00000000  mc_w.l(entry.o)
    0x080000ec   0x080000ec   0x00000004   Code   RO         3813    .ARM.Collect$$$$00000001  mc_w.l(entry2.o)
    0x080000f0   0x080000f0   0x00000004   Code   RO         3816    .ARM.Collect$$$$00000004  mc_w.l(entry5.o)
    0x080000f4   0x080000f4   0x00000000   Code   RO         3818    .ARM.Collect$$$$00000008  mc_w.l(entry7b.o)
    0x080000f4   0x080000f4   0x00000000   Code   RO         3820    .ARM.Collect$$$$0000000A  mc_w.l(entry8b.o)
    0x080000f4   0x080000f4   0x00000008   Code   RO         3821    .ARM.Collect$$$$0000000B  mc_w.l(entry9a.o)
    0x080000fc   0x080000fc   0x00000000   Code   RO         3823    .ARM.Collect$$$$0000000D  mc_w.l(entry10a.o)
    0x080000fc   0x080000fc   0x00000000   Code   RO         3825    .ARM.Collect$$$$0000000F  mc_w.l(entry11a.o)
    0x080000fc   0x080000fc   0x00000004   Code   RO         3814    .ARM.Collect$$$$00002712  mc_w.l(entry2.o)
    0x08000100   0x08000100   0x00000024   Code   RO            4    .text               startup_stm32f103xb.o
    0x08000124   0x08000124   0x00000020   Code   RO         3524    .text               mc_w.l(llushr.o)
    0x08000144   0x08000144   0x00000024   Code   RO         3526    .text               mc_w.l(memseta.o)
    0x08000168   0x08000168   0x0000014e   Code   RO         3791    .text               mf_w.l(dadd.o)
    0x080002b6   0x080002b6   0x000000e4   Code   RO         3793    .text               mf_w.l(dmul.o)
    0x0800039a   0x0800039a   0x000000de   Code   RO         3795    .text               mf_w.l(ddiv.o)
    0x08000478   0x08000478   0x0000002e   Code   RO         3797    .text               mf_w.l(dscalb.o)
    0x080004a6   0x080004a6   0x00000022   Code   RO         3799    .text               mf_w.l(dflti.o)
    0x080004c8   0x080004c8   0x0000001a   Code   RO         3801    .text               mf_w.l(dfltui.o)
    0x080004e2   0x080004e2   0x0000003e   Code   RO         3803    .text               mf_w.l(dfixi.o)
    0x08000520   0x08000520   0x00000026   Code   RO         3805    .text               mf_w.l(f2d.o)
    0x08000546   0x08000546   0x00000038   Code   RO         3807    .text               mf_w.l(d2f.o)
    0x0800057e   0x0800057e   0x00000002   PAD
    0x08000580   0x08000580   0x00000014   Code   RO         3809    .text               mf_w.l(cfcmple.o)
    0x08000594   0x08000594   0x00000014   Code   RO         3811    .text               mf_w.l(cfrcmple.o)
    0x080005a8   0x080005a8   0x0000002c   Code   RO         3828    .text               mc_w.l(uidiv.o)
    0x080005d4   0x080005d4   0x00000062   Code   RO         3830    .text               mc_w.l(uldiv.o)
    0x08000636   0x08000636   0x0000001e   Code   RO         3832    .text               mc_w.l(llshl.o)
    0x08000654   0x08000654   0x00000024   Code   RO         3834    .text               mc_w.l(llsshr.o)
    0x08000678   0x08000678   0x00000000   Code   RO         3836    .text               mc_w.l(iusefp.o)
    0x08000678   0x08000678   0x0000006e   Code   RO         3837    .text               mf_w.l(fepilogue.o)
    0x080006e6   0x080006e6   0x000000ba   Code   RO         3839    .text               mf_w.l(depilogue.o)
    0x080007a0   0x080007a0   0x00000030   Code   RO         3841    .text               mf_w.l(dfixul.o)
    0x080007d0   0x080007d0   0x00000030   Code   RO         3843    .text               mf_w.l(cdrcmple.o)
    0x08000800   0x08000800   0x00000024   Code   RO         3845    .text               mc_w.l(init.o)
    0x08000824   0x08000824   0x00000056   Code   RO          561    i.ADC_ConversionStop_Disable  stm32f1xx_hal_adc.o
    0x0800087a   0x0800087a   0x00000002   PAD
    0x0800087c   0x0800087c   0x0000007c   Code   RO          565    i.ADC_Enable        stm32f1xx_hal_adc.o
    0x080008f8   0x080008f8   0x00000002   Code   RO          401    i.BusFault_Handler  stm32f1xx_it.o
    0x080008fa   0x080008fa   0x00000002   PAD
    0x080008fc   0x080008fc   0x0000001c   Code   RO         3346    i.Coarse_delay_us   dht11.o
    0x08000918   0x08000918   0x00000012   Code   RO         3347    i.DHT11             dht11.o
    0x0800092a   0x0800092a   0x00000002   PAD
    0x0800092c   0x0800092c   0x00000020   Code   RO         3348    i.DHT11_Check       dht11.o
    0x0800094c   0x0800094c   0x00000030   Code   RO         3349    i.DHT11_GPIO_MODE_SET  dht11.o
    0x0800097c   0x0800097c   0x0000003c   Code   RO         3350    i.DHT11_READ_BIT    dht11.o
    0x080009b8   0x080009b8   0x00000020   Code   RO         3351    i.DHT11_READ_BYTE   dht11.o
    0x080009d8   0x080009d8   0x000000fc   Code   RO         3352    i.DHT11_READ_DATA   dht11.o
    0x08000ad4   0x08000ad4   0x00000028   Code   RO         3353    i.DHT11_START       dht11.o
    0x08000afc   0x08000afc   0x0000000c   Code   RO          402    i.DMA1_Channel3_IRQHandler  stm32f1xx_it.o
    0x08000b08   0x08000b08   0x0000002a   Code   RO         1217    i.DMA_SetConfig     stm32f1xx_hal_dma.o
    0x08000b32   0x08000b32   0x00000002   Code   RO          403    i.DebugMon_Handler  stm32f1xx_it.o
    0x08000b34   0x08000b34   0x0000001e   Code   RO          404    i.EXTI15_10_IRQHandler  stm32f1xx_it.o
    0x08000b52   0x08000b52   0x00000004   Code   RO           13    i.Error_Handler     main.o
    0x08000b56   0x08000b56   0x00000002   PAD
    0x08000b58   0x08000b58   0x000000fc   Code   RO          567    i.HAL_ADC_ConfigChannel  stm32f1xx_hal_adc.o
    0x08000c54   0x08000c54   0x00000006   Code   RO          574    i.HAL_ADC_GetValue  stm32f1xx_hal_adc.o
    0x08000c5a   0x08000c5a   0x00000002   PAD
    0x08000c5c   0x08000c5c   0x0000011c   Code   RO          576    i.HAL_ADC_Init      stm32f1xx_hal_adc.o
    0x08000d78   0x08000d78   0x00000088   Code   RO          225    i.HAL_ADC_MspInit   adc.o
    0x08000e00   0x08000e00   0x0000013c   Code   RO          580    i.HAL_ADC_PollForConversion  stm32f1xx_hal_adc.o
    0x08000f3c   0x08000f3c   0x000000c0   Code   RO          582    i.HAL_ADC_Start     stm32f1xx_hal_adc.o
    0x08000ffc   0x08000ffc   0x00000046   Code   RO         1218    i.HAL_DMA_Abort     stm32f1xx_hal_dma.o
    0x08001042   0x08001042   0x00000002   PAD
    0x08001044   0x08001044   0x00000098   Code   RO         1219    i.HAL_DMA_Abort_IT  stm32f1xx_hal_dma.o
    0x080010dc   0x080010dc   0x00000154   Code   RO         1223    i.HAL_DMA_IRQHandler  stm32f1xx_hal_dma.o
    0x08001230   0x08001230   0x0000005c   Code   RO         1224    i.HAL_DMA_Init      stm32f1xx_hal_dma.o
    0x0800128c   0x0800128c   0x00000070   Code   RO         1228    i.HAL_DMA_Start_IT  stm32f1xx_hal_dma.o
    0x080012fc   0x080012fc   0x00000024   Code   RO          844    i.HAL_Delay         stm32f1xx_hal.o
    0x08001320   0x08001320   0x00000028   Code   RO          188    i.HAL_GPIO_EXTI_Callback  gpio.o
    0x08001348   0x08001348   0x00000018   Code   RO         1153    i.HAL_GPIO_EXTI_IRQHandler  stm32f1xx_hal_gpio.o
    0x08001360   0x08001360   0x000001e0   Code   RO         1154    i.HAL_GPIO_Init     stm32f1xx_hal_gpio.o
    0x08001540   0x08001540   0x0000000a   Code   RO         1156    i.HAL_GPIO_ReadPin  stm32f1xx_hal_gpio.o
    0x0800154a   0x0800154a   0x0000000a   Code   RO         1158    i.HAL_GPIO_WritePin  stm32f1xx_hal_gpio.o
    0x08001554   0x08001554   0x0000000c   Code   RO          848    i.HAL_GetTick       stm32f1xx_hal.o
    0x08001560   0x08001560   0x00000010   Code   RO          854    i.HAL_IncTick       stm32f1xx_hal.o
    0x08001570   0x08001570   0x00000024   Code   RO          855    i.HAL_Init          stm32f1xx_hal.o
    0x08001594   0x08001594   0x00000040   Code   RO          856    i.HAL_InitTick      stm32f1xx_hal.o
    0x080015d4   0x080015d4   0x0000003c   Code   RO          501    i.HAL_MspInit       stm32f1xx_hal_msp.o
    0x08001610   0x08001610   0x0000001a   Code   RO         1314    i.HAL_NVIC_EnableIRQ  stm32f1xx_hal_cortex.o
    0x0800162a   0x0800162a   0x00000002   PAD
    0x0800162c   0x0800162c   0x00000040   Code   RO         1320    i.HAL_NVIC_SetPriority  stm32f1xx_hal_cortex.o
    0x0800166c   0x0800166c   0x00000024   Code   RO         1321    i.HAL_NVIC_SetPriorityGrouping  stm32f1xx_hal_cortex.o
    0x08001690   0x08001690   0x000000a4   Code   RO         1115    i.HAL_RCCEx_GetPeriphCLKFreq  stm32f1xx_hal_rcc_ex.o
    0x08001734   0x08001734   0x000000ec   Code   RO         1116    i.HAL_RCCEx_PeriphCLKConfig  stm32f1xx_hal_rcc_ex.o
    0x08001820   0x08001820   0x0000012c   Code   RO         1012    i.HAL_RCC_ClockConfig  stm32f1xx_hal_rcc.o
    0x0800194c   0x0800194c   0x0000000c   Code   RO         1017    i.HAL_RCC_GetHCLKFreq  stm32f1xx_hal_rcc.o
    0x08001958   0x08001958   0x00000020   Code   RO         1019    i.HAL_RCC_GetPCLK1Freq  stm32f1xx_hal_rcc.o
    0x08001978   0x08001978   0x00000020   Code   RO         1020    i.HAL_RCC_GetPCLK2Freq  stm32f1xx_hal_rcc.o
    0x08001998   0x08001998   0x0000004c   Code   RO         1021    i.HAL_RCC_GetSysClockFreq  stm32f1xx_hal_rcc.o
    0x080019e4   0x080019e4   0x00000320   Code   RO         1024    i.HAL_RCC_OscConfig  stm32f1xx_hal_rcc.o
    0x08001d04   0x08001d04   0x00000028   Code   RO         1325    i.HAL_SYSTICK_Config  stm32f1xx_hal_cortex.o
    0x08001d2c   0x08001d2c   0x00000002   Code   RO         2520    i.HAL_TIMEx_BreakCallback  stm32f1xx_hal_tim_ex.o
    0x08001d2e   0x08001d2e   0x00000002   Code   RO         2521    i.HAL_TIMEx_CommutCallback  stm32f1xx_hal_tim_ex.o
    0x08001d30   0x08001d30   0x00000068   Code   RO         2539    i.HAL_TIMEx_MasterConfigSynchronization  stm32f1xx_hal_tim_ex.o
    0x08001d98   0x08001d98   0x0000005a   Code   RO         1816    i.HAL_TIM_Base_Init  stm32f1xx_hal_tim.o
    0x08001df2   0x08001df2   0x00000002   PAD
    0x08001df4   0x08001df4   0x0000003c   Code   RO          297    i.HAL_TIM_Base_MspInit  tim.o
    0x08001e30   0x08001e30   0x00000058   Code   RO         1821    i.HAL_TIM_Base_Start_IT  stm32f1xx_hal_tim.o
    0x08001e88   0x08001e88   0x000000dc   Code   RO         1825    i.HAL_TIM_ConfigClockSource  stm32f1xx_hal_tim.o
    0x08001f64   0x08001f64   0x00000002   Code   RO         1850    i.HAL_TIM_IC_CaptureCallback  stm32f1xx_hal_tim.o
    0x08001f66   0x08001f66   0x00000130   Code   RO         1864    i.HAL_TIM_IRQHandler  stm32f1xx_hal_tim.o
    0x08002096   0x08002096   0x00000002   Code   RO         1867    i.HAL_TIM_OC_DelayElapsedCallback  stm32f1xx_hal_tim.o
    0x08002098   0x08002098   0x00000002   Code   RO         1894    i.HAL_TIM_PWM_PulseFinishedCallback  stm32f1xx_hal_tim.o
    0x0800209a   0x0800209a   0x00000002   PAD
    0x0800209c   0x0800209c   0x00000030   Code   RO          298    i.HAL_TIM_PeriodElapsedCallback  tim.o
    0x080020cc   0x080020cc   0x00000002   Code   RO         1907    i.HAL_TIM_TriggerCallback  stm32f1xx_hal_tim.o
    0x080020ce   0x080020ce   0x00000002   Code   RO         2799    i.HAL_UARTEx_RxEventCallback  stm32f1xx_hal_uart.o
    0x080020d0   0x080020d0   0x00000070   Code   RO         2811    i.HAL_UART_DMAStop  stm32f1xx_hal_uart.o
    0x08002140   0x08002140   0x00000002   Code   RO         2813    i.HAL_UART_ErrorCallback  stm32f1xx_hal_uart.o
    0x08002142   0x08002142   0x00000002   PAD
    0x08002144   0x08002144   0x0000026c   Code   RO         2816    i.HAL_UART_IRQHandler  stm32f1xx_hal_uart.o
    0x080023b0   0x080023b0   0x00000064   Code   RO         2817    i.HAL_UART_Init     stm32f1xx_hal_uart.o
    0x08002414   0x08002414   0x00000100   Code   RO          346    i.HAL_UART_MspInit  usart.o
    0x08002514   0x08002514   0x0000001c   Code   RO         2821    i.HAL_UART_Receive_DMA  stm32f1xx_hal_uart.o
    0x08002530   0x08002530   0x00000002   Code   RO         2823    i.HAL_UART_RxCpltCallback  stm32f1xx_hal_uart.o
    0x08002532   0x08002532   0x00000002   Code   RO         2824    i.HAL_UART_RxHalfCpltCallback  stm32f1xx_hal_uart.o
    0x08002534   0x08002534   0x000000a0   Code   RO         2825    i.HAL_UART_Transmit  stm32f1xx_hal_uart.o
    0x080025d4   0x080025d4   0x00000002   Code   RO         2828    i.HAL_UART_TxCpltCallback  stm32f1xx_hal_uart.o
    0x080025d6   0x080025d6   0x00000002   Code   RO          405    i.HardFault_Handler  stm32f1xx_it.o
    0x080025d8   0x080025d8   0x00000006   Code   RO         3274    i.LCD_CLR           lcd_1602.o
    0x080025de   0x080025de   0x0000001e   Code   RO         3275    i.LCD_INIT          lcd_1602.o
    0x080025fc   0x080025fc   0x0000006c   Code   RO         3276    i.LCD_WRITE_CMD     lcd_1602.o
    0x08002668   0x08002668   0x00000068   Code   RO         3277    i.LCD_WRITE_DATA    lcd_1602.o
    0x080026d0   0x080026d0   0x00000050   Code   RO          226    i.MX_ADC1_Init      adc.o
    0x08002720   0x08002720   0x00000050   Code   RO          227    i.MX_ADC2_Init      adc.o
    0x08002770   0x08002770   0x0000002c   Code   RO          272    i.MX_DMA_Init       dma.o
    0x0800279c   0x0800279c   0x00000154   Code   RO          189    i.MX_GPIO_Init      gpio.o
    0x080028f0   0x080028f0   0x0000006c   Code   RO          299    i.MX_TIM1_Init      tim.o
    0x0800295c   0x0800295c   0x00000038   Code   RO          347    i.MX_USART1_UART_Init  usart.o
    0x08002994   0x08002994   0x00000050   Code   RO          348    i.MX_USART3_UART_Init  usart.o
    0x080029e4   0x080029e4   0x00000002   Code   RO          406    i.MemManage_Handler  stm32f1xx_it.o
    0x080029e6   0x080029e6   0x00000002   Code   RO          407    i.NMI_Handler       stm32f1xx_it.o
    0x080029e8   0x080029e8   0x00000002   Code   RO          408    i.PendSV_Handler    stm32f1xx_it.o
    0x080029ea   0x080029ea   0x00000002   Code   RO          409    i.SVC_Handler       stm32f1xx_it.o
    0x080029ec   0x080029ec   0x00000004   Code   RO          410    i.SysTick_Handler   stm32f1xx_it.o
    0x080029f0   0x080029f0   0x00000078   Code   RO           14    i.SystemClock_Config  main.o
    0x08002a68   0x08002a68   0x00000002   Code   RO         3235    i.SystemInit        system_stm32f1xx.o
    0x08002a6a   0x08002a6a   0x00000002   PAD
    0x08002a6c   0x08002a6c   0x0000000c   Code   RO          411    i.TIM1_UP_IRQHandler  stm32f1xx_it.o
    0x08002a78   0x08002a78   0x00000078   Code   RO         1909    i.TIM_Base_SetConfig  stm32f1xx_hal_tim.o
    0x08002af0   0x08002af0   0x00000014   Code   RO         1920    i.TIM_ETR_SetConfig  stm32f1xx_hal_tim.o
    0x08002b04   0x08002b04   0x00000010   Code   RO         1921    i.TIM_ITRx_SetConfig  stm32f1xx_hal_tim.o
    0x08002b14   0x08002b14   0x00000022   Code   RO         1927    i.TIM_TI1_ConfigInputStage  stm32f1xx_hal_tim.o
    0x08002b36   0x08002b36   0x00000024   Code   RO         1929    i.TIM_TI2_ConfigInputStage  stm32f1xx_hal_tim.o
    0x08002b5a   0x08002b5a   0x00000010   Code   RO         2830    i.UART_DMAAbortOnError  stm32f1xx_hal_uart.o
    0x08002b6a   0x08002b6a   0x0000004a   Code   RO         2831    i.UART_DMAError     stm32f1xx_hal_uart.o
    0x08002bb4   0x08002bb4   0x00000086   Code   RO         2832    i.UART_DMAReceiveCplt  stm32f1xx_hal_uart.o
    0x08002c3a   0x08002c3a   0x0000001e   Code   RO         2834    i.UART_DMARxHalfCplt  stm32f1xx_hal_uart.o
    0x08002c58   0x08002c58   0x0000004e   Code   RO         2840    i.UART_EndRxTransfer  stm32f1xx_hal_uart.o
    0x08002ca6   0x08002ca6   0x0000001c   Code   RO         2841    i.UART_EndTxTransfer  stm32f1xx_hal_uart.o
    0x08002cc2   0x08002cc2   0x000000c2   Code   RO         2842    i.UART_Receive_IT   stm32f1xx_hal_uart.o
    0x08002d84   0x08002d84   0x000000b8   Code   RO         2843    i.UART_SetConfig    stm32f1xx_hal_uart.o
    0x08002e3c   0x08002e3c   0x00000090   Code   RO         2844    i.UART_Start_Receive_DMA  stm32f1xx_hal_uart.o
    0x08002ecc   0x08002ecc   0x00000072   Code   RO         2846    i.UART_WaitOnFlagUntilTimeout  stm32f1xx_hal_uart.o
    0x08002f3e   0x08002f3e   0x00000002   PAD
    0x08002f40   0x08002f40   0x00000048   Code   RO          412    i.USART3_IRQHandler  stm32f1xx_it.o
    0x08002f88   0x08002f88   0x00000002   Code   RO          413    i.UsageFault_Handler  stm32f1xx_it.o
    0x08002f8a   0x08002f8a   0x00000002   PAD
    0x08002f8c   0x08002f8c   0x00000028   Code   RO         3765    i.__0sprintf        mc_w.l(printfa.o)
    0x08002fb4   0x08002fb4   0x00000020   Code   RO         1327    i.__NVIC_SetPriority  stm32f1xx_hal_cortex.o
    0x08002fd4   0x08002fd4   0x0000000e   Code   RO         3849    i.__scatterload_copy  mc_w.l(handlers.o)
    0x08002fe2   0x08002fe2   0x00000002   Code   RO         3850    i.__scatterload_null  mc_w.l(handlers.o)
    0x08002fe4   0x08002fe4   0x0000000e   Code   RO         3851    i.__scatterload_zeroinit  mc_w.l(handlers.o)
    0x08002ff2   0x08002ff2   0x00000002   PAD
    0x08002ff4   0x08002ff4   0x00000184   Code   RO         3770    i._fp_digits        mc_w.l(printfa.o)
    0x08003178   0x08003178   0x000006dc   Code   RO         3771    i._printf_core      mc_w.l(printfa.o)
    0x08003854   0x08003854   0x00000024   Code   RO         3772    i._printf_post_padding  mc_w.l(printfa.o)
    0x08003878   0x08003878   0x0000002e   Code   RO         3773    i._printf_pre_padding  mc_w.l(printfa.o)
    0x080038a6   0x080038a6   0x0000000a   Code   RO         3775    i._sputc            mc_w.l(printfa.o)
    0x080038b0   0x080038b0   0x00000010   Code   RO         3354    i.lay_control       dht11.o
    0x080038c0   0x080038c0   0x0000006c   Code   RO         3278    i.lcd1602_show_string  lcd_1602.o
    0x0800392c   0x0800392c   0x000001ec   Code   RO           15    i.main              main.o
    0x08003b18   0x08003b18   0x00000028   Code   RO         3428    i.motor_angle_cal   motor.o
    0x08003b40   0x08003b40   0x000000cc   Code   RO         3429    i.motor_controld    motor.o
    0x08003c0c   0x08003c0c   0x00000100   Code   RO         3480    i.start_esp8266     esp8266.o
    0x08003d0c   0x08003d0c   0x00000280   Code   RO         3279    i.ui_setting        lcd_1602.o
    0x08003f8c   0x08003f8c   0x00000012   Data   RO         1025    .constdata          stm32f1xx_hal_rcc.o
    0x08003f9e   0x08003f9e   0x00000012   Data   RO         1117    .constdata          stm32f1xx_hal_rcc_ex.o
    0x08003fb0   0x08003fb0   0x00000010   Data   RO         3236    .constdata          system_stm32f1xx.o
    0x08003fc0   0x08003fc0   0x00000008   Data   RO         3237    .constdata          system_stm32f1xx.o
    0x08003fc8   0x08003fc8   0x00000020   Data   RO         3847    Region$$Table       anon$$obj.o


    Execution Region RW_IRAM1 (Exec base: 0x20000000, Load base: 0x08003fe8, Size: 0x00002cc8, Max: 0x00005000, ABSOLUTE)

    Exec Addr    Load Addr    Size         Type   Attr      Idx    E Section Name        Object

    0x20000000   0x08003fe8   0x00000001   Data   RW          190    .data               gpio.o
    0x20000001   0x08003fe9   0x00000003   PAD
    0x20000004   0x08003fec   0x00000008   Data   RW          301    .data               tim.o
    0x2000000c   0x08003ff4   0x00000001   Data   RW          351    .data               usart.o
    0x2000000d   0x08003ff5   0x00000001   Data   RW          352    .data               usart.o
    0x2000000e   0x08003ff6   0x00000002   PAD
    0x20000010   0x08003ff8   0x0000000c   Data   RW          862    .data               stm32f1xx_hal.o
    0x2000001c   0x08004004   0x00000004   Data   RW         3238    .data               system_stm32f1xx.o
    0x20000020   0x08004008   0x00000001   Data   RW         3355    .data               dht11.o
    0x20000021   0x08004009   0x00000003   PAD
    0x20000024   0x0800400c   0x00000004   Data   RW         3356    .data               dht11.o
    0x20000028   0x08004010   0x00000004   Data   RW         3357    .data               dht11.o
    0x2000002c   0x08004014   0x00000004   Data   RW         3358    .data               dht11.o
    0x20000030   0x08004018   0x00000004   Data   RW         3430    .data               motor.o
    0x20000034   0x0800401c   0x00000002   Data   RW         3431    .data               motor.o
    0x20000036   0x0800401e   0x00000002   PAD
    0x20000038        -       0x00000060   Zero   RW          228    .bss                adc.o
    0x20000098        -       0x00000048   Zero   RW          300    .bss                tim.o
    0x200000e0        -       0x000027e4   Zero   RW          350    .bss                usart.o
    0x200028c4   0x0800401e   0x00000004   PAD
    0x200028c8        -       0x00000400   Zero   RW            1    STACK               startup_stm32f103xb.o


==============================================================================

Image component sizes


      Code (inc. data)   RO Data    RW Data    ZI Data      Debug   Object Name

       296         38          0          0         96       2262   adc.o
       526         66          0         13          0       5356   dht11.o
        44          4          0          0          0        746   dma.o
       256         80          0          0          0        588   esp8266.o
       380         28          0          1          0       2129   gpio.o
       996        126          0          0          0       4284   lcd_1602.o
       616         50          0          0          0     443280   main.o
       244         22          0          6          0       1471   motor.o
        36          8        236          0       1024        796   startup_stm32f103xb.o
       164         28          0         12          0       5857   stm32f1xx_hal.o
      1260         54          0          0          0       6480   stm32f1xx_hal_adc.o
       198         14          0          0          0      28919   stm32f1xx_hal_cortex.o
       808         36          0          0          0       4946   stm32f1xx_hal_dma.o
       524         40          0          0          0       4074   stm32f1xx_hal_gpio.o
        60          8          0          0          0        858   stm32f1xx_hal_msp.o
      1252         90         18          0          0       5520   stm32f1xx_hal_rcc.o
       400         28         18          0          0       2453   stm32f1xx_hal_rcc_ex.o
       936         24          0          0          0       9765   stm32f1xx_hal_tim.o
       108         12          0          0          0       2377   stm32f1xx_hal_tim_ex.o
      2026         24          0          0          0     369493   stm32f1xx_hal_uart.o
       146         28          0          0          0       6180   stm32f1xx_it.o
         2          0         24          4          0       1115   system_stm32f1xx.o
       216         28          0          8         72       2263   tim.o
       392         50          0          2      10212       2662   usart.o

    ----------------------------------------------------------------------
     11912        886        328         56      11408     913874   Object Totals
         0          0         32          0          0          0   (incl. Generated)
        26          0          0         10          4          0   (incl. Padding)

    ----------------------------------------------------------------------

      Code (inc. data)   RO Data    RW Data    ZI Data      Debug   Library Member Name

         0          0          0          0          0          0   entry.o
         0          0          0          0          0          0   entry10a.o
         0          0          0          0          0          0   entry11a.o
         8          4          0          0          0          0   entry2.o
         4          0          0          0          0          0   entry5.o
         0          0          0          0          0          0   entry7b.o
         0          0          0          0          0          0   entry8b.o
         8          4          0          0          0          0   entry9a.o
        30          0          0          0          0          0   handlers.o
        36          8          0          0          0         68   init.o
         0          0          0          0          0          0   iusefp.o
        30          0          0          0          0         68   llshl.o
        36          0          0          0          0         68   llsshr.o
        32          0          0          0          0         68   llushr.o
        36          0          0          0          0        108   memseta.o
      2276         86          0          0          0        520   printfa.o
        44          0          0          0          0         80   uidiv.o
        98          0          0          0          0         92   uldiv.o
        48          0          0          0          0         68   cdrcmple.o
        20          0          0          0          0         68   cfcmple.o
        20          0          0          0          0         68   cfrcmple.o
        56          0          0          0          0         88   d2f.o
       334          0          0          0          0        148   dadd.o
       222          0          0          0          0        100   ddiv.o
       186          0          0          0          0        176   depilogue.o
        62          0          0          0          0         80   dfixi.o
        48          0          0          0          0         68   dfixul.o
        34          0          0          0          0         76   dflti.o
        26          0          0          0          0         76   dfltui.o
       228          0          0          0          0         96   dmul.o
        46          0          0          0          0         80   dscalb.o
        38          0          0          0          0         68   f2d.o
       110          0          0          0          0        168   fepilogue.o

    ----------------------------------------------------------------------
      4120        102          0          0          0       2500   Library Totals
         4          0          0          0          0          0   (incl. Padding)

    ----------------------------------------------------------------------

      Code (inc. data)   RO Data    RW Data    ZI Data      Debug   Library Name

      2638        102          0          0          0       1072   mc_w.l
      1478          0          0          0          0       1428   mf_w.l

    ----------------------------------------------------------------------
      4120        102          0          0          0       2500   Library Totals

    ----------------------------------------------------------------------

==============================================================================


      Code (inc. data)   RO Data    RW Data    ZI Data      Debug   

     16032        988        328         56      11408     909194   Grand Totals
     16032        988        328         56      11408     909194   ELF Image Totals
     16032        988        328         56          0          0   ROM Totals

==============================================================================

    Total RO  Size (Code + RO Data)                16360 (  15.98kB)
    Total RW  Size (RW Data + ZI Data)             11464 (  11.20kB)
    Total ROM Size (Code + RO Data + RW Data)      16416 (  16.03kB)

==============================================================================

