Component: ARM Compiler 5.06 update 6 (build 750) Tool: armlink [4d35ed]

==============================================================================

Section Cross References

    startup_stm32f103xb.o(RESET) refers to startup_stm32f103xb.o(STACK) for __initial_sp
    startup_stm32f103xb.o(RESET) refers to startup_stm32f103xb.o(.text) for Reset_Handler
    startup_stm32f103xb.o(RESET) refers to stm32f1xx_it.o(i.NMI_Handler) for NMI_Handler
    startup_stm32f103xb.o(RESET) refers to stm32f1xx_it.o(i.HardFault_Handler) for HardFault_Handler
    startup_stm32f103xb.o(RESET) refers to stm32f1xx_it.o(i.MemManage_Handler) for MemManage_Handler
    startup_stm32f103xb.o(RESET) refers to stm32f1xx_it.o(i.BusFault_Handler) for BusFault_Handler
    startup_stm32f103xb.o(RESET) refers to stm32f1xx_it.o(i.UsageFault_Handler) for UsageFault_Handler
    startup_stm32f103xb.o(RESET) refers to stm32f1xx_it.o(i.SVC_Handler) for SVC_Handler
    startup_stm32f103xb.o(RESET) refers to stm32f1xx_it.o(i.DebugMon_Handler) for DebugMon_Handler
    startup_stm32f103xb.o(RESET) refers to stm32f1xx_it.o(i.PendSV_Handler) for PendSV_Handler
    startup_stm32f103xb.o(RESET) refers to stm32f1xx_it.o(i.SysTick_Handler) for SysTick_Handler
    startup_stm32f103xb.o(RESET) refers to stm32f1xx_it.o(i.DMA1_Channel3_IRQHandler) for DMA1_Channel3_IRQHandler
    startup_stm32f103xb.o(RESET) refers to stm32f1xx_it.o(i.USART3_IRQHandler) for USART3_IRQHandler
    startup_stm32f103xb.o(RESET) refers to stm32f1xx_it.o(i.EXTI15_10_IRQHandler) for EXTI15_10_IRQHandler
    startup_stm32f103xb.o(.text) refers to system_stm32f1xx.o(i.SystemInit) for SystemInit
    startup_stm32f103xb.o(.text) refers to entry.o(.ARM.Collect$$$$00000000) for __main
    main.o(i.SystemClock_Config) refers to memseta.o(.text) for __aeabi_memclr4
    main.o(i.SystemClock_Config) refers to stm32f1xx_hal_rcc.o(i.HAL_RCC_OscConfig) for HAL_RCC_OscConfig
    main.o(i.SystemClock_Config) refers to stm32f1xx_hal_rcc.o(i.HAL_RCC_ClockConfig) for HAL_RCC_ClockConfig
    main.o(i.SystemClock_Config) refers to stm32f1xx_hal_rcc_ex.o(i.HAL_RCCEx_PeriphCLKConfig) for HAL_RCCEx_PeriphCLKConfig
    main.o(i.main) refers to stm32f1xx_hal.o(i.HAL_Init) for HAL_Init
    main.o(i.main) refers to main.o(i.SystemClock_Config) for SystemClock_Config
    main.o(i.main) refers to gpio.o(i.MX_GPIO_Init) for MX_GPIO_Init
    main.o(i.main) refers to dma.o(i.MX_DMA_Init) for MX_DMA_Init
    main.o(i.main) refers to usart.o(i.MX_USART1_UART_Init) for MX_USART1_UART_Init
    main.o(i.main) refers to adc.o(i.MX_ADC1_Init) for MX_ADC1_Init
    main.o(i.main) refers to adc.o(i.MX_ADC2_Init) for MX_ADC2_Init
    main.o(i.main) refers to usart.o(i.MX_USART3_UART_Init) for MX_USART3_UART_Init
    main.o(i.main) refers to dht11.o(i.lay_control) for lay_control
    main.o(i.main) refers to esp8266.o(i.start_esp8266) for start_esp8266
    main.o(i.main) refers to lcd_1602.o(i.LCD_INIT) for LCD_INIT
    main.o(i.main) refers to dht11.o(i.DHT11) for DHT11
    main.o(i.main) refers to stm32f1xx_hal_adc.o(i.HAL_ADC_Start) for HAL_ADC_Start
    main.o(i.main) refers to stm32f1xx_hal_adc.o(i.HAL_ADC_PollForConversion) for HAL_ADC_PollForConversion
    main.o(i.main) refers to stm32f1xx_hal_adc.o(i.HAL_ADC_GetValue) for HAL_ADC_GetValue
    main.o(i.main) refers to dfltui.o(.text) for __aeabi_ui2d
    main.o(i.main) refers to dmul.o(.text) for __aeabi_dmul
    main.o(i.main) refers to dscalb.o(.text) for __ARM_scalbn
    main.o(i.main) refers to d2f.o(.text) for __aeabi_d2f
    main.o(i.main) refers to f2d.o(.text) for __aeabi_f2d
    main.o(i.main) refers to printfa.o(i.__0sprintf) for __2sprintf
    main.o(i.main) refers to lcd_1602.o(i.lcd1602_show_string) for lcd1602_show_string
    main.o(i.main) refers to motor.o(i.motor_controld) for motor_controld
    main.o(i.main) refers to stm32f1xx_hal.o(i.HAL_Delay) for HAL_Delay
    main.o(i.main) refers to motor.o(i.motor_angle_cal) for motor_angle_cal
    main.o(i.main) refers to esp8266.o(i.handle_esp8266) for handle_esp8266
    main.o(i.main) refers to lcd_1602.o(i.LCD_CLR) for LCD_CLR
    main.o(i.main) refers to lcd_1602.o(i.ui_setting) for ui_setting
    main.o(i.main) refers to adc.o(.bss) for hadc1
    main.o(i.main) refers to motor.o(.data) for direction
    main.o(i.main) refers to gpio.o(.data) for botton
    gpio.o(i.HAL_GPIO_EXTI_Callback) refers to gpio.o(.data) for .data
    gpio.o(i.MX_GPIO_Init) refers to stm32f1xx_hal_gpio.o(i.HAL_GPIO_WritePin) for HAL_GPIO_WritePin
    gpio.o(i.MX_GPIO_Init) refers to stm32f1xx_hal_gpio.o(i.HAL_GPIO_Init) for HAL_GPIO_Init
    gpio.o(i.MX_GPIO_Init) refers to stm32f1xx_hal_cortex.o(i.HAL_NVIC_SetPriority) for HAL_NVIC_SetPriority
    gpio.o(i.MX_GPIO_Init) refers to stm32f1xx_hal_cortex.o(i.HAL_NVIC_EnableIRQ) for HAL_NVIC_EnableIRQ
    adc.o(i.HAL_ADC_MspDeInit) refers to stm32f1xx_hal_gpio.o(i.HAL_GPIO_DeInit) for HAL_GPIO_DeInit
[...]
    Removing stm32f1xx_hal_rcc_ex.o(.revsh_text), (4 bytes).
    Removing stm32f1xx_hal_rcc_ex.o(.rrx_text), (6 bytes).
    Removing stm32f1xx_hal_rcc_ex.o(i.HAL_RCCEx_GetPeriphCLKConfig), (44 bytes).
    Removing stm32f1xx_hal_gpio.o(.rev16_text), (4 bytes).
    Removing stm32f1xx_hal_gpio.o(.revsh_text), (4 bytes).
    Removing stm32f1xx_hal_gpio.o(.rrx_text), (6 bytes).
    Removing stm32f1xx_hal_gpio.o(i.HAL_GPIO_DeInit), (280 bytes).
    Removing stm32f1xx_hal_gpio.o(i.HAL_GPIO_EXTI_Callback), (2 bytes).
    Removing stm32f1xx_hal_gpio.o(i.HAL_GPIO_LockPin), (34 bytes).
    Removing stm32f1xx_hal_gpio.o(i.HAL_GPIO_TogglePin), (16 bytes).
    Removing stm32f1xx_hal_dma.o(.rev16_text), (4 bytes).
    Removing stm32f1xx_hal_dma.o(.revsh_text), (4 bytes).
    Removing stm32f1xx_hal_dma.o(.rrx_text), (6 bytes).
    Removing stm32f1xx_hal_dma.o(i.HAL_DMA_DeInit), (92 bytes).
    Removing stm32f1xx_hal_dma.o(i.HAL_DMA_GetError), (4 bytes).
    Removing stm32f1xx_hal_dma.o(i.HAL_DMA_GetState), (6 bytes).
    Removing stm32f1xx_hal_dma.o(i.HAL_DMA_PollForTransfer), (532 bytes).
    Removing stm32f1xx_hal_dma.o(i.HAL_DMA_RegisterCallback), (74 bytes).
    Removing stm32f1xx_hal_dma.o(i.HAL_DMA_Start), (80 bytes).
    Removing stm32f1xx_hal_dma.o(i.HAL_DMA_UnRegisterCallback), (82 bytes).
    Removing stm32f1xx_hal_cortex.o(.rev16_text), (4 bytes).
    Removing stm32f1xx_hal_cortex.o(.revsh_text), (4 bytes).
    Removing stm32f1xx_hal_cortex.o(.rrx_text), (6 bytes).
    Removing stm32f1xx_hal_cortex.o(i.HAL_NVIC_ClearPendingIRQ), (26 bytes).
    Removing stm32f1xx_hal_cortex.o(i.HAL_NVIC_DisableIRQ), (34 bytes).
    Removing stm32f1xx_hal_cortex.o(i.HAL_NVIC_GetActive), (36 bytes).
    Removing stm32f1xx_hal_cortex.o(i.HAL_NVIC_GetPendingIRQ), (36 bytes).
    Removing stm32f1xx_hal_cortex.o(i.HAL_NVIC_GetPriority), (82 bytes).
    Removing stm32f1xx_hal_cortex.o(i.HAL_NVIC_GetPriorityGrouping), (16 bytes).
    Removing stm32f1xx_hal_cortex.o(i.HAL_NVIC_SetPendingIRQ), (26 bytes).
    Removing stm32f1xx_hal_cortex.o(i.HAL_NVIC_SystemReset), (36 bytes).
    Removing stm32f1xx_hal_cortex.o(i.HAL_SYSTICK_CLKSourceConfig), (24 bytes).
    Removing stm32f1xx_hal_cortex.o(i.HAL_SYSTICK_Callback), (2 bytes).
    Removing stm32f1xx_hal_cortex.o(i.HAL_SYSTICK_IRQHandler), (8 bytes).
    Removing stm32f1xx_hal_pwr.o(.rev16_text), (4 bytes).
    Removing stm32f1xx_hal_pwr.o(.revsh_text), (4 bytes).
    Removing stm32f1xx_hal_pwr.o(.rrx_text), (6 bytes).
    Removing stm32f1xx_hal_pwr.o(i.HAL_PWR_ConfigPVD), (124 bytes).
    Removing stm32f1xx_hal_pwr.o(i.HAL_PWR_DeInit), (24 bytes).
    Removing stm32f1xx_hal_pwr.o(i.HAL_PWR_DisableBkUpAccess), (12 bytes).
    Removing stm32f1xx_hal_pwr.o(i.HAL_PWR_DisablePVD), (12 bytes).
    Removing stm32f1xx_hal_pwr.o(i.HAL_PWR_DisableSEVOnPend), (16 bytes).
    Removing stm32f1xx_hal_pwr.o(i.HAL_PWR_DisableSleepOnExit), (16 bytes).
    Removing stm32f1xx_hal_pwr.o(i.HAL_PWR_DisableWakeUpPin), (28 bytes).
    Removing stm32f1xx_hal_pwr.o(i.HAL_PWR_EnableBkUpAccess), (12 bytes).
    Removing stm32f1xx_hal_pwr.o(i.HAL_PWR_EnablePVD), (12 bytes).
    Removing stm32f1xx_hal_pwr.o(i.HAL_PWR_EnableSEVOnPend), (16 bytes).
    Removing stm32f1xx_hal_pwr.o(i.HAL_PWR_EnableSleepOnExit), (16 bytes).
    Removing stm32f1xx_hal_pwr.o(i.HAL_PWR_EnableWakeUpPin), (28 bytes).
    Removing stm32f1xx_hal_pwr.o(i.HAL_PWR_EnterSLEEPMode), (32 bytes).
    Removing stm32f1xx_hal_pwr.o(i.HAL_PWR_EnterSTANDBYMode), (32 bytes).
    Removing stm32f1xx_hal_pwr.o(i.HAL_PWR_EnterSTOPMode), (68 bytes).
    Removing stm32f1xx_hal_pwr.o(i.HAL_PWR_PVDCallback), (2 bytes).
    Removing stm32f1xx_hal_pwr.o(i.HAL_PWR_PVD_IRQHandler), (28 bytes).
    Removing stm32f1xx_hal_pwr.o(i.PWR_OverloadWfe), (6 bytes).
    Removing stm32f1xx_hal_flash.o(.rev16_text), (4 bytes).
    Removing stm32f1xx_hal_flash.o(.revsh_text), (4 bytes).
    Removing stm32f1xx_hal_flash.o(.rrx_text), (6 bytes).
    Removing stm32f1xx_hal_flash.o(i.FLASH_Program_HalfWord), (28 bytes).
    Removing stm32f1xx_hal_flash.o(i.FLASH_SetErrorCode), (92 bytes).
    Removing stm32f1xx_hal_flash.o(i.FLASH_WaitForLastOperation), (84 bytes).
    Removing stm32f1xx_hal_flash.o(i.HAL_FLASH_EndOfOperationCallback), (2 bytes).
    Removing stm32f1xx_hal_flash.o(i.HAL_FLASH_GetError), (12 bytes).
    Removing stm32f1xx_hal_flash.o(i.HAL_FLASH_IRQHandler), (264 bytes).
    Removing stm32f1xx_hal_flash.o(i.HAL_FLASH_Lock), (20 bytes).
    Removing stm32f1xx_hal_flash.o(i.HAL_FLASH_OB_Launch), (4 bytes).
    Removing stm32f1xx_hal_flash.o(i.HAL_FLASH_OB_Lock), (20 bytes).
    Removing stm32f1xx_hal_flash.o(i.HAL_FLASH_OB_Unlock), (36 bytes).
    Removing stm32f1xx_hal_flash.o(i.HAL_FLASH_OperationErrorCallback), (2 bytes).
    Removing stm32f1xx_hal_flash.o(i.HAL_FLASH_Program), (128 bytes).
    Removing stm32f1xx_hal_flash.o(i.HAL_FLASH_Program_IT), (80 bytes).
    Removing stm32f1xx_hal_flash.o(i.HAL_FLASH_Unlock), (40 bytes).
    Removing stm32f1xx_hal_flash.o(.bss), (32 bytes).
    Removing stm32f1xx_hal_flash_ex.o(.rev16_text), (4 bytes).
    Removing stm32f1xx_hal_flash_ex.o(.revsh_text), (4 bytes).
    Removing stm32f1xx_hal_flash_ex.o(.rrx_text), (6 bytes).
    Removing stm32f1xx_hal_flash_ex.o(i.FLASH_MassErase), (36 bytes).
    Removing stm32f1xx_hal_flash_ex.o(i.FLASH_OB_DisableWRP), (176 bytes).
    Removing stm32f1xx_hal_flash_ex.o(i.FLASH_OB_EnableWRP), (176 bytes).
    Removing stm32f1xx_hal_flash_ex.o(i.FLASH_OB_GetRDP), (24 bytes).
    Removing stm32f1xx_hal_flash_ex.o(i.FLASH_OB_RDP_LevelConfig), (100 bytes).
    Removing stm32f1xx_hal_flash_ex.o(i.FLASH_PageErase), (36 bytes).
    Removing stm32f1xx_hal_flash_ex.o(i.HAL_FLASHEx_Erase), (168 bytes).
    Removing stm32f1xx_hal_flash_ex.o(i.HAL_FLASHEx_Erase_IT), (72 bytes).
    Removing stm32f1xx_hal_flash_ex.o(i.HAL_FLASHEx_OBErase), (84 bytes).
    Removing stm32f1xx_hal_flash_ex.o(i.HAL_FLASHEx_OBGetConfig), (36 bytes).
    Removing stm32f1xx_hal_flash_ex.o(i.HAL_FLASHEx_OBGetUserData), (32 bytes).
    Removing stm32f1xx_hal_flash_ex.o(i.HAL_FLASHEx_OBProgram), (200 bytes).
    Removing stm32f1xx_hal_exti.o(.rev16_text), (4 bytes).
    Removing stm32f1xx_hal_exti.o(.revsh_text), (4 bytes).
    Removing stm32f1xx_hal_exti.o(.rrx_text), (6 bytes).
    Removing stm32f1xx_hal_exti.o(i.HAL_EXTI_ClearConfigLine), (104 bytes).
    Removing stm32f1xx_hal_exti.o(i.HAL_EXTI_ClearPending), (20 bytes).
    Removing stm32f1xx_hal_exti.o(i.HAL_EXTI_GenerateSWI), (20 bytes).
    Removing stm32f1xx_hal_exti.o(i.HAL_EXTI_GetConfigLine), (140 bytes).
    Removing stm32f1xx_hal_exti.o(i.HAL_EXTI_GetHandle), (12 bytes).
    Removing stm32f1xx_hal_exti.o(i.HAL_EXTI_GetPending), (24 bytes).
    Removing stm32f1xx_hal_exti.o(i.HAL_EXTI_IRQHandler), (36 bytes).
    Removing stm32f1xx_hal_exti.o(i.HAL_EXTI_RegisterCallback), (14 bytes).
    Removing stm32f1xx_hal_exti.o(i.HAL_EXTI_SetConfigLine), (164 bytes).
    Removing stm32f1xx_hal_tim.o(.rev16_text), (4 bytes).
    Removing stm32f1xx_hal_tim.o(.revsh_text), (4 bytes).
    Removing stm32f1xx_hal_tim.o(.rrx_text), (6 bytes).
    Removing stm32f1xx_hal_tim_ex.o(.rev16_text), (4 bytes).
    Removing stm32f1xx_hal_tim_ex.o(.revsh_text), (4 bytes).
    Removing stm32f1xx_hal_tim_ex.o(.rrx_text), (6 bytes).
    Removing stm32f1xx_hal_uart.o(.rev16_text), (4 bytes).
    Removing stm32f1xx_hal_uart.o(.revsh_text), (4 bytes).
    Removing stm32f1xx_hal_uart.o(.rrx_text), (6 bytes).
    Removing stm32f1xx_hal_uart.o(i.HAL_HalfDuplex_EnableReceiver), (50 bytes).
    Removing stm32f1xx_hal_uart.o(i.HAL_HalfDuplex_EnableTransmitter), (50 bytes).
    Removing stm32f1xx_hal_uart.o(i.HAL_HalfDuplex_Init), (110 bytes).
    Removing stm32f1xx_hal_uart.o(i.HAL_LIN_Init), (130 bytes).
    Removing stm32f1xx_hal_uart.o(i.HAL_LIN_SendBreak), (60 bytes).
    Removing stm32f1xx_hal_uart.o(i.HAL_MultiProcessor_EnterMuteMode), (62 bytes).
    Removing stm32f1xx_hal_uart.o(i.HAL_MultiProcessor_ExitMuteMode), (62 bytes).
    Removing stm32f1xx_hal_uart.o(i.HAL_MultiProcessor_Init), (144 bytes).
    Removing stm32f1xx_hal_uart.o(i.HAL_UARTEx_GetRxEventType), (4 bytes).
    Removing stm32f1xx_hal_uart.o(i.HAL_UARTEx_ReceiveToIdle), (240 bytes).
    Removing stm32f1xx_hal_uart.o(i.HAL_UARTEx_ReceiveToIdle_DMA), (74 bytes).
    Removing stm32f1xx_hal_uart.o(i.HAL_UARTEx_ReceiveToIdle_IT), (78 bytes).
    Removing stm32f1xx_hal_uart.o(i.HAL_UART_Abort), (210 bytes).
    Removing stm32f1xx_hal_uart.o(i.HAL_UART_AbortCpltCallback), (2 bytes).
    Removing stm32f1xx_hal_uart.o(i.HAL_UART_AbortReceive), (148 bytes).
    Removing stm32f1xx_hal_uart.o(i.HAL_UART_AbortReceiveCpltCallback), (2 bytes).
    Removing stm32f1xx_hal_uart.o(i.HAL_UART_AbortReceive_IT), (152 bytes).
    Removing stm32f1xx_hal_uart.o(i.HAL_UART_AbortTransmit), (98 bytes).
    Removing stm32f1xx_hal_uart.o(i.HAL_UART_AbortTransmitCpltCallback), (2 bytes).
    Removing stm32f1xx_hal_uart.o(i.HAL_UART_AbortTransmit_IT), (104 bytes).
    Removing stm32f1xx_hal_uart.o(i.HAL_UART_Abort_IT), (244 bytes).
    Removing stm32f1xx_hal_uart.o(i.HAL_UART_DMAPause), (120 bytes).
    Removing stm32f1xx_hal_uart.o(i.HAL_UART_DMAResume), (114 bytes).
    Removing stm32f1xx_hal_uart.o(i.HAL_UART_DeInit), (54 bytes).
    Removing stm32f1xx_hal_uart.o(i.HAL_UART_GetError), (4 bytes).
    Removing stm32f1xx_hal_uart.o(i.HAL_UART_GetState), (10 bytes).
    Removing stm32f1xx_hal_uart.o(i.HAL_UART_MspDeInit), (2 bytes).
    Removing stm32f1xx_hal_uart.o(i.HAL_UART_MspInit), (2 bytes).
    Removing stm32f1xx_hal_uart.o(i.HAL_UART_Receive), (176 bytes).
    Removing stm32f1xx_hal_uart.o(i.HAL_UART_Receive_IT), (28 bytes).
    Removing stm32f1xx_hal_uart.o(i.HAL_UART_Transmit_DMA), (120 bytes).
    Removing stm32f1xx_hal_uart.o(i.HAL_UART_Transmit_IT), (50 bytes).
    Removing stm32f1xx_hal_uart.o(i.HAL_UART_TxHalfCpltCallback), (2 bytes).
    Removing stm32f1xx_hal_uart.o(i.UART_DMARxAbortCallback), (44 bytes).
    Removing stm32f1xx_hal_uart.o(i.UART_DMARxOnlyAbortCallback), (22 bytes).
    Removing stm32f1xx_hal_uart.o(i.UART_DMATransmitCplt), (66 bytes).
    Removing stm32f1xx_hal_uart.o(i.UART_DMATxAbortCallback), (44 bytes).
    Removing stm32f1xx_hal_uart.o(i.UART_DMATxHalfCplt), (10 bytes).
    Removing stm32f1xx_hal_uart.o(i.UART_DMATxOnlyAbortCallback), (20 bytes).
    Removing stm32f1xx_hal_uart.o(i.UART_Start_Receive_IT), (54 bytes).
    Removing system_stm32f1xx.o(.rev16_text), (4 bytes).
    Removing system_stm32f1xx.o(.revsh_text), (4 bytes).
    Removing system_stm32f1xx.o(.rrx_text), (6 bytes).
    Removing system_stm32f1xx.o(i.SystemCoreClockUpdate), (104 bytes).
    Removing lcd_1602.o(.rev16_text), (4 bytes).
    Removing lcd_1602.o(.revsh_text), (4 bytes).
    Removing lcd_1602.o(.rrx_text), (6 bytes).
    Removing lcd_1602.o(i.GPIO_ReadOutputData), (6 bytes).
    Removing lcd_1602.o(i.GPIO_Write), (4 bytes).
    Removing dht11.o(.rev16_text), (4 bytes).
    Removing dht11.o(.revsh_text), (4 bytes).
    Removing dht11.o(.rrx_text), (6 bytes).
    Removing motor.o(.rev16_text), (4 bytes).
    Removing motor.o(.revsh_text), (4 bytes).
    Removing motor.o(.rrx_text), (6 bytes).
    Removing motor.o(i.close_motor), (16 bytes).
    Removing esp8266.o(.rev16_text), (4 bytes).
    Removing esp8266.o(.revsh_text), (4 bytes).
    Removing esp8266.o(.rrx_text), (6 bytes).

272 unused section(s) (total 13120 bytes) removed from the image.

==============================================================================

Image Symbol Table

    Local Symbols

    Symbol Name                              Value     Ov Type        Size  Object(Section)

    ../Core/Src/adc.c                        0x00000000   Number         0  adc.o ABSOLUTE
    ../Core/Src/dma.c                        0x00000000   Number         0  dma.o ABSOLUTE
    ../Core/Src/gpio.c                       0x00000000   Number         0  gpio.o ABSOLUTE
    ../Core/Src/main.c                       0x00000000   Number         0  main.o ABSOLUTE
    ../Core/Src/stm32f1xx_hal_msp.c          0x00000000   Number         0  stm32f1xx_hal_msp.o ABSOLUTE
    ../Core/Src/stm32f1xx_it.c               0x00000000   Number         0  stm32f1xx_it.o ABSOLUTE
    ../Core/Src/system_stm32f1xx.c           0x00000000   Number         0  system_stm32f1xx.o ABSOLUTE
    ../Core/Src/usart.c                      0x00000000   Number         0  usart.o ABSOLUTE
    ../Drivers/STM32F1xx_HAL_Driver/Src/stm32f1xx_hal.c 0x00000000   Number         0  stm32f1xx_hal.o ABSOLUTE
    ../Drivers/STM32F1xx_HAL_Driver/Src/stm32f1xx_hal_adc.c 0x00000000   Number         0  stm32f1xx_hal_adc.o ABSOLUTE
    ../Drivers/STM32F1xx_HAL_Driver/Src/stm32f1xx_hal_adc_ex.c 0x00000000   Number         0  stm32f1xx_hal_adc_ex.o ABSOLUTE
    ../Drivers/STM32F1xx_HAL_Driver/Src/stm32f1xx_hal_cortex.c 0x00000000   Number         0  stm32f1xx_hal_cortex.o ABSOLUTE
    ../Drivers/STM32F1xx_HAL_Driver/Src/stm32f1xx_hal_dma.c 0x00000000   Number         0  stm32f1xx_hal_dma.o ABSOLUTE
    ../Drivers/STM32F1xx_HAL_Driver/Src/stm32f1xx_hal_exti.c 0x00000000   Number         0  stm32f1xx_hal_exti.o ABSOLUTE
    ../Drivers/STM32F1xx_HAL_Driver/Src/stm32f1xx_hal_flash.c 0x00000000   Number         0  stm32f1xx_hal_flash.o ABSOLUTE
    ../Drivers/STM32F1xx_HAL_Driver/Src/stm32f1xx_hal_flash_ex.c 0x00000000   Number         0  stm32f1xx_hal_flash_ex.o ABSOLUTE
    ../Drivers/STM32F1xx_HAL_Driver/Src/stm32f1xx_hal_gpio.c 0x00000000   Number         0  stm32f1xx_hal_gpio.o ABSOLUTE
    ../Drivers/STM32F1xx_HAL_Driver/Src/stm32f1xx_hal_gpio_ex.c 0x00000000   Number         0  stm32f1xx_hal_gpio_ex.o ABSOLUTE
    ../Drivers/STM32F1xx_HAL_Driver/Src/stm32f1xx_hal_pwr.c 0x00000000   Number         0  stm32f1xx_hal_pwr.o ABSOLUTE
    ../Drivers/STM32F1xx_HAL_Driver/Src/stm32f1xx_hal_rcc.c 0x00000000   Number         0  stm32f1xx_hal_rcc.o ABSOLUTE
    ../Drivers/STM32F1xx_HAL_Driver/Src/stm32f1xx_hal_rcc_ex.c 0x00000000   Number         0  stm32f1xx_hal_rcc_ex.o ABSOLUTE
    ../Drivers/STM32F1xx_HAL_Driver/Src/stm32f1xx_hal_tim.c 0x00000000   Number         0  stm32f1xx_hal_tim.o ABSOLUTE
    ../Drivers/STM32F1xx_HAL_Driver/Src/stm32f1xx_hal_tim_ex.c 0x00000000   Number         0  stm32f1xx_hal_tim_ex.o ABSOLUTE
    ../Drivers/STM32F1xx_HAL_Driver/Src/stm32f1xx_hal_uart.c 0x00000000   Number         0  stm32f1xx_hal_uart.o ABSOLUTE
    ../clib/microlib/division.c              0x00000000   Number         0  uidiv.o ABSOLUTE
    ../clib/microlib/division.c              0x00000000   Number         0  uldiv.o ABSOLUTE
    ../clib/microlib/init/entry.s            0x00000000   Number         0  entry5.o ABSOLUTE
    ../clib/microlib/init/entry.s            0x00000000   Number         0  entry10b.o ABSOLUTE
    ../clib/microlib/init/entry.s            0x00000000   Number         0  entry8b.o ABSOLUTE
    ../clib/microlib/init/entry.s            0x00000000   Number         0  entry9a.o ABSOLUTE
    ../clib/microlib/init/entry.s            0x00000000   Number         0  entry11b.o ABSOLUTE
    ../clib/microlib/init/entry.s            0x00000000   Number         0  entry11a.o ABSOLUTE
    ../clib/microlib/init/entry.s            0x00000000   Number         0  entry9b.o ABSOLUTE
    ../clib/microlib/init/entry.s            0x00000000   Number         0  entry8a.o ABSOLUTE
    ../clib/microlib/init/entry.s            0x00000000   Number         0  entry7b.o ABSOLUTE
    ../clib/microlib/init/entry.s            0x00000000   Number         0  entry10a.o ABSOLUTE
    ../clib/microlib/init/entry.s            0x00000000   Number         0  entry7a.o ABSOLUTE
    ../clib/microlib/init/entry.s            0x00000000   Number         0  entry2.o ABSOLUTE
    ../clib/microlib/init/entry.s            0x00000000   Number         0  entry.o ABSOLUTE
    ../clib/microlib/longlong.c              0x00000000   Number         0  llushr.o ABSOLUTE
    ../clib/microlib/longlong.c              0x00000000   Number         0  llshl.o ABSOLUTE
    ../clib/microlib/longlong.c              0x00000000   Number         0  llsshr.o ABSOLUTE
    ../clib/microlib/printf/printf.c         0x00000000   Number         0  printf3.o ABSOLUTE
    ../clib/microlib/printf/printf.c         0x00000000   Number         0  printf7.o ABSOLUTE
    ../clib/microlib/printf/printf.c         0x00000000   Number         0  printf6.o ABSOLUTE
    ../clib/microlib/printf/printf.c         0x00000000   Number         0  printf5.o ABSOLUTE
    ../clib/microlib/printf/printf.c         0x00000000   Number         0  printf1.o ABSOLUTE
    ../clib/microlib/printf/printf.c         0x00000000   Number         0  printf2.o ABSOLUTE
    ../clib/microlib/printf/printf.c         0x00000000   Number         0  printfa.o ABSOLUTE
    ../clib/microlib/printf/printf.c         0x00000000   Number         0  printf8.o ABSOLUTE
    ../clib/microlib/printf/printf.c         0x00000000   Number         0  printf0.o ABSOLUTE
    ../clib/microlib/printf/printf.c         0x00000000   Number         0  printfb.o ABSOLUTE
    ../clib/microlib/printf/printf.c         0x00000000   Number         0  printf4.o ABSOLUTE
    ../clib/microlib/printf/stubs.s          0x00000000   Number         0  stubs.o ABSOLUTE
    ../clib/microlib/stdio/streams.c         0x00000000   Number         0  stdout.o ABSOLUTE
    ../clib/microlib/string/memcmp.c         0x00000000   Number         0  memcmp.o ABSOLUTE
    ../clib/microlib/string/memset.c         0x00000000   Number         0  memseta.o ABSOLUTE
    ../clib/microlib/stubs.s                 0x00000000   Number         0  iusefp.o ABSOLUTE
    ../fplib/microlib/d2f.c                  0x00000000   Number         0  d2f.o ABSOLUTE
    ../fplib/microlib/f2d.c                  0x00000000   Number         0  f2d.o ABSOLUTE
    ../fplib/microlib/fpadd.c                0x00000000   Number         0  dadd.o ABSOLUTE
    ../fplib/microlib/fpdiv.c                0x00000000   Number         0  ddiv.o ABSOLUTE
    ../fplib/microlib/fpepilogue.c           0x00000000   Number         0  fepilogue.o ABSOLUTE
    ../fplib/microlib/fpepilogue.c           0x00000000   Number         0  depilogue.o ABSOLUTE
    ../fplib/microlib/fpfix.c                0x00000000   Number         0  dfixul.o ABSOLUTE
    ../fplib/microlib/fpfix.c                0x00000000   Number         0  dfixi.o ABSOLUTE
    ../fplib/microlib/fpflt.c                0x00000000   Number         0  dfltui.o ABSOLUTE
    ../fplib/microlib/fpflt.c                0x00000000   Number         0  dflti.o ABSOLUTE
    ../fplib/microlib/fpmul.c                0x00000000   Number         0  dmul.o ABSOLUTE
    ../fplib/microlib/fpscalb.c              0x00000000   Number         0  dscalb.o ABSOLUTE
    ..\BSP\DHT11.c                           0x00000000   Number         0  dht11.o ABSOLUTE
    ..\BSP\esp8266.c                         0x00000000   Number         0  esp8266.o ABSOLUTE
    ..\BSP\lcd_1602.c                        0x00000000   Number         0  lcd_1602.o ABSOLUTE
    ..\BSP\motor.c                           0x00000000   Number         0  motor.o ABSOLUTE
    ..\Core\Src\adc.c                        0x00000000   Number         0  adc.o ABSOLUTE
    ..\Core\Src\dma.c                        0x00000000   Number         0  dma.o ABSOLUTE
    ..\Core\Src\gpio.c                       0x00000000   Number         0  gpio.o ABSOLUTE
    ..\Core\Src\main.c                       0x00000000   Number         0  main.o ABSOLUTE
    ..\Core\Src\stm32f1xx_hal_msp.c          0x00000000   Number         0  stm32f1xx_hal_msp.o ABSOLUTE
    ..\Core\Src\stm32f1xx_it.c               0x00000000   Number         0  stm32f1xx_it.o ABSOLUTE
    ..\Core\Src\system_stm32f1xx.c           0x00000000   Number         0  system_stm32f1xx.o ABSOLUTE
    ..\Core\Src\usart.c                      0x00000000   Number         0  usart.o ABSOLUTE
    ..\Drivers\STM32F1xx_HAL_Driver\Src\stm32f1xx_hal.c 0x00000000   Number         0  stm32f1xx_hal.o ABSOLUTE
    ..\Drivers\STM32F1xx_HAL_Driver\Src\stm32f1xx_hal_adc.c 0x00000000   Number         0  stm32f1xx_hal_adc.o ABSOLUTE
    ..\Drivers\STM32F1xx_HAL_Driver\Src\stm32f1xx_hal_adc_ex.c 0x00000000   Number         0  stm32f1xx_hal_adc_ex.o ABSOLUTE
    ..\Drivers\STM32F1xx_HAL_Driver\Src\stm32f1xx_hal_cortex.c 0x00000000   Number         0  stm32f1xx_hal_cortex.o ABSOLUTE
    ..\Drivers\STM32F1xx_HAL_Driver\Src\stm32f1xx_hal_dma.c 0x00000000   Number         0  stm32f1xx_hal_dma.o ABSOLUTE
    ..\Drivers\STM32F1xx_HAL_Driver\Src\stm32f1xx_hal_exti.c 0x00000000   Number         0  stm32f1xx_hal_exti.o ABSOLUTE
    ..\Drivers\STM32F1xx_HAL_Driver\Src\stm32f1xx_hal_flash.c 0x00000000   Number         0  stm32f1xx_hal_flash.o ABSOLUTE
    ..\Drivers\STM32F1xx_HAL_Driver\Src\stm32f1xx_hal_flash_ex.c 0x00000000   Number         0  stm32f1xx_hal_flash_ex.o ABSOLUTE
    ..\Drivers\STM32F1xx_HAL_Driver\Src\stm32f1xx_hal_gpio.c 0x00000000   Number         0  stm32f1xx_hal_gpio.o ABSOLUTE
    ..\Drivers\STM32F1xx_HAL_Driver\Src\stm32f1xx_hal_gpio_ex.c 0x00000000   Number         0  stm32f1xx_hal_gpio_ex.o ABSOLUTE
    ..\Drivers\STM32F1xx_HAL_Driver\Src\stm32f1xx_hal_pwr.c 0x00000000   Number         0  stm32f1xx_hal_pwr.o ABSOLUTE
    ..\Drivers\STM32F1xx_HAL_Driver\Src\stm32f1xx_hal_rcc.c 0x00000000   Number         0  stm32f1xx_hal_rcc.o ABSOLUTE
    ..\Drivers\STM32F1xx_HAL_Driver\Src\stm32f1xx_hal_rcc_ex.c 0x00000000   Number         0  stm32f1xx_hal_rcc_ex.o ABSOLUTE
    ..\Drivers\STM32F1xx_HAL_Driver\Src\stm32f1xx_hal_tim.c 0x00000000   Number         0  stm32f1xx_hal_tim.o ABSOLUTE
    ..\Drivers\STM32F1xx_HAL_Driver\Src\stm32f1xx_hal_tim_ex.c 0x00000000   Number         0  stm32f1xx_hal_tim_ex.o ABSOLUTE
    ..\Drivers\STM32F1xx_HAL_Driver\Src\stm32f1xx_hal_uart.c 0x00000000   Number         0  stm32f1xx_hal_uart.o ABSOLUTE
    ..\\BSP\\DHT11.c                         0x00000000   Number         0  dht11.o ABSOLUTE
    ..\\BSP\\esp8266.c                       0x00000000   Number         0  esp8266.o ABSOLUTE
    ..\\BSP\\lcd_1602.c                      0x00000000   Number         0  lcd_1602.o ABSOLUTE
    ..\\BSP\\motor.c                         0x00000000   Number         0  motor.o ABSOLUTE
    cdrcmple.s                               0x00000000   Number         0  cdrcmple.o ABSOLUTE
    dc.s                                     0x00000000   Number         0  dc.o ABSOLUTE
    handlers.s                               0x00000000   Number         0  handlers.o ABSOLUTE
    init.s                                   0x00000000   Number         0  init.o ABSOLUTE
    startup_stm32f103xb.s                    0x00000000   Number         0  startup_stm32f103xb.o ABSOLUTE
    RESET                                    0x08000000   Section      236  startup_stm32f103xb.o(RESET)
    .ARM.Collect$$$$00000000                 0x080000ec   Section        0  entry.o(.ARM.Collect$$$$00000000)
    .ARM.Collect$$$$00000001                 0x080000ec   Section        4  entry2.o(.ARM.Collect$$$$00000001)
    .ARM.Collect$$$$00000004                 0x080000f0   Section        4  entry5.o(.ARM.Collect$$$$00000004)
    .ARM.Collect$$$$00000008                 0x080000f4   Section        0  entry7b.o(.ARM.Collect$$$$00000008)
    .ARM.Collect$$$$0000000A                 0x080000f4   Section        0  entry8b.o(.ARM.Collect$$$$0000000A)
    .ARM.Collect$$$$0000000B                 0x080000f4   Section        8  entry9a.o(.ARM.Collect$$$$0000000B)
    .ARM.Collect$$$$0000000D                 0x080000fc   Section        0  entry10a.o(.ARM.Collect$$$$0000000D)
    .ARM.Collect$$$$0000000F                 0x080000fc   Section        0  entry11a.o(.ARM.Collect$$$$0000000F)
    .ARM.Collect$$$$00002712                 0x080000fc   Section        4  entry2.o(.ARM.Collect$$$$00002712)
    __lit__00000000                          0x080000fc   Data           4  entry2.o(.ARM.Collect$$$$00002712)
    .text                                    0x08000100   Section       36  startup_stm32f103xb.o(.text)
    .text                                    0x08000124   Section        0  llushr.o(.text)
    .text                                    0x08000144   Section        0  memseta.o(.text)
    .text                                    0x08000168   Section        0  memcmp.o(.text)
    .text                                    0x08000182   Section        0  dmul.o(.text)
    .text                                    0x08000266   Section        0  ddiv.o(.text)
    .text                                    0x08000344   Section        0  dscalb.o(.text)
    .text                                    0x08000372   Section        0  dflti.o(.text)
    .text                                    0x08000394   Section        0  dfltui.o(.text)
    .text                                    0x080003ae   Section        0  dfixi.o(.text)
    .text                                    0x080003ec   Section        0  f2d.o(.text)
    .text                                    0x08000412   Section        0  d2f.o(.text)
    .text                                    0x0800044a   Section        0  uidiv.o(.text)
    .text                                    0x08000476   Section        0  uldiv.o(.text)
    .text                                    0x080004d8   Section        0  iusefp.o(.text)
    .text                                    0x080004d8   Section        0  fepilogue.o(.text)
    .text                                    0x08000546   Section        0  depilogue.o(.text)
    .text                                    0x08000600   Section        0  dadd.o(.text)
    .text                                    0x0800074e   Section        0  dfixul.o(.text)
    .text                                    0x08000780   Section       48  cdrcmple.o(.text)
    .text                                    0x080007b0   Section       36  init.o(.text)
    .text                                    0x080007d4   Section        0  llshl.o(.text)
    .text                                    0x080007f2   Section        0  llsshr.o(.text)
    i.ADC_ConversionStop_Disable             0x08000818   Section        0  stm32f1xx_hal_adc.o(i.ADC_ConversionStop_Disable)
    i.ADC_Enable                             0x08000870   Section        0  stm32f1xx_hal_adc.o(i.ADC_Enable)
    i.BusFault_Handler                       0x080008ec   Section        0  stm32f1xx_it.o(i.BusFault_Handler)
    i.Coarse_delay_us                        0x080008f0   Section        0  dht11.o(i.Coarse_delay_us)
    i.DHT11                                  0x0800090c   Section        0  dht11.o(i.DHT11)
    i.DHT11_Check                            0x08000920   Section        0  dht11.o(i.DHT11_Check)
    i.DHT11_GPIO_MODE_SET                    0x08000940   Section        0  dht11.o(i.DHT11_GPIO_MODE_SET)
    DHT11_GPIO_MODE_SET                      0x08000941   Thumb Code    42  dht11.o(i.DHT11_GPIO_MODE_SET)
    i.DHT11_READ_BIT                         0x08000970   Section        0  dht11.o(i.DHT11_READ_BIT)
    i.DHT11_READ_BYTE                        0x080009ac   Section        0  dht11.o(i.DHT11_READ_BYTE)
    i.DHT11_READ_DATA                        0x080009cc   Section        0  dht11.o(i.DHT11_READ_DATA)
    i.DHT11_START                            0x08000ac8   Section        0  dht11.o(i.DHT11_START)
    i.DMA1_Channel3_IRQHandler               0x08000af0   Section        0  stm32f1xx_it.o(i.DMA1_Channel3_IRQHandler)
    i.DMA_SetConfig                          0x08000afc   Section        0  stm32f1xx_hal_dma.o(i.DMA_SetConfig)
    DMA_SetConfig                            0x08000afd   Thumb Code    42  stm32f1xx_hal_dma.o(i.DMA_SetConfig)
    i.DebugMon_Handler                       0x08000b26   Section        0  stm32f1xx_it.o(i.DebugMon_Handler)
    i.EXTI15_10_IRQHandler                   0x08000b28   Section        0  stm32f1xx_it.o(i.EXTI15_10_IRQHandler)
    i.Error_Handler                          0x08000b46   Section        0  main.o(i.Error_Handler)
    i.HAL_ADC_ConfigChannel                  0x08000b4c   Section        0  stm32f1xx_hal_adc.o(i.HAL_ADC_ConfigChannel)
    i.HAL_ADC_GetValue                       0x08000c48   Section        0  stm32f1xx_hal_adc.o(i.HAL_ADC_GetValue)
    i.HAL_ADC_Init                           0x08000c50   Section        0  stm32f1xx_hal_adc.o(i.HAL_ADC_Init)
    i.HAL_ADC_MspInit                        0x08000d6c   Section        0  adc.o(i.HAL_ADC_MspInit)
    i.HAL_ADC_PollForConversion              0x08000df4   Section        0  stm32f1xx_hal_adc.o(i.HAL_ADC_PollForConversion)
    i.HAL_ADC_Start                          0x08000f30   Section        0  stm32f1xx_hal_adc.o(i.HAL_ADC_Start)
    i.HAL_DMA_Abort                          0x08000ff0   Section        0  stm32f1xx_hal_dma.o(i.HAL_DMA_Abort)
    i.HAL_DMA_Abort_IT                       0x08001038   Section        0  stm32f1xx_hal_dma.o(i.HAL_DMA_Abort_IT)
    i.HAL_DMA_IRQHandler                     0x080010d0   Section        0  stm32f1xx_hal_dma.o(i.HAL_DMA_IRQHandler)
    i.HAL_DMA_Init                           0x08001224   Section        0  stm32f1xx_hal_dma.o(i.HAL_DMA_Init)
    i.HAL_DMA_Start_IT                       0x08001280   Section        0  stm32f1xx_hal_dma.o(i.HAL_DMA_Start_IT)
    i.HAL_Delay                              0x080012f0   Section        0  stm32f1xx_hal.o(i.HAL_Delay)
    i.HAL_GPIO_EXTI_Callback                 0x08001314   Section        0  gpio.o(i.HAL_GPIO_EXTI_Callback)
    i.HAL_GPIO_EXTI_IRQHandler               0x0800133c   Section        0  stm32f1xx_hal_gpio.o(i.HAL_GPIO_EXTI_IRQHandler)
    i.HAL_GPIO_Init                          0x08001354   Section        0  stm32f1xx_hal_gpio.o(i.HAL_GPIO_Init)
    i.HAL_GPIO_ReadPin                       0x08001534   Section        0  stm32f1xx_hal_gpio.o(i.HAL_GPIO_ReadPin)
    i.HAL_GPIO_WritePin                      0x0800153e   Section        0  stm32f1xx_hal_gpio.o(i.HAL_GPIO_WritePin)
    i.HAL_GetTick                            0x08001548   Section        0  stm32f1xx_hal.o(i.HAL_GetTick)
    i.HAL_IncTick                            0x08001554   Section        0  stm32f1xx_hal.o(i.HAL_IncTick)
    i.HAL_Init                               0x08001564   Section        0  stm32f1xx_hal.o(i.HAL_Init)
    i.HAL_InitTick                           0x08001588   Section        0  stm32f1xx_hal.o(i.HAL_InitTick)
    i.HAL_MspInit                            0x080015c8   Section        0  stm32f1xx_hal_msp.o(i.HAL_MspInit)
    i.HAL_NVIC_EnableIRQ                     0x08001604   Section        0  stm32f1xx_hal_cortex.o(i.HAL_NVIC_EnableIRQ)
    i.HAL_NVIC_SetPriority                   0x08001620   Section        0  stm32f1xx_hal_cortex.o(i.HAL_NVIC_SetPriority)
    i.HAL_NVIC_SetPriorityGrouping           0x08001660   Section        0  stm32f1xx_hal_cortex.o(i.HAL_NVIC_SetPriorityGrouping)
    i.HAL_RCCEx_GetPeriphCLKFreq             0x08001684   Section        0  stm32f1xx_hal_rcc_ex.o(i.HAL_RCCEx_GetPeriphCLKFreq)
    i.HAL_RCCEx_PeriphCLKConfig              0x08001728   Section        0  stm32f1xx_hal_rcc_ex.o(i.HAL_RCCEx_PeriphCLKConfig)
    i.HAL_RCC_ClockConfig                    0x08001814   Section        0  stm32f1xx_hal_rcc.o(i.HAL_RCC_ClockConfig)
    i.HAL_RCC_GetHCLKFreq                    0x08001940   Section        0  stm32f1xx_hal_rcc.o(i.HAL_RCC_GetHCLKFreq)
    i.HAL_RCC_GetPCLK1Freq                   0x0800194c   Section        0  stm32f1xx_hal_rcc.o(i.HAL_RCC_GetPCLK1Freq)
    i.HAL_RCC_GetPCLK2Freq                   0x0800196c   Section        0  stm32f1xx_hal_rcc.o(i.HAL_RCC_GetPCLK2Freq)
    i.HAL_RCC_GetSysClockFreq                0x0800198c   Section        0  stm32f1xx_hal_rcc.o(i.HAL_RCC_GetSysClockFreq)
    i.HAL_RCC_OscConfig                      0x080019d8   Section        0  stm32f1xx_hal_rcc.o(i.HAL_RCC_OscConfig)
    i.HAL_SYSTICK_Config                     0x08001cf8   Section        0  stm32f1xx_hal_cortex.o(i.HAL_SYSTICK_Config)
    i.HAL_UARTEx_RxEventCallback             0x08001d20   Section        0  stm32f1xx_hal_uart.o(i.HAL_UARTEx_RxEventCallback)
    i.HAL_UART_DMAStop                       0x08001d22   Section        0  stm32f1xx_hal_uart.o(i.HAL_UART_DMAStop)
    i.HAL_UART_ErrorCallback                 0x08001d92   Section        0  stm32f1xx_hal_uart.o(i.HAL_UART_ErrorCallback)
    i.HAL_UART_IRQHandler                    0x08001d94   Section        0  stm32f1xx_hal_uart.o(i.HAL_UART_IRQHandler)
    i.HAL_UART_Init                          0x08002000   Section        0  stm32f1xx_hal_uart.o(i.HAL_UART_Init)
    i.HAL_UART_MspInit                       0x08002064   Section        0  usart.o(i.HAL_UART_MspInit)
    i.HAL_UART_Receive_DMA                   0x08002164   Section        0  stm32f1xx_hal_uart.o(i.HAL_UART_Receive_DMA)
    i.HAL_UART_RxCpltCallback                0x08002180   Section        0  stm32f1xx_hal_uart.o(i.HAL_UART_RxCpltCallback)
    i.HAL_UART_RxHalfCpltCallback            0x08002182   Section        0  stm32f1xx_hal_uart.o(i.HAL_UART_RxHalfCpltCallback)
    i.HAL_UART_Transmit                      0x08002184   Section        0  stm32f1xx_hal_uart.o(i.HAL_UART_Transmit)
    i.HAL_UART_TxCpltCallback                0x08002224   Section        0  stm32f1xx_hal_uart.o(i.HAL_UART_TxCpltCallback)
    i.HardFault_Handler                      0x08002226   Section        0  stm32f1xx_it.o(i.HardFault_Handler)
    i.LCD_CLR                                0x08002228   Section        0  lcd_1602.o(i.LCD_CLR)
    i.LCD_INIT                               0x0800222e   Section        0  lcd_1602.o(i.LCD_INIT)
    i.LCD_WRITE_CMD                          0x0800224c   Section        0  lcd_1602.o(i.LCD_WRITE_CMD)
    i.LCD_WRITE_DATA                         0x080022b8   Section        0  lcd_1602.o(i.LCD_WRITE_DATA)
    i.MX_ADC1_Init                           0x08002320   Section        0  adc.o(i.MX_ADC1_Init)
    i.MX_ADC2_Init                           0x08002370   Section        0  adc.o(i.MX_ADC2_Init)
    i.MX_DMA_Init                            0x080023c0   Section        0  dma.o(i.MX_DMA_Init)
    i.MX_GPIO_Init                           0x080023ec   Section        0  gpio.o(i.MX_GPIO_Init)
    i.MX_USART1_UART_Init                    0x08002540   Section        0  usart.o(i.MX_USART1_UART_Init)
    i.MX_USART3_UART_Init                    0x08002578   Section        0  usart.o(i.MX_USART3_UART_Init)
    i.MemManage_Handler                      0x080025c8   Section        0  stm32f1xx_it.o(i.MemManage_Handler)
    i.NMI_Handler                            0x080025ca   Section        0  stm32f1xx_it.o(i.NMI_Handler)
    i.PendSV_Handler                         0x080025cc   Section        0  stm32f1xx_it.o(i.PendSV_Handler)
    i.SVC_Handler                            0x080025ce   Section        0  stm32f1xx_it.o(i.SVC_Handler)
    i.SysTick_Handler                        0x080025d0   Section        0  stm32f1xx_it.o(i.SysTick_Handler)
    i.SystemClock_Config                     0x080025d4   Section        0  main.o(i.SystemClock_Config)
    i.SystemInit                             0x0800264c   Section        0  system_stm32f1xx.o(i.SystemInit)
    i.UART_DMAAbortOnError                   0x0800264e   Section        0  stm32f1xx_hal_uart.o(i.UART_DMAAbortOnError)
    UART_DMAAbortOnError                     0x0800264f   Thumb Code    16  stm32f1xx_hal_uart.o(i.UART_DMAAbortOnError)
    i.UART_DMAError                          0x0800265e   Section        0  stm32f1xx_hal_uart.o(i.UART_DMAError)
    UART_DMAError                            0x0800265f   Thumb Code    74  stm32f1xx_hal_uart.o(i.UART_DMAError)
    i.UART_DMAReceiveCplt                    0x080026a8   Section        0  stm32f1xx_hal_uart.o(i.UART_DMAReceiveCplt)
    UART_DMAReceiveCplt                      0x080026a9   Thumb Code   134  stm32f1xx_hal_uart.o(i.UART_DMAReceiveCplt)
    i.UART_DMARxHalfCplt                     0x0800272e   Section        0  stm32f1xx_hal_uart.o(i.UART_DMARxHalfCplt)
    UART_DMARxHalfCplt                       0x0800272f   Thumb Code    30  stm32f1xx_hal_uart.o(i.UART_DMARxHalfCplt)
    i.UART_EndRxTransfer                     0x0800274c   Section        0  stm32f1xx_hal_uart.o(i.UART_EndRxTransfer)
    UART_EndRxTransfer                       0x0800274d   Thumb Code    78  stm32f1xx_hal_uart.o(i.UART_EndRxTransfer)
    i.UART_EndTxTransfer                     0x0800279a   Section        0  stm32f1xx_hal_uart.o(i.UART_EndTxTransfer)
    UART_EndTxTransfer                       0x0800279b   Thumb Code    28  stm32f1xx_hal_uart.o(i.UART_EndTxTransfer)
    i.UART_Receive_IT                        0x080027b6   Section        0  stm32f1xx_hal_uart.o(i.UART_Receive_IT)
    UART_Receive_IT                          0x080027b7   Thumb Code   194  stm32f1xx_hal_uart.o(i.UART_Receive_IT)
    i.UART_SetConfig                         0x08002878   Section        0  stm32f1xx_hal_uart.o(i.UART_SetConfig)
    UART_SetConfig                           0x08002879   Thumb Code   178  stm32f1xx_hal_uart.o(i.UART_SetConfig)
    i.UART_Start_Receive_DMA                 0x08002930   Section        0  stm32f1xx_hal_uart.o(i.UART_Start_Receive_DMA)
    i.UART_WaitOnFlagUntilTimeout            0x080029c0   Section        0  stm32f1xx_hal_uart.o(i.UART_WaitOnFlagUntilTimeout)
    UART_WaitOnFlagUntilTimeout              0x080029c1   Thumb Code   114  stm32f1xx_hal_uart.o(i.UART_WaitOnFlagUntilTimeout)
    i.USART3_IRQHandler                      0x08002a34   Section        0  stm32f1xx_it.o(i.USART3_IRQHandler)
    i.UsageFault_Handler                     0x08002a7c   Section        0  stm32f1xx_it.o(i.UsageFault_Handler)
    i.__0printf                              0x08002a80   Section        0  printfa.o(i.__0printf)
    i.__0sprintf                             0x08002aa0   Section        0  printfa.o(i.__0sprintf)
    i.__NVIC_SetPriority                     0x08002ac8   Section        0  stm32f1xx_hal_cortex.o(i.__NVIC_SetPriority)
    __NVIC_SetPriority                       0x08002ac9   Thumb Code    32  stm32f1xx_hal_cortex.o(i.__NVIC_SetPriority)
    i.__scatterload_copy                     0x08002ae8   Section       14  handlers.o(i.__scatterload_copy)
    i.__scatterload_null                     0x08002af6   Section        2  handlers.o(i.__scatterload_null)
    i.__scatterload_zeroinit                 0x08002af8   Section       14  handlers.o(i.__scatterload_zeroinit)
    i._fp_digits                             0x08002b08   Section        0  printfa.o(i._fp_digits)
    _fp_digits                               0x08002b09   Thumb Code   366  printfa.o(i._fp_digits)
    i._printf_core                           0x08002c8c   Section        0  printfa.o(i._printf_core)
    _printf_core                             0x08002c8d   Thumb Code  1744  printfa.o(i._printf_core)
    i._printf_post_padding                   0x08003368   Section        0  printfa.o(i._printf_post_padding)
    _printf_post_padding                     0x08003369   Thumb Code    36  printfa.o(i._printf_post_padding)
    i._printf_pre_padding                    0x0800338c   Section        0  printfa.o(i._printf_pre_padding)
    _printf_pre_padding                      0x0800338d   Thumb Code    46  printfa.o(i._printf_pre_padding)
    i._sputc                                 0x080033ba   Section        0  printfa.o(i._sputc)
    _sputc                                   0x080033bb   Thumb Code    10  printfa.o(i._sputc)
    i.fputc                                  0x080033c4   Section        0  usart.o(i.fputc)
    i.handle_esp8266                         0x080033dc   Section        0  esp8266.o(i.handle_esp8266)
    i.lay_control                            0x08003464   Section        0  dht11.o(i.lay_control)
    i.lcd1602_show_string                    0x08003474   Section        0  lcd_1602.o(i.lcd1602_show_string)
    i.main                                   0x080034e0   Section        0  main.o(i.main)
    i.motor_angle_cal                        0x08003650   Section        0  motor.o(i.motor_angle_cal)
    i.motor_controld                         0x08003678   Section        0  motor.o(i.motor_controld)
    i.send_wifi                              0x08003744   Section        0  esp8266.o(i.send_wifi)
    i.start_esp8266                          0x080037b8   Section        0  esp8266.o(i.start_esp8266)
    i.ui_setting                             0x080038b8   Section        0  lcd_1602.o(i.ui_setting)
    .constdata                               0x08003940   Section       18  stm32f1xx_hal_rcc.o(.constdata)
    aPredivFactorTable                       0x08003940   Data           2  stm32f1xx_hal_rcc.o(.constdata)
    aPLLMULFactorTable                       0x08003942   Data          16  stm32f1xx_hal_rcc.o(.constdata)
    .constdata                               0x08003952   Section       18  stm32f1xx_hal_rcc_ex.o(.constdata)
    aPredivFactorTable                       0x08003952   Data           2  stm32f1xx_hal_rcc_ex.o(.constdata)
    aPLLMULFactorTable                       0x08003954   Data          16  stm32f1xx_hal_rcc_ex.o(.constdata)
    .constdata                               0x08003964   Section       16  system_stm32f1xx.o(.constdata)
    .constdata                               0x08003974   Section        8  system_stm32f1xx.o(.constdata)
    .data                                    0x20000000   Section        1  gpio.o(.data)
    .data                                    0x20000001   Section        1  usart.o(.data)
    .data                                    0x20000002   Section        1  usart.o(.data)
    .data                                    0x20000004   Section       12  stm32f1xx_hal.o(.data)
    .data                                    0x20000010   Section        4  system_stm32f1xx.o(.data)
    .data                                    0x20000014   Section        4  lcd_1602.o(.data)
    .data                                    0x20000018   Section        4  motor.o(.data)
    .data                                    0x2000001c   Section        2  motor.o(.data)
    .data                                    0x2000001e   Section        1  esp8266.o(.data)
    .data                                    0x20000020   Section        4  stdout.o(.data)
    .bss                                     0x20000024   Section       96  adc.o(.bss)
    .bss                                     0x20000084   Section    10212  usart.o(.bss)
    STACK                                    0x20002868   Section     1024  startup_stm32f103xb.o(STACK)

    Global Symbols

    Symbol Name                              Value     Ov Type        Size  Object(Section)

    BuildAttributes$$THM_ISAv4$P$D$K$B$S$PE$A:L22UL41UL21$X:L11$S22US41US21$IEEE1$IW$USESV6$~STKCKD$USESV7$~SHL$OTIME$ROPI$EBA8$MICROLIB$REQ8$PRES8$EABIv2 0x00000000   Number         0  anon$$obj.o ABSOLUTE
    __ARM_use_no_argv                        0x00000000   Number         0  main.o ABSOLUTE
    _printf_a                                0x00000000   Number         0  stubs.o ABSOLUTE
    _printf_c                                0x00000000   Number         0  stubs.o ABSOLUTE
    _printf_charcount                        0x00000000   Number         0  stubs.o ABSOLUTE
    _printf_d                                0x00000000   Number         0  stubs.o ABSOLUTE
    _printf_e                                0x00000000   Number         0  stubs.o ABSOLUTE
    _printf_f                                0x00000000   Number         0  stubs.o ABSOLUTE
    _printf_flags                            0x00000000   Number         0  stubs.o ABSOLUTE
    _printf_fp_dec                           0x00000000   Number         0  stubs.o ABSOLUTE
    _printf_fp_hex                           0x00000000   Number         0  stubs.o ABSOLUTE
    _printf_g                                0x00000000   Number         0  stubs.o ABSOLUTE
    _printf_i                                0x00000000   Number         0  stubs.o ABSOLUTE
    _printf_int_dec                          0x00000000   Number         0  stubs.o ABSOLUTE
    _printf_l                                0x00000000   Number         0  stubs.o ABSOLUTE
    _printf_lc                               0x00000000   Number         0  stubs.o ABSOLUTE
    _printf_ll                               0x00000000   Number         0  stubs.o ABSOLUTE
    _printf_lld                              0x00000000   Number         0  stubs.o ABSOLUTE
    _printf_lli                              0x00000000   Number         0  stubs.o ABSOLUTE
    _printf_llo                              0x00000000   Number         0  stubs.o ABSOLUTE
    _printf_llu                              0x00000000   Number         0  stubs.o ABSOLUTE
    _printf_llx                              0x00000000   Number         0  stubs.o ABSOLUTE
    _printf_longlong_dec                     0x00000000   Number         0  stubs.o ABSOLUTE
    _printf_longlong_hex                     0x00000000   Number         0  stubs.o ABSOLUTE
    _printf_longlong_oct                     0x00000000   Number         0  stubs.o ABSOLUTE
    _printf_ls                               0x00000000   Number         0  stubs.o ABSOLUTE
    _printf_mbtowc                           0x00000000   Number         0  stubs.o ABSOLUTE
    _printf_n                                0x00000000   Number         0  stubs.o ABSOLUTE
    _printf_o                                0x00000000   Number         0  stubs.o ABSOLUTE
    _printf_p                                0x00000000   Number         0  stubs.o ABSOLUTE
    _printf_percent                          0x00000000   Number         0  stubs.o ABSOLUTE
    _printf_pre_padding                      0x00000000   Number         0  stubs.o ABSOLUTE
    _printf_return_value                     0x00000000   Number         0  stubs.o ABSOLUTE
    _printf_s                                0x00000000   Number         0  stubs.o ABSOLUTE
    _printf_sizespec                         0x00000000   Number         0  stubs.o ABSOLUTE
    _printf_str                              0x00000000   Number         0  stubs.o ABSOLUTE
    _printf_truncate_signed                  0x00000000   Number         0  stubs.o ABSOLUTE
    _printf_truncate_unsigned                0x00000000   Number         0  stubs.o ABSOLUTE
    _printf_u                                0x00000000   Number         0  stubs.o ABSOLUTE
    _printf_wc                               0x00000000   Number         0  stubs.o ABSOLUTE
    _printf_wctomb                           0x00000000   Number         0  stubs.o ABSOLUTE
    _printf_widthprec                        0x00000000   Number         0  stubs.o ABSOLUTE
    _printf_x                                0x00000000   Number         0  stubs.o ABSOLUTE
    __cpp_initialize__aeabi_                  - Undefined Weak Reference
    __cxa_finalize                            - Undefined Weak Reference
    __decompress                              - Undefined Weak Reference
    _clock_init                               - Undefined Weak Reference
    _microlib_exit                            - Undefined Weak Reference
    __Vectors_Size                           0x000000ec   Number         0  startup_stm32f103xb.o ABSOLUTE
    __Vectors                                0x08000000   Data           4  startup_stm32f103xb.o(RESET)
    __Vectors_End                            0x080000ec   Data           0  startup_stm32f103xb.o(RESET)
    __main                                   0x080000ed   Thumb Code     0  entry.o(.ARM.Collect$$$$00000000)
    _main_stk                                0x080000ed   Thumb Code     0  entry2.o(.ARM.Collect$$$$00000001)
    _main_scatterload                        0x080000f1   Thumb Code     0  entry5.o(.ARM.Collect$$$$00000004)
    __main_after_scatterload                 0x080000f5   Thumb Code     0  entry5.o(.ARM.Collect$$$$00000004)
    _main_clock                              0x080000f5   Thumb Code     0  entry7b.o(.ARM.Collect$$$$00000008)
    _main_cpp_init                           0x080000f5   Thumb Code     0  entry8b.o(.ARM.Collect$$$$0000000A)
    _main_init                               0x080000f5   Thumb Code     0  entry9a.o(.ARM.Collect$$$$0000000B)
    __rt_final_cpp                           0x080000fd   Thumb Code     0  entry10a.o(.ARM.Collect$$$$0000000D)
    __rt_final_exit                          0x080000fd   Thumb Code     0  entry11a.o(.ARM.Collect$$$$0000000F)
    Reset_Handler                            0x08000101   Thumb Code     8  startup_stm32f103xb.o(.text)
    ADC1_2_IRQHandler                        0x0800011b   Thumb Code     0  startup_stm32f103xb.o(.text)
    CAN1_RX1_IRQHandler                      0x0800011b   Thumb Code     0  startup_stm32f103xb.o(.text)
    CAN1_SCE_IRQHandler                      0x0800011b   Thumb Code     0  startup_stm32f103xb.o(.text)
    DMA1_Channel1_IRQHandler                 0x0800011b   Thumb Code     0  startup_stm32f103xb.o(.text)
    DMA1_Channel2_IRQHandler                 0x0800011b   Thumb Code     0  startup_stm32f103xb.o(.text)
    DMA1_Channel4_IRQHandler                 0x0800011b   Thumb Code     0  startup_stm32f103xb.o(.text)
    DMA1_Channel5_IRQHandler                 0x0800011b   Thumb Code     0  startup_stm32f103xb.o(.text)
    DMA1_Channel6_IRQHandler                 0x0800011b   Thumb Code     0  startup_stm32f103xb.o(.text)
    DMA1_Channel7_IRQHandler                 0x0800011b   Thumb Code     0  startup_stm32f103xb.o(.text)
    EXTI0_IRQHandler                         0x0800011b   Thumb Code     0  startup_stm32f103xb.o(.text)
    EXTI1_IRQHandler                         0x0800011b   Thumb Code     0  startup_stm32f103xb.o(.text)
    EXTI2_IRQHandler                         0x0800011b   Thumb Code     0  startup_stm32f103xb.o(.text)
    EXTI3_IRQHandler                         0x0800011b   Thumb Code     0  startup_stm32f103xb.o(.text)
    EXTI4_IRQHandler                         0x0800011b   Thumb Code     0  startup_stm32f103xb.o(.text)
    EXTI9_5_IRQHandler                       0x0800011b   Thumb Code     0  startup_stm32f103xb.o(.text)
    FLASH_IRQHandler                         0x0800011b   Thumb Code     0  startup_stm32f103xb.o(.text)
    I2C1_ER_IRQHandler                       0x0800011b   Thumb Code     0  startup_stm32f103xb.o(.text)
    I2C1_EV_IRQHandler                       0x0800011b   Thumb Code     0  startup_stm32f103xb.o(.text)
    I2C2_ER_IRQHandler                       0x0800011b   Thumb Code     0  startup_stm32f103xb.o(.text)
    I2C2_EV_IRQHandler                       0x0800011b   Thumb Code     0  startup_stm32f103xb.o(.text)
    PVD_IRQHandler                           0x0800011b   Thumb Code     0  startup_stm32f103xb.o(.text)
    RCC_IRQHandler                           0x0800011b   Thumb Code     0  startup_stm32f103xb.o(.text)
    RTC_Alarm_IRQHandler                     0x0800011b   Thumb Code     0  startup_stm32f103xb.o(.text)
    RTC_IRQHandler                           0x0800011b   Thumb Code     0  startup_stm32f103xb.o(.text)
    SPI1_IRQHandler                          0x0800011b   Thumb Code     0  startup_stm32f103xb.o(.text)
    SPI2_IRQHandler                          0x0800011b   Thumb Code     0  startup_stm32f103xb.o(.text)
    TAMPER_IRQHandler                        0x0800011b   Thumb Code     0  startup_stm32f103xb.o(.text)
    TIM1_BRK_IRQHandler                      0x0800011b   Thumb Code     0  startup_stm32f103xb.o(.text)
    TIM1_CC_IRQHandler                       0x0800011b   Thumb Code     0  startup_stm32f103xb.o(.text)
    TIM1_TRG_COM_IRQHandler                  0x0800011b   Thumb Code     0  startup_stm32f103xb.o(.text)
    TIM1_UP_IRQHandler                       0x0800011b   Thumb Code     0  startup_stm32f103xb.o(.text)
    TIM2_IRQHandler                          0x0800011b   Thumb Code     0  startup_stm32f103xb.o(.text)
    TIM3_IRQHandler                          0x0800011b   Thumb Code     0  startup_stm32f103xb.o(.text)
    TIM4_IRQHandler                          0x0800011b   Thumb Code     0  startup_stm32f103xb.o(.text)
    USART1_IRQHandler                        0x0800011b   Thumb Code     0  startup_stm32f103xb.o(.text)
    USART2_IRQHandler                        0x0800011b   Thumb Code     0  startup_stm32f103xb.o(.text)
    USBWakeUp_IRQHandler                     0x0800011b   Thumb Code     0  startup_stm32f103xb.o(.text)
    USB_HP_CAN1_TX_IRQHandler                0x0800011b   Thumb Code     0  startup_stm32f103xb.o(.text)
    USB_LP_CAN1_RX0_IRQHandler               0x0800011b   Thumb Code     0  startup_stm32f103xb.o(.text)
    WWDG_IRQHandler                          0x0800011b   Thumb Code     0  startup_stm32f103xb.o(.text)
    __aeabi_llsr                             0x08000125   Thumb Code    32  llushr.o(.text)
    _ll_ushift_r                             0x08000125   Thumb Code     0  llushr.o(.text)
    __aeabi_memset                           0x08000145   Thumb Code    14  memseta.o(.text)
    __aeabi_memset4                          0x08000145   Thumb Code     0  memseta.o(.text)
    __aeabi_memset8                          0x08000145   Thumb Code     0  memseta.o(.text)
    __aeabi_memclr                           0x08000153   Thumb Code     4  memseta.o(.text)
    __aeabi_memclr4                          0x08000153   Thumb Code     0  memseta.o(.text)
    __aeabi_memclr8                          0x08000153   Thumb Code     0  memseta.o(.text)
    _memset$wrapper                          0x08000157   Thumb Code    18  memseta.o(.text)
    memcmp                                   0x08000169   Thumb Code    26  memcmp.o(.text)
    __aeabi_dmul                             0x08000183   Thumb Code   228  dmul.o(.text)
    __aeabi_ddiv                             0x08000267   Thumb Code   222  ddiv.o(.text)
    __ARM_scalbn                             0x08000345   Thumb Code    46  dscalb.o(.text)
    scalbn                                   0x08000345   Thumb Code     0  dscalb.o(.text)
    __aeabi_i2d                              0x08000373   Thumb Code    34  dflti.o(.text)
    __aeabi_ui2d                             0x08000395   Thumb Code    26  dfltui.o(.text)
    __aeabi_d2iz                             0x080003af   Thumb Code    62  dfixi.o(.text)
    __aeabi_f2d                              0x080003ed   Thumb Code    38  f2d.o(.text)
    __aeabi_d2f                              0x08000413   Thumb Code    56  d2f.o(.text)
    __aeabi_uidiv                            0x0800044b   Thumb Code     0  uidiv.o(.text)
    __aeabi_uidivmod                         0x0800044b   Thumb Code    44  uidiv.o(.text)
    __aeabi_uldivmod                         0x08000477   Thumb Code    98  uldiv.o(.text)
    __I$use$fp                               0x080004d9   Thumb Code     0  iusefp.o(.text)
    _float_round                             0x080004d9   Thumb Code    18  fepilogue.o(.text)
    _float_epilogue                          0x080004eb   Thumb Code    92  fepilogue.o(.text)
    _double_round                            0x08000547   Thumb Code    30  depilogue.o(.text)
    _double_epilogue                         0x08000565   Thumb Code   156  depilogue.o(.text)
    __aeabi_dadd                             0x08000601   Thumb Code   322  dadd.o(.text)
    __aeabi_dsub                             0x08000743   Thumb Code     6  dadd.o(.text)
    __aeabi_drsub                            0x08000749   Thumb Code     6  dadd.o(.text)
    __aeabi_d2ulz                            0x0800074f   Thumb Code    48  dfixul.o(.text)
    __aeabi_cdrcmple                         0x08000781   Thumb Code    48  cdrcmple.o(.text)
    __scatterload                            0x080007b1   Thumb Code    28  init.o(.text)
    __scatterload_rt2                        0x080007b1   Thumb Code     0  init.o(.text)
    __aeabi_llsl                             0x080007d5   Thumb Code    30  llshl.o(.text)
    _ll_shift_l                              0x080007d5   Thumb Code     0  llshl.o(.text)
    __aeabi_lasr                             0x080007f3   Thumb Code    36  llsshr.o(.text)
    _ll_sshift_r                             0x080007f3   Thumb Code     0  llsshr.o(.text)
    ADC_ConversionStop_Disable               0x08000819   Thumb Code    86  stm32f1xx_hal_adc.o(i.ADC_ConversionStop_Disable)
    ADC_Enable                               0x08000871   Thumb Code   114  stm32f1xx_hal_adc.o(i.ADC_Enable)
    BusFault_Handler                         0x080008ed   Thumb Code     2  stm32f1xx_it.o(i.BusFault_Handler)
    Coarse_delay_us                          0x080008f1   Thumb Code    22  dht11.o(i.Coarse_delay_us)
    DHT11                                    0x0800090d   Thumb Code    18  dht11.o(i.DHT11)
    DHT11_Check                              0x08000921   Thumb Code    28  dht11.o(i.DHT11_Check)
    DHT11_READ_BIT                           0x08000971   Thumb Code    54  dht11.o(i.DHT11_READ_BIT)
    DHT11_READ_BYTE                          0x080009ad   Thumb Code    32  dht11.o(i.DHT11_READ_BYTE)
    DHT11_READ_DATA                          0x080009cd   Thumb Code   222  dht11.o(i.DHT11_READ_DATA)
    DHT11_START                              0x08000ac9   Thumb Code    36  dht11.o(i.DHT11_START)
    DMA1_Channel3_IRQHandler                 0x08000af1   Thumb Code     6  stm32f1xx_it.o(i.DMA1_Channel3_IRQHandler)
    DebugMon_Handler                         0x08000b27   Thumb Code     2  stm32f1xx_it.o(i.DebugMon_Handler)
    EXTI15_10_IRQHandler                     0x08000b29   Thumb Code    30  stm32f1xx_it.o(i.EXTI15_10_IRQHandler)
    Error_Handler                            0x08000b47   Thumb Code     4  main.o(i.Error_Handler)
    HAL_ADC_ConfigChannel                    0x08000b4d   Thumb Code   240  stm32f1xx_hal_adc.o(i.HAL_ADC_ConfigChannel)
    HAL_ADC_GetValue                         0x08000c49   Thumb Code     6  stm32f1xx_hal_adc.o(i.HAL_ADC_GetValue)
    HAL_ADC_Init                             0x08000c51   Thumb Code   272  stm32f1xx_hal_adc.o(i.HAL_ADC_Init)
    HAL_ADC_MspInit                          0x08000d6d   Thumb Code   118  adc.o(i.HAL_ADC_MspInit)
    HAL_ADC_PollForConversion                0x08000df5   Thumb Code   304  stm32f1xx_hal_adc.o(i.HAL_ADC_PollForConversion)
    HAL_ADC_Start                            0x08000f31   Thumb Code   184  stm32f1xx_hal_adc.o(i.HAL_ADC_Start)
    HAL_DMA_Abort                            0x08000ff1   Thumb Code    70  stm32f1xx_hal_dma.o(i.HAL_DMA_Abort)
    HAL_DMA_Abort_IT                         0x08001039   Thumb Code   148  stm32f1xx_hal_dma.o(i.HAL_DMA_Abort_IT)
    HAL_DMA_IRQHandler                       0x080010d1   Thumb Code   316  stm32f1xx_hal_dma.o(i.HAL_DMA_IRQHandler)
    HAL_DMA_Init                             0x08001225   Thumb Code    84  stm32f1xx_hal_dma.o(i.HAL_DMA_Init)
    HAL_DMA_Start_IT                         0x08001281   Thumb Code   112  stm32f1xx_hal_dma.o(i.HAL_DMA_Start_IT)
    HAL_Delay                                0x080012f1   Thumb Code    32  stm32f1xx_hal.o(i.HAL_Delay)
    HAL_GPIO_EXTI_Callback                   0x08001315   Thumb Code    34  gpio.o(i.HAL_GPIO_EXTI_Callback)
    HAL_GPIO_EXTI_IRQHandler                 0x0800133d   Thumb Code    18  stm32f1xx_hal_gpio.o(i.HAL_GPIO_EXTI_IRQHandler)
    HAL_GPIO_Init                            0x08001355   Thumb Code   446  stm32f1xx_hal_gpio.o(i.HAL_GPIO_Init)
    HAL_GPIO_ReadPin                         0x08001535   Thumb Code    10  stm32f1xx_hal_gpio.o(i.HAL_GPIO_ReadPin)
    HAL_GPIO_WritePin                        0x0800153f   Thumb Code    10  stm32f1xx_hal_gpio.o(i.HAL_GPIO_WritePin)
    HAL_GetTick                              0x08001549   Thumb Code     6  stm32f1xx_hal.o(i.HAL_GetTick)
    HAL_IncTick                              0x08001555   Thumb Code    12  stm32f1xx_hal.o(i.HAL_IncTick)
    HAL_Init                                 0x08001565   Thumb Code    32  stm32f1xx_hal.o(i.HAL_Init)
    HAL_InitTick                             0x08001589   Thumb Code    54  stm32f1xx_hal.o(i.HAL_InitTick)
    HAL_MspInit                              0x080015c9   Thumb Code    52  stm32f1xx_hal_msp.o(i.HAL_MspInit)
    HAL_NVIC_EnableIRQ                       0x08001605   Thumb Code    26  stm32f1xx_hal_cortex.o(i.HAL_NVIC_EnableIRQ)
    HAL_NVIC_SetPriority                     0x08001621   Thumb Code    60  stm32f1xx_hal_cortex.o(i.HAL_NVIC_SetPriority)
    HAL_NVIC_SetPriorityGrouping             0x08001661   Thumb Code    26  stm32f1xx_hal_cortex.o(i.HAL_NVIC_SetPriorityGrouping)
    HAL_RCCEx_GetPeriphCLKFreq               0x08001685   Thumb Code   148  stm32f1xx_hal_rcc_ex.o(i.HAL_RCCEx_GetPeriphCLKFreq)
    HAL_RCCEx_PeriphCLKConfig                0x08001729   Thumb Code   224  stm32f1xx_hal_rcc_ex.o(i.HAL_RCCEx_PeriphCLKConfig)
    HAL_RCC_ClockConfig                      0x08001815   Thumb Code   280  stm32f1xx_hal_rcc.o(i.HAL_RCC_ClockConfig)
    HAL_RCC_GetHCLKFreq                      0x08001941   Thumb Code     6  stm32f1xx_hal_rcc.o(i.HAL_RCC_GetHCLKFreq)
    HAL_RCC_GetPCLK1Freq                     0x0800194d   Thumb Code    20  stm32f1xx_hal_rcc.o(i.HAL_RCC_GetPCLK1Freq)
    HAL_RCC_GetPCLK2Freq                     0x0800196d   Thumb Code    20  stm32f1xx_hal_rcc.o(i.HAL_RCC_GetPCLK2Freq)
    HAL_RCC_GetSysClockFreq                  0x0800198d   Thumb Code    58  stm32f1xx_hal_rcc.o(i.HAL_RCC_GetSysClockFreq)
    HAL_RCC_OscConfig                        0x080019d9   Thumb Code   778  stm32f1xx_hal_rcc.o(i.HAL_RCC_OscConfig)
    HAL_SYSTICK_Config                       0x08001cf9   Thumb Code    40  stm32f1xx_hal_cortex.o(i.HAL_SYSTICK_Config)
    HAL_UARTEx_RxEventCallback               0x08001d21   Thumb Code     2  stm32f1xx_hal_uart.o(i.HAL_UARTEx_RxEventCallback)
    HAL_UART_DMAStop                         0x08001d23   Thumb Code   112  stm32f1xx_hal_uart.o(i.HAL_UART_DMAStop)
    HAL_UART_ErrorCallback                   0x08001d93   Thumb Code     2  stm32f1xx_hal_uart.o(i.HAL_UART_ErrorCallback)
    HAL_UART_IRQHandler                      0x08001d95   Thumb Code   616  stm32f1xx_hal_uart.o(i.HAL_UART_IRQHandler)
    HAL_UART_Init                            0x08002001   Thumb Code   100  stm32f1xx_hal_uart.o(i.HAL_UART_Init)
    HAL_UART_MspInit                         0x08002065   Thumb Code   226  usart.o(i.HAL_UART_MspInit)
    HAL_UART_Receive_DMA                     0x08002165   Thumb Code    28  stm32f1xx_hal_uart.o(i.HAL_UART_Receive_DMA)
    HAL_UART_RxCpltCallback                  0x08002181   Thumb Code     2  stm32f1xx_hal_uart.o(i.HAL_UART_RxCpltCallback)
    HAL_UART_RxHalfCpltCallback              0x08002183   Thumb Code     2  stm32f1xx_hal_uart.o(i.HAL_UART_RxHalfCpltCallback)
    HAL_UART_Transmit                        0x08002185   Thumb Code   160  stm32f1xx_hal_uart.o(i.HAL_UART_Transmit)
    HAL_UART_TxCpltCallback                  0x08002225   Thumb Code     2  stm32f1xx_hal_uart.o(i.HAL_UART_TxCpltCallback)
    HardFault_Handler                        0x08002227   Thumb Code     2  stm32f1xx_it.o(i.HardFault_Handler)
    LCD_CLR                                  0x08002229   Thumb Code     6  lcd_1602.o(i.LCD_CLR)
    LCD_INIT                                 0x0800222f   Thumb Code    30  lcd_1602.o(i.LCD_INIT)
    LCD_WRITE_CMD                            0x0800224d   Thumb Code    98  lcd_1602.o(i.LCD_WRITE_CMD)
    LCD_WRITE_DATA                           0x080022b9   Thumb Code    96  lcd_1602.o(i.LCD_WRITE_DATA)
    MX_ADC1_Init                             0x08002321   Thumb Code    70  adc.o(i.MX_ADC1_Init)
    MX_ADC2_Init                             0x08002371   Thumb Code    70  adc.o(i.MX_ADC2_Init)
    MX_DMA_Init                              0x080023c1   Thumb Code    40  dma.o(i.MX_DMA_Init)
    MX_GPIO_Init                             0x080023ed   Thumb Code   318  gpio.o(i.MX_GPIO_Init)
    MX_USART1_UART_Init                      0x08002541   Thumb Code    48  usart.o(i.MX_USART1_UART_Init)
    MX_USART3_UART_Init                      0x08002579   Thumb Code    68  usart.o(i.MX_USART3_UART_Init)
    MemManage_Handler                        0x080025c9   Thumb Code     2  stm32f1xx_it.o(i.MemManage_Handler)
    NMI_Handler                              0x080025cb   Thumb Code     2  stm32f1xx_it.o(i.NMI_Handler)
    PendSV_Handler                           0x080025cd   Thumb Code     2  stm32f1xx_it.o(i.PendSV_Handler)
    SVC_Handler                              0x080025cf   Thumb Code     2  stm32f1xx_it.o(i.SVC_Handler)
    SysTick_Handler                          0x080025d1   Thumb Code     4  stm32f1xx_it.o(i.SysTick_Handler)
    SystemClock_Config                       0x080025d5   Thumb Code   120  main.o(i.SystemClock_Config)
    SystemInit                               0x0800264d   Thumb Code     2  system_stm32f1xx.o(i.SystemInit)
    UART_Start_Receive_DMA                   0x08002931   Thumb Code   130  stm32f1xx_hal_uart.o(i.UART_Start_Receive_DMA)
    USART3_IRQHandler                        0x08002a35   Thumb Code    56  stm32f1xx_it.o(i.USART3_IRQHandler)
    UsageFault_Handler                       0x08002a7d   Thumb Code     2  stm32f1xx_it.o(i.UsageFault_Handler)
    __0printf                                0x08002a81   Thumb Code    22  printfa.o(i.__0printf)
    __1printf                                0x08002a81   Thumb Code     0  printfa.o(i.__0printf)
    __2printf                                0x08002a81   Thumb Code     0  printfa.o(i.__0printf)
    __c89printf                              0x08002a81   Thumb Code     0  printfa.o(i.__0printf)
    printf                                   0x08002a81   Thumb Code     0  printfa.o(i.__0printf)
    __0sprintf                               0x08002aa1   Thumb Code    34  printfa.o(i.__0sprintf)
    __1sprintf                               0x08002aa1   Thumb Code     0  printfa.o(i.__0sprintf)
    __2sprintf                               0x08002aa1   Thumb Code     0  printfa.o(i.__0sprintf)
    __c89sprintf                             0x08002aa1   Thumb Code     0  printfa.o(i.__0sprintf)
    sprintf                                  0x08002aa1   Thumb Code     0  printfa.o(i.__0sprintf)
    __scatterload_copy                       0x08002ae9   Thumb Code    14  handlers.o(i.__scatterload_copy)
    __scatterload_null                       0x08002af7   Thumb Code     2  handlers.o(i.__scatterload_null)
    __scatterload_zeroinit                   0x08002af9   Thumb Code    14  handlers.o(i.__scatterload_zeroinit)
    fputc                                    0x080033c5   Thumb Code    20  usart.o(i.fputc)
    handle_esp8266                           0x080033dd   Thumb Code    92  esp8266.o(i.handle_esp8266)
    lay_control                              0x08003465   Thumb Code    10  dht11.o(i.lay_control)
    lcd1602_show_string                      0x08003475   Thumb Code   108  lcd_1602.o(i.lcd1602_show_string)
    main                                     0x080034e1   Thumb Code   336  main.o(i.main)
    motor_angle_cal                          0x08003651   Thumb Code    32  motor.o(i.motor_angle_cal)
    motor_controld                           0x08003679   Thumb Code   198  motor.o(i.motor_controld)
    send_wifi                                0x08003745   Thumb Code    84  esp8266.o(i.send_wifi)
    start_esp8266                            0x080037b9   Thumb Code   176  esp8266.o(i.start_esp8266)
    ui_setting                               0x080038b9   Thumb Code   108  lcd_1602.o(i.ui_setting)
    AHBPrescTable                            0x08003964   Data          16  system_stm32f1xx.o(.constdata)
    APBPrescTable                            0x08003974   Data           8  system_stm32f1xx.o(.constdata)
    Region$$Table$$Base                      0x0800397c   Number         0  anon$$obj.o(Region$$Table)
    Region$$Table$$Limit                     0x0800399c   Number         0  anon$$obj.o(Region$$Table)
    botton                                   0x20000000   Data           1  gpio.o(.data)
    rx3_count                                0x20000001   Data           1  usart.o(.data)
    rx3_end_flag                             0x20000002   Data           1  usart.o(.data)
    uwTickFreq                               0x20000004   Data           1  stm32f1xx_hal.o(.data)
    uwTickPrio                               0x20000008   Data           4  stm32f1xx_hal.o(.data)
    uwTick                                   0x2000000c   Data           4  stm32f1xx_hal.o(.data)
    SystemCoreClock                          0x20000010   Data           4  system_stm32f1xx.o(.data)
    time_set                                 0x20000014   Data           4  lcd_1602.o(.data)
    direction                                0x20000018   Data           4  motor.o(.data)
    Motor_Pulse                              0x2000001c   Data           2  motor.o(.data)
    device_connect                           0x2000001e   Data           1  esp8266.o(.data)
    __stdout                                 0x20000020   Data           4  stdout.o(.data)
    hadc1                                    0x20000024   Data          48  adc.o(.bss)
    hadc2                                    0x20000054   Data          48  adc.o(.bss)
    uart3_rx                                 0x20000084   Data       10000  usart.o(.bss)
    huart1                                   0x20002794   Data          72  usart.o(.bss)
    huart3                                   0x200027dc   Data          72  usart.o(.bss)
    hdma_usart3_rx                           0x20002824   Data          68  usart.o(.bss)
    __initial_sp                             0x20002c68   Data           0  startup_stm32f103xb.o(STACK)



==============================================================================

Memory Map of the image

  Image Entry point : 0x080000ed

  Load Region LR_IROM1 (Base: 0x08000000, Size: 0x000039c0, Max: 0x00010000, ABSOLUTE)

    Execution Region ER_IROM1 (Exec base: 0x08000000, Load base: 0x08000000, Size: 0x0000399c, Max: 0x00010000, ABSOLUTE)

    Exec Addr    Load Addr    Size         Type   Attr      Idx    E Section Name        Object

    0x08000000   0x08000000   0x000000ec   Data   RO            3    RESET               startup_stm32f103xb.o
    0x080000ec   0x080000ec   0x00000000   Code   RO         2412  * .ARM.Collect$$$$00000000  mc_w.l(entry.o)
    0x080000ec   0x080000ec   0x00000004   Code   RO         2698    .ARM.Collect$$$$00000001  mc_w.l(entry2.o)
    0x080000f0   0x080000f0   0x00000004   Code   RO         2701    .ARM.Collect$$$$00000004  mc_w.l(entry5.o)
    0x080000f4   0x080000f4   0x00000000   Code   RO         2703    .ARM.Collect$$$$00000008  mc_w.l(entry7b.o)
    0x080000f4   0x080000f4   0x00000000   Code   RO         2705    .ARM.Collect$$$$0000000A  mc_w.l(entry8b.o)
    0x080000f4   0x080000f4   0x00000008   Code   RO         2706    .ARM.Collect$$$$0000000B  mc_w.l(entry9a.o)
    0x080000fc   0x080000fc   0x00000000   Code   RO         2708    .ARM.Collect$$$$0000000D  mc_w.l(entry10a.o)
    0x080000fc   0x080000fc   0x00000000   Code   RO         2710    .ARM.Collect$$$$0000000F  mc_w.l(entry11a.o)
    0x080000fc   0x080000fc   0x00000004   Code   RO         2699    .ARM.Collect$$$$00002712  mc_w.l(entry2.o)
    0x08000100   0x08000100   0x00000024   Code   RO            4    .text               startup_stm32f103xb.o
    0x08000124   0x08000124   0x00000020   Code   RO         2415    .text               mc_w.l(llushr.o)
    0x08000144   0x08000144   0x00000024   Code   RO         2417    .text               mc_w.l(memseta.o)
    0x08000168   0x08000168   0x0000001a   Code   RO         2419    .text               mc_w.l(memcmp.o)
    0x08000182   0x08000182   0x000000e4   Code   RO         2682    .text               mf_w.l(dmul.o)
    0x08000266   0x08000266   0x000000de   Code   RO         2684    .text               mf_w.l(ddiv.o)
    0x08000344   0x08000344   0x0000002e   Code   RO         2686    .text               mf_w.l(dscalb.o)
    0x08000372   0x08000372   0x00000022   Code   RO         2688    .text               mf_w.l(dflti.o)
    0x08000394   0x08000394   0x0000001a   Code   RO         2690    .text               mf_w.l(dfltui.o)
    0x080003ae   0x080003ae   0x0000003e   Code   RO         2692    .text               mf_w.l(dfixi.o)
    0x080003ec   0x080003ec   0x00000026   Code   RO         2694    .text               mf_w.l(f2d.o)
    0x08000412   0x08000412   0x00000038   Code   RO         2696    .text               mf_w.l(d2f.o)
    0x0800044a   0x0800044a   0x0000002c   Code   RO         2713    .text               mc_w.l(uidiv.o)
    0x08000476   0x08000476   0x00000062   Code   RO         2715    .text               mc_w.l(uldiv.o)
    0x080004d8   0x080004d8   0x00000000   Code   RO         2717    .text               mc_w.l(iusefp.o)
    0x080004d8   0x080004d8   0x0000006e   Code   RO         2718    .text               mf_w.l(fepilogue.o)
    0x08000546   0x08000546   0x000000ba   Code   RO         2720    .text               mf_w.l(depilogue.o)
    0x08000600   0x08000600   0x0000014e   Code   RO         2722    .text               mf_w.l(dadd.o)
    0x0800074e   0x0800074e   0x00000030   Code   RO         2724    .text               mf_w.l(dfixul.o)
    0x0800077e   0x0800077e   0x00000002   PAD
    0x08000780   0x08000780   0x00000030   Code   RO         2726    .text               mf_w.l(cdrcmple.o)
    0x080007b0   0x080007b0   0x00000024   Code   RO         2728    .text               mc_w.l(init.o)
    0x080007d4   0x080007d4   0x0000001e   Code   RO         2730    .text               mc_w.l(llshl.o)
    0x080007f2   0x080007f2   0x00000024   Code   RO         2732    .text               mc_w.l(llsshr.o)
    0x08000816   0x08000816   0x00000002   PAD
    0x08000818   0x08000818   0x00000056   Code   RO          495    i.ADC_ConversionStop_Disable  stm32f1xx_hal_adc.o
    0x0800086e   0x0800086e   0x00000002   PAD
    0x08000870   0x08000870   0x0000007c   Code   RO          499    i.ADC_Enable        stm32f1xx_hal_adc.o
    0x080008ec   0x080008ec   0x00000002   Code   RO          341    i.BusFault_Handler  stm32f1xx_it.o
    0x080008ee   0x080008ee   0x00000002   PAD
    0x080008f0   0x080008f0   0x0000001c   Code   RO         2255    i.Coarse_delay_us   dht11.o
    0x0800090c   0x0800090c   0x00000012   Code   RO         2256    i.DHT11             dht11.o
    0x0800091e   0x0800091e   0x00000002   PAD
    0x08000920   0x08000920   0x00000020   Code   RO         2257    i.DHT11_Check       dht11.o
    0x08000940   0x08000940   0x00000030   Code   RO         2258    i.DHT11_GPIO_MODE_SET  dht11.o
    0x08000970   0x08000970   0x0000003c   Code   RO         2259    i.DHT11_READ_BIT    dht11.o
    0x080009ac   0x080009ac   0x00000020   Code   RO         2260    i.DHT11_READ_BYTE   dht11.o
    0x080009cc   0x080009cc   0x000000fc   Code   RO         2261    i.DHT11_READ_DATA   dht11.o
    0x08000ac8   0x08000ac8   0x00000028   Code   RO         2262    i.DHT11_START       dht11.o
    0x08000af0   0x08000af0   0x0000000c   Code   RO          342    i.DMA1_Channel3_IRQHandler  stm32f1xx_it.o
    0x08000afc   0x08000afc   0x0000002a   Code   RO         1151    i.DMA_SetConfig     stm32f1xx_hal_dma.o
    0x08000b26   0x08000b26   0x00000002   Code   RO          343    i.DebugMon_Handler  stm32f1xx_it.o
    0x08000b28   0x08000b28   0x0000001e   Code   RO          344    i.EXTI15_10_IRQHandler  stm32f1xx_it.o
    0x08000b46   0x08000b46   0x00000004   Code   RO           13    i.Error_Handler     main.o
    0x08000b4a   0x08000b4a   0x00000002   PAD
    0x08000b4c   0x08000b4c   0x000000fc   Code   RO          501    i.HAL_ADC_ConfigChannel  stm32f1xx_hal_adc.o
    0x08000c48   0x08000c48   0x00000006   Code   RO          508    i.HAL_ADC_GetValue  stm32f1xx_hal_adc.o
    0x08000c4e   0x08000c4e   0x00000002   PAD
    0x08000c50   0x08000c50   0x0000011c   Code   RO          510    i.HAL_ADC_Init      stm32f1xx_hal_adc.o
    0x08000d6c   0x08000d6c   0x00000088   Code   RO          214    i.HAL_ADC_MspInit   adc.o
    0x08000df4   0x08000df4   0x0000013c   Code   RO          514    i.HAL_ADC_PollForConversion  stm32f1xx_hal_adc.o
    0x08000f30   0x08000f30   0x000000c0   Code   RO          516    i.HAL_ADC_Start     stm32f1xx_hal_adc.o
    0x08000ff0   0x08000ff0   0x00000046   Code   RO         1152    i.HAL_DMA_Abort     stm32f1xx_hal_dma.o
    0x08001036   0x08001036   0x00000002   PAD
    0x08001038   0x08001038   0x00000098   Code   RO         1153    i.HAL_DMA_Abort_IT  stm32f1xx_hal_dma.o
    0x080010d0   0x080010d0   0x00000154   Code   RO         1157    i.HAL_DMA_IRQHandler  stm32f1xx_hal_dma.o
    0x08001224   0x08001224   0x0000005c   Code   RO         1158    i.HAL_DMA_Init      stm32f1xx_hal_dma.o
    0x08001280   0x08001280   0x00000070   Code   RO         1162    i.HAL_DMA_Start_IT  stm32f1xx_hal_dma.o
    0x080012f0   0x080012f0   0x00000024   Code   RO          778    i.HAL_Delay         stm32f1xx_hal.o
    0x08001314   0x08001314   0x00000028   Code   RO          177    i.HAL_GPIO_EXTI_Callback  gpio.o
    0x0800133c   0x0800133c   0x00000018   Code   RO         1087    i.HAL_GPIO_EXTI_IRQHandler  stm32f1xx_hal_gpio.o
    0x08001354   0x08001354   0x000001e0   Code   RO         1088    i.HAL_GPIO_Init     stm32f1xx_hal_gpio.o
    0x08001534   0x08001534   0x0000000a   Code   RO         1090    i.HAL_GPIO_ReadPin  stm32f1xx_hal_gpio.o
    0x0800153e   0x0800153e   0x0000000a   Code   RO         1092    i.HAL_GPIO_WritePin  stm32f1xx_hal_gpio.o
    0x08001548   0x08001548   0x0000000c   Code   RO          782    i.HAL_GetTick       stm32f1xx_hal.o
    0x08001554   0x08001554   0x00000010   Code   RO          788    i.HAL_IncTick       stm32f1xx_hal.o
    0x08001564   0x08001564   0x00000024   Code   RO          789    i.HAL_Init          stm32f1xx_hal.o
    0x08001588   0x08001588   0x00000040   Code   RO          790    i.HAL_InitTick      stm32f1xx_hal.o
    0x080015c8   0x080015c8   0x0000003c   Code   RO          435    i.HAL_MspInit       stm32f1xx_hal_msp.o
    0x08001604   0x08001604   0x0000001a   Code   RO         1248    i.HAL_NVIC_EnableIRQ  stm32f1xx_hal_cortex.o
    0x0800161e   0x0800161e   0x00000002   PAD
    0x08001620   0x08001620   0x00000040   Code   RO         1254    i.HAL_NVIC_SetPriority  stm32f1xx_hal_cortex.o
    0x08001660   0x08001660   0x00000024   Code   RO         1255    i.HAL_NVIC_SetPriorityGrouping  stm32f1xx_hal_cortex.o
    0x08001684   0x08001684   0x000000a4   Code   RO         1049    i.HAL_RCCEx_GetPeriphCLKFreq  stm32f1xx_hal_rcc_ex.o
    0x08001728   0x08001728   0x000000ec   Code   RO         1050    i.HAL_RCCEx_PeriphCLKConfig  stm32f1xx_hal_rcc_ex.o
    0x08001814   0x08001814   0x0000012c   Code   RO          946    i.HAL_RCC_ClockConfig  stm32f1xx_hal_rcc.o
    0x08001940   0x08001940   0x0000000c   Code   RO          951    i.HAL_RCC_GetHCLKFreq  stm32f1xx_hal_rcc.o
    0x0800194c   0x0800194c   0x00000020   Code   RO          953    i.HAL_RCC_GetPCLK1Freq  stm32f1xx_hal_rcc.o
    0x0800196c   0x0800196c   0x00000020   Code   RO          954    i.HAL_RCC_GetPCLK2Freq  stm32f1xx_hal_rcc.o
    0x0800198c   0x0800198c   0x0000004c   Code   RO          955    i.HAL_RCC_GetSysClockFreq  stm32f1xx_hal_rcc.o
    0x080019d8   0x080019d8   0x00000320   Code   RO          958    i.HAL_RCC_OscConfig  stm32f1xx_hal_rcc.o
    0x08001cf8   0x08001cf8   0x00000028   Code   RO         1259    i.HAL_SYSTICK_Config  stm32f1xx_hal_cortex.o
    0x08001d20   0x08001d20   0x00000002   Code   RO         1796    i.HAL_UARTEx_RxEventCallback  stm32f1xx_hal_uart.o
    0x08001d22   0x08001d22   0x00000070   Code   RO         1808    i.HAL_UART_DMAStop  stm32f1xx_hal_uart.o
    0x08001d92   0x08001d92   0x00000002   Code   RO         1810    i.HAL_UART_ErrorCallback  stm32f1xx_hal_uart.o
    0x08001d94   0x08001d94   0x0000026c   Code   RO         1813    i.HAL_UART_IRQHandler  stm32f1xx_hal_uart.o
    0x08002000   0x08002000   0x00000064   Code   RO         1814    i.HAL_UART_Init     stm32f1xx_hal_uart.o
    0x08002064   0x08002064   0x00000100   Code   RO          286    i.HAL_UART_MspInit  usart.o
    0x08002164   0x08002164   0x0000001c   Code   RO         1818    i.HAL_UART_Receive_DMA  stm32f1xx_hal_uart.o
    0x08002180   0x08002180   0x00000002   Code   RO         1820    i.HAL_UART_RxCpltCallback  stm32f1xx_hal_uart.o
    0x08002182   0x08002182   0x00000002   Code   RO         1821    i.HAL_UART_RxHalfCpltCallback  stm32f1xx_hal_uart.o
    0x08002184   0x08002184   0x000000a0   Code   RO         1822    i.HAL_UART_Transmit  stm32f1xx_hal_uart.o
    0x08002224   0x08002224   0x00000002   Code   RO         1825    i.HAL_UART_TxCpltCallback  stm32f1xx_hal_uart.o
    0x08002226   0x08002226   0x00000002   Code   RO          345    i.HardFault_Handler  stm32f1xx_it.o
    0x08002228   0x08002228   0x00000006   Code   RO         2187    i.LCD_CLR           lcd_1602.o
    0x0800222e   0x0800222e   0x0000001e   Code   RO         2188    i.LCD_INIT          lcd_1602.o
    0x0800224c   0x0800224c   0x0000006c   Code   RO         2189    i.LCD_WRITE_CMD     lcd_1602.o
    0x080022b8   0x080022b8   0x00000068   Code   RO         2190    i.LCD_WRITE_DATA    lcd_1602.o
    0x08002320   0x08002320   0x00000050   Code   RO          215    i.MX_ADC1_Init      adc.o
    0x08002370   0x08002370   0x00000050   Code   RO          216    i.MX_ADC2_Init      adc.o
    0x080023c0   0x080023c0   0x0000002c   Code   RO          261    i.MX_DMA_Init       dma.o
    0x080023ec   0x080023ec   0x00000154   Code   RO          178    i.MX_GPIO_Init      gpio.o
    0x08002540   0x08002540   0x00000038   Code   RO          287    i.MX_USART1_UART_Init  usart.o
    0x08002578   0x08002578   0x00000050   Code   RO          288    i.MX_USART3_UART_Init  usart.o
    0x080025c8   0x080025c8   0x00000002   Code   RO          346    i.MemManage_Handler  stm32f1xx_it.o
    0x080025ca   0x080025ca   0x00000002   Code   RO          347    i.NMI_Handler       stm32f1xx_it.o
    0x080025cc   0x080025cc   0x00000002   Code   RO          348    i.PendSV_Handler    stm32f1xx_it.o
    0x080025ce   0x080025ce   0x00000002   Code   RO          349    i.SVC_Handler       stm32f1xx_it.o
    0x080025d0   0x080025d0   0x00000004   Code   RO          350    i.SysTick_Handler   stm32f1xx_it.o
    0x080025d4   0x080025d4   0x00000078   Code   RO           14    i.SystemClock_Config  main.o
    0x0800264c   0x0800264c   0x00000002   Code   RO         2148    i.SystemInit        system_stm32f1xx.o
    0x0800264e   0x0800264e   0x00000010   Code   RO         1827    i.UART_DMAAbortOnError  stm32f1xx_hal_uart.o
    0x0800265e   0x0800265e   0x0000004a   Code   RO         1828    i.UART_DMAError     stm32f1xx_hal_uart.o
    0x080026a8   0x080026a8   0x00000086   Code   RO         1829    i.UART_DMAReceiveCplt  stm32f1xx_hal_uart.o
    0x0800272e   0x0800272e   0x0000001e   Code   RO         1831    i.UART_DMARxHalfCplt  stm32f1xx_hal_uart.o
    0x0800274c   0x0800274c   0x0000004e   Code   RO         1837    i.UART_EndRxTransfer  stm32f1xx_hal_uart.o
    0x0800279a   0x0800279a   0x0000001c   Code   RO         1838    i.UART_EndTxTransfer  stm32f1xx_hal_uart.o
    0x080027b6   0x080027b6   0x000000c2   Code   RO         1839    i.UART_Receive_IT   stm32f1xx_hal_uart.o
    0x08002878   0x08002878   0x000000b8   Code   RO         1840    i.UART_SetConfig    stm32f1xx_hal_uart.o
    0x08002930   0x08002930   0x00000090   Code   RO         1841    i.UART_Start_Receive_DMA  stm32f1xx_hal_uart.o
    0x080029c0   0x080029c0   0x00000072   Code   RO         1843    i.UART_WaitOnFlagUntilTimeout  stm32f1xx_hal_uart.o
    0x08002a32   0x08002a32   0x00000002   PAD
    0x08002a34   0x08002a34   0x00000048   Code   RO          351    i.USART3_IRQHandler  stm32f1xx_it.o
    0x08002a7c   0x08002a7c   0x00000002   Code   RO          352    i.UsageFault_Handler  stm32f1xx_it.o
    0x08002a7e   0x08002a7e   0x00000002   PAD
    0x08002a80   0x08002a80   0x00000020   Code   RO         2654    i.__0printf         mc_w.l(printfa.o)
    0x08002aa0   0x08002aa0   0x00000028   Code   RO         2656    i.__0sprintf        mc_w.l(printfa.o)
    0x08002ac8   0x08002ac8   0x00000020   Code   RO         1261    i.__NVIC_SetPriority  stm32f1xx_hal_cortex.o
    0x08002ae8   0x08002ae8   0x0000000e   Code   RO         2736    i.__scatterload_copy  mc_w.l(handlers.o)
    0x08002af6   0x08002af6   0x00000002   Code   RO         2737    i.__scatterload_null  mc_w.l(handlers.o)
    0x08002af8   0x08002af8   0x0000000e   Code   RO         2738    i.__scatterload_zeroinit  mc_w.l(handlers.o)
    0x08002b06   0x08002b06   0x00000002   PAD
    0x08002b08   0x08002b08   0x00000184   Code   RO         2661    i._fp_digits        mc_w.l(printfa.o)
    0x08002c8c   0x08002c8c   0x000006dc   Code   RO         2662    i._printf_core      mc_w.l(printfa.o)
    0x08003368   0x08003368   0x00000024   Code   RO         2663    i._printf_post_padding  mc_w.l(printfa.o)
    0x0800338c   0x0800338c   0x0000002e   Code   RO         2664    i._printf_pre_padding  mc_w.l(printfa.o)
    0x080033ba   0x080033ba   0x0000000a   Code   RO         2666    i._sputc            mc_w.l(printfa.o)
    0x080033c4   0x080033c4   0x00000018   Code   RO          289    i.fputc             usart.o
    0x080033dc   0x080033dc   0x00000088   Code   RO         2373    i.handle_esp8266    esp8266.o
    0x08003464   0x08003464   0x00000010   Code   RO         2263    i.lay_control       dht11.o
    0x08003474   0x08003474   0x0000006c   Code   RO         2191    i.lcd1602_show_string  lcd_1602.o
    0x080034e0   0x080034e0   0x00000170   Code   RO           15    i.main              main.o
    0x08003650   0x08003650   0x00000028   Code   RO         2331    i.motor_angle_cal   motor.o
    0x08003678   0x08003678   0x000000cc   Code   RO         2332    i.motor_controld    motor.o
    0x08003744   0x08003744   0x00000074   Code   RO         2374    i.send_wifi         esp8266.o
    0x080037b8   0x080037b8   0x00000100   Code   RO         2375    i.start_esp8266     esp8266.o
    0x080038b8   0x080038b8   0x00000088   Code   RO         2192    i.ui_setting        lcd_1602.o
    0x08003940   0x08003940   0x00000012   Data   RO          959    .constdata          stm32f1xx_hal_rcc.o
    0x08003952   0x08003952   0x00000012   Data   RO         1051    .constdata          stm32f1xx_hal_rcc_ex.o
    0x08003964   0x08003964   0x00000010   Data   RO         2149    .constdata          system_stm32f1xx.o
    0x08003974   0x08003974   0x00000008   Data   RO         2150    .constdata          system_stm32f1xx.o
    0x0800397c   0x0800397c   0x00000020   Data   RO         2734    Region$$Table       anon$$obj.o


    Execution Region RW_IRAM1 (Exec base: 0x20000000, Load base: 0x0800399c, Size: 0x00002c68, Max: 0x00005000, ABSOLUTE)

    Exec Addr    Load Addr    Size         Type   Attr      Idx    E Section Name        Object

    0x20000000   0x0800399c   0x00000001   Data   RW          179    .data               gpio.o
    0x20000001   0x0800399d   0x00000001   Data   RW          291    .data               usart.o
    0x20000002   0x0800399e   0x00000001   Data   RW          292    .data               usart.o
    0x20000003   0x0800399f   0x00000001   PAD
    0x20000004   0x080039a0   0x0000000c   Data   RW          796    .data               stm32f1xx_hal.o
    0x20000010   0x080039ac   0x00000004   Data   RW         2151    .data               system_stm32f1xx.o
    0x20000014   0x080039b0   0x00000004   Data   RW         2193    .data               lcd_1602.o
    0x20000018   0x080039b4   0x00000004   Data   RW         2333    .data               motor.o
    0x2000001c   0x080039b8   0x00000002   Data   RW         2334    .data               motor.o
    0x2000001e   0x080039ba   0x00000001   Data   RW         2376    .data               esp8266.o
    0x2000001f   0x080039bb   0x00000001   PAD
    0x20000020   0x080039bc   0x00000004   Data   RW         2712    .data               mc_w.l(stdout.o)
    0x20000024        -       0x00000060   Zero   RW          217    .bss                adc.o
    0x20000084        -       0x000027e4   Zero   RW          290    .bss                usart.o
    0x20002868        -       0x00000400   Zero   RW            1    STACK               startup_stm32f103xb.o


==============================================================================

Image component sizes


      Code (inc. data)   RO Data    RW Data    ZI Data      Debug   Object Name

       296         38          0          0         96       2286   adc.o
       526         62          0          0          0       5019   dht11.o
        44          4          0          0          0        754   dma.o
       508        156          0          1          0       2398   esp8266.o
       380         28          0          1          0       2153   gpio.o
       492         46          0          4          0       4131   lcd_1602.o
       492         32          0          0          0     412248   main.o
       244         22          0          6          0       1471   motor.o
        36          8        236          0       1024        800   startup_stm32f103xb.o
       164         28          0         12          0       5889   stm32f1xx_hal.o
      1260         54          0          0          0       6520   stm32f1xx_hal_adc.o
       198         14          0          0          0      28955   stm32f1xx_hal_cortex.o
       808         36          0          0          0       4978   stm32f1xx_hal_dma.o
       524         40          0          0          0       4102   stm32f1xx_hal_gpio.o
        60          8          0          0          0        866   stm32f1xx_hal_msp.o
      1252         90         18          0          0       5560   stm32f1xx_hal_rcc.o
       400         28         18          0          0       2465   stm32f1xx_hal_rcc_ex.o
      2026         24          0          0          0      15313   stm32f1xx_hal_uart.o
       134         22          0          0          0       5793   stm32f1xx_it.o
         2          0         24          4          0       1115   system_stm32f1xx.o
       416         54          0          2      10212       3158   usart.o

    ----------------------------------------------------------------------
     10280        794        328         32      11332     515974   Object Totals
         0          0         32          0          0          0   (incl. Generated)
        18          0          0          2          0          0   (incl. Padding)

    ----------------------------------------------------------------------

      Code (inc. data)   RO Data    RW Data    ZI Data      Debug   Library Member Name

         0          0          0          0          0          0   entry.o
         0          0          0          0          0          0   entry10a.o
         0          0          0          0          0          0   entry11a.o
         8          4          0          0          0          0   entry2.o
         4          0          0          0          0          0   entry5.o
         0          0          0          0          0          0   entry7b.o
         0          0          0          0          0          0   entry8b.o
         8          4          0          0          0          0   entry9a.o
        30          0          0          0          0          0   handlers.o
        36          8          0          0          0         68   init.o
         0          0          0          0          0          0   iusefp.o
        30          0          0          0          0         68   llshl.o
        36          0          0          0          0         68   llsshr.o
        32          0          0          0          0         68   llushr.o
        26          0          0          0          0         80   memcmp.o
        36          0          0          0          0        108   memseta.o
      2308         96          0          0          0        604   printfa.o
         0          0          0          4          0          0   stdout.o
        44          0          0          0          0         80   uidiv.o
        98          0          0          0          0         92   uldiv.o
        48          0          0          0          0         68   cdrcmple.o
        56          0          0          0          0         88   d2f.o
       334          0          0          0          0        148   dadd.o
       222          0          0          0          0        100   ddiv.o
       186          0          0          0          0        176   depilogue.o
        62          0          0          0          0         80   dfixi.o
        48          0          0          0          0         68   dfixul.o
        34          0          0          0          0         76   dflti.o
        26          0          0          0          0         76   dfltui.o
       228          0          0          0          0         96   dmul.o
        46          0          0          0          0         80   dscalb.o
        38          0          0          0          0         68   f2d.o
       110          0          0          0          0        168   fepilogue.o

    ----------------------------------------------------------------------
      4140        112          0          4          0       2528   Library Totals
         6          0          0          0          0          0   (incl. Padding)

    ----------------------------------------------------------------------

      Code (inc. data)   RO Data    RW Data    ZI Data      Debug   Library Name

      2696        112          0          4          0       1236   mc_w.l
      1438          0          0          0          0       1292   mf_w.l

    ----------------------------------------------------------------------
      4140        112          0          4          0       2528   Library Totals

    ----------------------------------------------------------------------

==============================================================================


      Code (inc. data)   RO Data    RW Data    ZI Data      Debug   

     14420        906        328         36      11332     512206   Grand Totals
     14420        906        328         36      11332     512206   ELF Image Totals
     14420        906        328         36          0          0   ROM Totals

==============================================================================

    Total RO  Size (Code + RO Data)                14748 (  14.40kB)
    Total RW  Size (RW Data + ZI Data)             11368 (  11.10kB)
    Total ROM Size (Code + RO Data + RW Data)      14784 (  14.44kB)

==============================================================================

