<html>
<body>
<pre>
<h1>µVision Build Log</h1>
<h2>Tool Versions:</h2>
IDE-Version: ¦ÌVision V5.28.0.0
Copyright (C) 2019 ARM Ltd and ARM Germany GmbH. All rights reserved.
License Information: 1 Administrator, 1, LIC=2TTTG-V14B0-QIL5M-XACR5-A3NTG-R3M7D
 
Tool Versions:
Toolchain:       MDK-ARM Professional  Version: 5.28.0.0
Toolchain Path:  C:\Program Files (x86)\Keil_v5\ARM\ARMCC\Bin
C Compiler:      Armcc.exe V5.06 update 6 (build 750)
Assembler:       Armasm.exe V5.06 update 6 (build 750)
Linker/Locator:  ArmLink.exe V5.06 update 6 (build 750)
Library Manager: ArmAr.exe V5.06 update 6 (build 750)
Hex Converter:   FromElf.exe V5.06 update 6 (build 750)
CPU DLL:         SARMCM3.DLL V5.28.0.0
Dialog DLL:      DCM.DLL V1.17.3.0
Target DLL:      CMSIS_AGDI.dll V1.31.18.0
Dialog DLL:      TCM.DLL V1.36.2.0
 
<h2>Project:</h2>
C:\Users\Administrator\Desktop\test\flower_pot\MDK-ARM\flower_pot.uvprojx
Project File Date:  03/26/2025

<h2>Output:</h2>
*** Using Compiler 'V5.06 update 6 (build 750)', folder: 'C:\Program Files (x86)\Keil_v5\ARM\ARMCC\Bin'
Build target 'flower_pot'
compiling esp8266.c...
..\BSP\DHT11.h(32): warning:  #1-D: last line of file ends without a newline
  #endif
../BSP/lcd_1602.h(16): warning:  #1-D: last line of file ends without a newline
  #endif
../BSP/motor.h(28): warning:  #1-D: last line of file ends without a newline
  #endif
..\BSP\lcd_1602.h(16): warning:  #1-D: last line of file ends without a newline
  #endif
..\BSP\DHT11.h(32): warning:  #1-D: last line of file ends without a newline
  #endif
..\BSP\esp8266.h(28): warning:  #1-D: last line of file ends without a newline
  #endif
..\BSP\esp8266.c(37): warning:  #177-D: variable "wifi_rec"  was declared but never referenced
  	char *wifi_rec = "\r\n+IPD,";
..\BSP\esp8266.c(41): warning:  #177-D: variable "timeset4"  was declared but never referenced
  	char *timeset4 = "\r\n+IPD,0,5:set04";
..\BSP\esp8266.c(42): warning:  #177-D: variable "timeset5"  was declared but never referenced
  	char *timeset5 = "\r\n+IPD,0,5:set05";
..\BSP\esp8266.c(43): warning:  #177-D: variable "timeset6"  was declared but never referenced
  	char *timeset6 = "\r\n+IPD,0,5:set06";
..\BSP\esp8266.c(44): warning:  #177-D: variable "timeset7"  was declared but never referenced
  	char *timeset7 = "\r\n+IPD,0,5:set07";
..\BSP\esp8266.c(45): warning:  #177-D: variable "timeset8"  was declared but never referenced
  	char *timeset8 = "\r\n+IPD,0,5:set08";
..\BSP\esp8266.c(46): warning:  #177-D: variable "timeset9"  was declared but never referenced
  	char *timeset9 = "\r\n+IPD,0,5:set09";
..\BSP\esp8266.c(47): warning:  #177-D: variable "timeset10"  was declared but never referenced
  	char *timeset10 = "\r\n+IPD,0,5:set10";
..\BSP\esp8266.c(103): warning:  #177-D: variable "send_data1"  was declared but never referenced
  			char send_data1[50]={0};
..\BSP\esp8266.c(196): warning:  #1-D: last line of file ends without a newline
  }
..\BSP\esp8266.c(130): warning:  #177-D: variable "close_fan"  was declared but never referenced
  		char * close_fan =  "\r\n+IPD,0,3:21";
..\BSP\esp8266.c(124): warning:  #177-D: function "handle_wifi_data"  was declared but never referenced
  static  void handle_wifi_data(void)
..\BSP\esp8266.c: 18 warnings, 0 errors
linking...
Program Size: Code=16636 RO-data=328 RW-data=64 ZI-data=11408  
FromELF: creating hex file...
"flower_pot\flower_pot.axf" - 0 Error(s), 18 Warning(s).

<h2>Software Packages used:</h2>

Package Vendor: ARM
                http://www.keil.com/pack/ARM.CMSIS.5.5.1.pack
                ARM.CMSIS.5.5.1
                CMSIS (Cortex Microcontroller Software Interface Standard)
   * Component: CORE Version: 5.2.0

Package Vendor: Keil
                http://www.keil.com/pack/Keil.STM32F1xx_DFP.2.4.0.pack
                Keil.STM32F1xx_DFP.2.4.0
                STMicroelectronics STM32F1 Series Device Support, Drivers and Examples

<h2>Collection of Component include folders:</h2>
  .\RTE\_flower_pot
  C:\Users\Administrator\AppData\Local\Arm\Packs\ARM\CMSIS\5.5.1\CMSIS\Core\Include
  C:\Users\Administrator\AppData\Local\Arm\Packs\Keil\STM32F1xx_DFP\2.4.0\Device\Include

<h2>Collection of Component Files used:</h2>

   * Component: ARM::CMSIS:CORE:5.2.0
Build Time Elapsed:  00:00:03
</pre>
</body>
</html>
